13
 energy: -21.868420779914 gnorm: 0.040822239879 xtb: 6.7.1pre (5071a88)
C           -1.92593000000000        0.35958500000000       -0.31082000000000
C           -1.65447900000000       -0.87304500000000        0.23460300000000
O           -0.32705900000000       -0.99755600000000        0.49252000000000
C            0.26365500000000        0.17310800000000        0.11005500000000
C           -0.68557000000000        1.03727200000000       -0.39375500000000
C            1.72888400000000        0.25965900000000        0.29930200000000
O            2.32954500000000       -0.74419000000000       -0.50994900000000
H           -2.89793800000000        0.72226000000000       -0.61410400000000
H           -2.26250000000000       -1.73042800000000        0.48793100000000
H           -0.50234000000000        2.03137900000000       -0.77748900000000
H            2.11852800000000        1.23383600000000       -0.00873400000000
H            2.00292300000000        0.08366000000000        1.34361200000000
H            1.81228100000000       -1.55553900000000       -0.35317300000000
13
 energy: -21.870662055942 gnorm: 0.015834180908 xtb: 6.7.1pre (5071a88)
C           -1.93247043986252        0.35902772416520       -0.30622722097100
C           -1.66955204916108       -0.86169821313090        0.23442047693350
O           -0.35295668523061       -0.98300154051454        0.50492117735587
C            0.24461419562661        0.17715390498515        0.12594052542685
C           -0.69161068375962        1.03467474084795       -0.37770333951717
C            1.72279120052186        0.24423099611614        0.28869779581466
O            2.36815440933120       -0.73798237723662       -0.51115772418158
H           -2.89274721428555        0.72248869198444       -0.61596251439167
H           -2.28232994848671       -1.70941688525710        0.47424896149707
H           -0.50637312255815        2.01814408186322       -0.76316856836507
H            2.10084225221045        1.21552774487737       -0.03416514765814
H            1.99609677281868        0.09156032388908        1.34255353418419
H            1.89554131283543       -1.57070819258940       -0.36239895612752
13
 energy: -21.871015074496 gnorm: 0.007687215473 xtb: 6.7.1pre (5071a88)
C           -1.93668354160701        0.36069561555274       -0.30175657497510
C           -1.67757911477812       -0.85744633815692        0.23671897092659
O           -0.36486814917568       -0.98774590650145        0.49870517141417
C            0.23700859043190        0.16793720122957        0.12446519983435
C           -0.68996327831504        1.02713673605585       -0.38165324604714
C            1.71970073494026        0.23792778172621        0.28530920488695
O            2.38651499932434       -0.72663377988342       -0.51058417680206
H           -2.89184700098114        0.73430241781388       -0.60655940704189
H           -2.29979931112850       -1.69568659978148        0.47530835293362
H           -0.50507136139315        2.01101780750466       -0.75858268221936
H            2.08560925591371        1.21188209447652       -0.04280409848143
H            1.98695841158133        0.09340820868328        1.34454226904700
H            1.95001976518710       -1.57679423871946       -0.36310998347572
13
 energy: -21.871141761901 gnorm: 0.004267887846 xtb: 6.7.1pre (5071a88)
C           -1.94025784837870        0.36293964914277       -0.29956323475000
C           -1.68414232855545       -0.85603864389581        0.23892612928918
O           -0.37356220365256       -0.99355195717706        0.49862217757556
C            0.23336631855028        0.15655213193310        0.12019000191321
C           -0.68864746263402        1.02309198450332       -0.38169254258001
C            1.71821899009494        0.23351236466741        0.28091142904843
O            2.39834790081089       -0.71670542081367       -0.51330660561323
H           -2.89208494149367        0.74570117873220       -0.60312715980411
H           -2.31620322741497       -1.68719254590960        0.47777611115281
H           -0.50303048282155        2.00794394868535       -0.75526035755750
H            2.07239146744856        1.21225653900381       -0.04638890048926
H            1.98106047978521        0.09293630978485        1.34243777093378
H            1.99454333826104       -1.58144453865666       -0.35952581911886
13
 energy: -21.871192052494 gnorm: 0.003060650316 xtb: 6.7.1pre (5071a88)
C           -1.94305692233518        0.36606761023218       -0.29575488977252
C           -1.68983653638030       -0.85530544969178        0.24124666906859
O           -0.37897365499535       -1.00064800236153        0.49446807525294
C            0.23196453879388        0.14651788986706        0.11498376862515
C           -0.68743372345858        1.01934794721444       -0.38347082849738
C            1.71702983152384        0.23073925641005        0.27862436445161
O            2.40576964840076       -0.70745150016605       -0.51729076070778
H           -2.89309000085868        0.75611119851988       -0.59710631452717
H           -2.32941994920061       -1.68137467614084        0.48110600647759
H           -0.49961861328707        2.00329399109457       -0.75968455169410
H            2.06215745858140        1.21473267639096       -0.04307300232227
H            1.97682828908288        0.08952165722819        1.34052228511561
H            2.02767963413302       -1.58155159859713       -0.35457182147026
13
 energy: -21.871207809203 gnorm: 0.002028492876 xtb: 6.7.1pre (5071a88)
C           -1.94391032155039        0.36727797387674       -0.29532042635691
C           -1.69283798760899       -0.85484614587160        0.24219400115225
O           -0.38157309260101       -1.00298856906167        0.49399734482341
C            0.23162419608602        0.14203765716769        0.11155416632264
C           -0.68728032433196        1.01786753269714       -0.38418195153211
C            1.71606968085987        0.22932595324256        0.27745646513369
O            2.40852137739502       -0.70275849327155       -0.52129261955913
H           -2.89366367597804        0.76016915022975       -0.59444840586799
H           -2.33500236285993       -1.67850351664655        0.48419439208859
H           -0.49744609014976        2.00084892419957       -0.76276351827166
H            2.05776974124802        1.21631399961309       -0.03878599930987
H            1.97458156995465        0.08514182973299        1.33893816997487
H            2.04314728953650       -1.57988529590816       -0.35154261859778
13
 energy: -21.871217324821 gnorm: 0.001168256432 xtb: 6.7.1pre (5071a88)
C           -1.94476735990960        0.36871712197934       -0.29458145426223
C           -1.69566033320074       -0.85368342476069        0.24363132962015
O           -0.38383282441995       -1.00395317598327        0.49375428119520
C            0.23091941977510        0.13961808746867        0.10933313032891
C           -0.68754329865301        1.01666973400685       -0.38579100007287
C            1.71465440269355        0.22812201888332        0.27707449003937
O            2.41011864791690       -0.69807288138103       -0.52647930800619
H           -2.89461051784609        0.76270074894486       -0.59210370172272
H           -2.33847579159452       -1.67624690542506        0.48707924435592
H           -0.49520099099005        1.99805686827220       -0.76759514127685
H            2.05460301442635        1.21767824837769       -0.03295150793050
H            1.97274391344406        0.07871021408205        1.33772959086053
H            2.05705171835798       -1.57831565446493       -0.34910095312873
13
 energy: -21.871223367645 gnorm: 0.000887386032 xtb: 6.7.1pre (5071a88)
C           -1.94536176142491        0.36939417852648       -0.29573253207222
C           -1.69817166511414       -0.85174411861920        0.24587636478979
O           -0.38620124533539       -1.00253760567623        0.49649769536875
C            0.22977007992726        0.13928006123480        0.10882903418458
C           -0.68813878379705        1.01579534189546       -0.38812459849101
C            1.71303794285147        0.22697392492164        0.27744094264335
O            2.40996528372479       -0.69287964150728       -0.53376993792132
H           -2.89559137741856        0.76259174903311       -0.59283535676134
H           -2.34014906660963       -1.67387766384616        0.49182640339596
H           -0.49319571627236        1.99557042704633       -0.77250477234737
H            2.05332074932696        1.21868908512940       -0.02498810378154
H            1.97128974824065        0.06868429567210        1.33671320908879
H            2.06942581190093       -1.57593903381045       -0.34922934809645
13
 energy: -21.871226755903 gnorm: 0.000614981272 xtb: 6.7.1pre (5071a88)
C           -1.94547402290027        0.36911478882682       -0.29663129718280
C           -1.69835017328667       -0.85085737640290        0.24733302603426
O           -0.38680622321711       -1.00080359579522        0.49971809877386
C            0.22919138923193        0.14055975518804        0.11095247273285
C           -0.68812617555953        1.01548132235119       -0.38951119809882
C            1.71282102916901        0.22676103284198        0.27860341446969
O            2.40841039720593       -0.69076967321994       -0.53680918139200
H           -2.89558096455898        0.76095239507707       -0.59587333583550
H           -2.33980527565333       -1.67319369881538        0.49407480704367
H           -0.49293365000798        1.99476040492058       -0.77473224448900
H            2.05399225656770        1.21890149885476       -0.02120844508294
H            1.97183998577550        0.06418109154723        1.33703837276884
H            2.07082142723380       -1.57508694537423       -0.35295548974212
13
 energy: -21.871231437280 gnorm: 0.000514497720 xtb: 6.7.1pre (5071a88)
C           -1.94519458686977        0.36774731134974       -0.29971049916084
C           -1.69872135025191       -0.84933538120098        0.25087899104173
O           -0.38803062104993       -0.99769704671283        0.50722972765801
C            0.22847400584989        0.14231970570661        0.11531059144328
C           -0.68769727068566        1.01452232392053       -0.39175885209516
C            1.71273190578470        0.22624430884429        0.28116495312207
O            2.40527110706700       -0.68575937719066       -0.54323210939492
H           -2.89465983396433        0.75759464060060       -0.60368596501439
H           -2.34032982653668       -1.67097277191008        0.50020358259715
H           -0.49241507348372        1.99291407273861       -0.77904603090666
H            2.05476020407467        1.21991844407478       -0.01249749354804
H            1.97342597528466        0.05497650535971        1.33773536783636
H            2.07238536478110       -1.57247173558034       -0.36259326357860
13
 energy: -21.871235059342 gnorm: 0.000753528494 xtb: 6.7.1pre (5071a88)
C           -1.94474058447856        0.36672500296159       -0.30128930082476
C           -1.69903603085144       -0.84828578717880        0.25424618544140
O           -0.38910040303285       -0.99508882671421        0.51481129241430
C            0.22819358471193        0.14336627360432        0.11933841074383
C           -0.68680170156642        1.01282911626060       -0.39457320808293
C            1.71271393403400        0.22584371985510        0.28412600018217
O            2.40269491728056       -0.68027336361042       -0.54890068333195
H           -2.89335897444104        0.75518309687863       -0.60972352206584
H           -2.34124919679671       -1.66900518315530        0.50522696373398
H           -0.49122295046234        1.98960323479363       -0.78592710254673
H            2.05496729542068        1.22140055763768       -0.00285998241397
H            1.97507243639859        0.04626020887583        1.33878532406390
H            2.07186767378360       -1.56855705020865       -0.37326137731342
13
 energy: -21.871238457286 gnorm: 0.000506318288 xtb: 6.7.1pre (5071a88)
C           -1.94410730270486        0.36560419044474       -0.30314634100203
C           -1.69953354102085       -0.84743356149506        0.25733627323666
O           -0.38990551281309       -0.99387587178814        0.51958531348173
C            0.22815504563084        0.14337477413739        0.12171090120240
C           -0.68601804134308        1.01145539228659       -0.39599384014582
C            1.71264420075982        0.22545401305567        0.28609803735978
O            2.40199662508473       -0.67583595515125       -0.55258656782979
H           -2.89191883534776        0.75351757300493       -0.61467368191003
H           -2.34279305372036       -1.66680406040271        0.51001732964990
H           -0.49011263370411        1.98699726748793       -0.79030962649913
H            2.05432466802683        1.22271055603159        0.00433126252919
H            1.97601318749740        0.04023288886363        1.33941294623405
H            2.07125519365451       -1.56539620647531       -0.38178300630692
13
 energy: -21.871241381792 gnorm: 0.000346020340 xtb: 6.7.1pre (5071a88)
C           -1.94356016947239        0.36490067895509       -0.30413467099901
C           -1.69988922542326       -0.84712513091686        0.25898208635219
O           -0.39042451472760       -0.99346903924757        0.52234555460900
C            0.22842046281878        0.14253192106633        0.12203710147606
C           -0.68528553652251        1.01009262339714       -0.39744759383153
C            1.71259751638927        0.22519544963424        0.28730858874488
O            2.40311977716248       -0.67286608526029       -0.55373245193041
H           -2.89104973657999        0.75309163769821       -0.61618506461454
H           -2.34407802640297       -1.66520080483955        0.51329312947372
H           -0.48886824952903        1.98474682528734       -0.79368524079953
H            2.05357034800428        1.22369629841300        0.00918418456013
H            1.97561697975409        0.03676867971570        1.34007140654304
H            2.06983037452887       -1.56236205390278       -0.38803802958400
13
 energy: -21.871243704325 gnorm: 0.000298164091 xtb: 6.7.1pre (5071a88)
C           -1.94343622601176        0.36489161056499       -0.30419180876376
C           -1.70071460071569       -0.84649372485988        0.26084507531135
O           -0.39119955367530       -0.99359870519532        0.52389632323632
C            0.22847467292832        0.14124104916349        0.12167696699200
C           -0.68474317164349        1.00879565575525       -0.39895040783014
C            1.71232854615385        0.22475437695636        0.28827549828729
O            2.40518858103795       -0.66962898601934       -0.55487748512761
H           -2.89071241249770        0.75329816273783       -0.61666990458507
H           -2.34561780020635       -1.66357992638439        0.51628028720469
H           -0.48721479881697        1.98226963196910       -0.79767663653150
H            2.05216577111687        1.22472870805631        0.01391787739723
H            1.97451544934768        0.03319782737462        1.34072276227984
H            2.07096554298261       -1.55987468011903       -0.39324954787067
13
 energy: -21.871245177536 gnorm: 0.000206165942 xtb: 6.7.1pre (5071a88)
C           -1.94328647685318        0.36466308417206       -0.30480133148848
C           -1.70115597437054       -0.84593097027042        0.26222149128320
O           -0.39168575654517       -0.99326710428908        0.52539895031968
C            0.22847640824965        0.14068683242898        0.12153989472750
C           -0.68441396109260        1.00792480789458       -0.40025810877163
C            1.71218973743810        0.22447504873288        0.28913448946550
O            2.40632111569051       -0.66735621621675       -0.55576274278164
H           -2.89054957781417        0.75289612729662       -0.61754465391418
H           -2.34628181271000       -1.66236947655677        0.51913309002402
H           -0.48616364121439        1.98063610461116       -0.80037115586164
H            2.05180402966438        1.22529142538906        0.01776469745806
H            1.97360311627343        0.03003096631553        1.34126758984091
H            2.07114279328399       -1.55767962950787       -0.39772321030131
13
 energy: -21.871246441608 gnorm: 0.000249971384 xtb: 6.7.1pre (5071a88)
C           -1.94326227192925        0.36452628628683       -0.30535842396503
C           -1.70166238937543       -0.84538463163563        0.26331420825836
O           -0.39237081123509       -0.99269558969962        0.52729602480959
C            0.22830596498763        0.14032856607375        0.12169398174189
C           -0.68417392536972        1.00718854070183       -0.40144913770442
C            1.71197341152223        0.22412518713406        0.28986682996699
O            2.40695185847550       -0.66506988592671       -0.55717205174190
H           -2.89046506229946        0.75258566340138       -0.61848349639161
H           -2.34699274757728       -1.66125756924004        0.52155151791090
H           -0.48529841361827        1.97926080742702       -0.80273602180917
H            2.05135135224581        1.22573309837712        0.02124316251505
H            1.97295297421430        0.02688537963720        1.34157049432953
H            2.07269005995905       -1.55622485253721       -0.40133808792021
13
 energy: -21.871247872674 gnorm: 0.000175434629 xtb: 6.7.1pre (5071a88)
C           -1.94323748106439        0.36434294636044       -0.30591125705679
C           -1.70214714769866       -0.84470816484358        0.26476633474378
O           -0.39300028608648       -0.99198522128419        0.52936206651329
C            0.22810748536071        0.14026795844828        0.12234052467060
C           -0.68392196154116        1.00647326181206       -0.40267295712330
C            1.71179735476210        0.22376889757762        0.29080040937665
O            2.40700629048099       -0.66262891363524       -0.55901741885786
H           -2.89029186556496        0.75193654201652       -0.62007751918599
H           -2.34758017687787       -1.66015680950833        0.52410445494229
H           -0.48450286255642        1.97782526517933       -0.80543992652288
H            2.05114662394102        1.22616550007951        0.02514572831494
H            1.97257295681762        0.02324613958394        1.34189054538009
H            2.07405107002750       -1.55454640178638       -0.40529198519480
13
 energy: -21.871249504348 gnorm: 0.000136951655 xtb: 6.7.1pre (5071a88)
C           -1.94314694932279        0.36398070797074       -0.30677530515986
C           -1.70264609949379       -0.84398893433566        0.26646194446829
O           -0.39372223724783       -0.99102394946917        0.53221121648207
C            0.22786659756594        0.14036879051434        0.12349501106920
C           -0.68360971645977        1.00564651247110       -0.40400653962461
C            1.71161802946294        0.22337260020347        0.29196035850888
O            2.40661523223285       -0.65973431276216       -0.56154545327970
H           -2.88991575127653        0.75107102322601       -0.62246352249829
H           -2.34834579910987       -1.65884341162607        0.52708949720206
H           -0.48376442335655        1.97620107425580       -0.80846346100917
H            2.05093886682374        1.22671160260953        0.02979199668335
H            1.97262854963617        0.01889841246411        1.34218966479623
H            2.07548370054550       -1.55265911552205       -0.40994640763846
13
 energy: -21.871251254657 gnorm: 0.000113677815 xtb: 6.7.1pre (5071a88)
C           -1.94296405587339        0.36345094740743       -0.30777752951836
C           -1.70318462230429       -0.84321527078731        0.26848327992410
O           -0.39454717719248       -0.98991617925425        0.53564270971581
C            0.22764119658671        0.14046647330873        0.12498000021234
C           -0.68317462768653        1.00463713702373       -0.40543878629803
C            1.71144154391863        0.22296536403756        0.29331424966602
O            2.40604656998986       -0.65634315582995       -0.56449815982302
H           -2.88929407166764        0.75000709633200       -0.62541360249006
H           -2.34934585313381       -1.65728327229645        0.53045205351199
H           -0.48291006699560        1.97425827327282       -0.81195860118866
H            2.05068908643834        1.22737946850417        0.03517386789963
H            1.97285544238936        0.01394890834085        1.34248230157827
H            2.07674663553083       -1.55035479005934       -0.41544278319002
13
 energy: -21.871252893497 gnorm: 0.000119484687 xtb: 6.7.1pre (5071a88)
C           -1.94273386363791        0.36287890678761       -0.30884819234068
C           -1.70369383780045       -0.84247575640843        0.27051282849327
O           -0.39532664371638       -0.98887953758058        0.53906223507506
C            0.22746296231231        0.14047483925129        0.12640995203469
C           -0.68269898753077        1.00355731074245       -0.40692907657315
C            1.71126778538884        0.22255551394670        0.29471395739776
O            2.40561079129601       -0.65290666894839       -0.56735606087345
H           -2.88863149842229        0.74900214898041       -0.62830781214573
H           -2.35040802372897       -1.65565506312098        0.53391555722572
H           -0.48201091868202        1.97222953436259       -0.81550621503314
H            2.05032915149659        1.22808701374795        0.04065312142736
H            1.97311000887521        0.00903185441945        1.34280912505291
H            2.07772307414987       -1.54789909618006       -0.42113041974060
13
 energy: -21.871254259548 gnorm: 0.000124127627 xtb: 6.7.1pre (5071a88)
C           -1.94251845544986        0.36238906783944       -0.30969925096837
C           -1.70417508554477       -0.84183539859095        0.27230968892111
O           -0.39603822285226       -0.98803540370769        0.54197845673778
C            0.22733585379967        0.14035083962965        0.12751614365242
C           -0.68225815553695        1.00256855710890       -0.40818737497547
C            1.71112061847916        0.22221033554442        0.29588754895888
O            2.40545839601231       -0.64986957414148       -0.56967233259737
H           -2.88802905837040        0.74815872502585       -0.63070924352184
H           -2.35141492314326       -1.65420307388777        0.53691176829773
H           -0.48111748854208        1.97035864116025       -0.81865346183822
H            2.04997137189925        1.22871783005044        0.04542133432242
H            1.97320431963535        0.00481982114981        1.34307471229554
H            2.07846082961385       -1.54562936718089       -0.42617898928462
13
 energy: -21.871254929239 gnorm: 0.000100258782 xtb: 6.7.1pre (5071a88)
C           -1.94243818063751        0.36226220990084       -0.31004007211878
C           -1.70448874453127       -0.84156028870113        0.27296515439294
O           -0.39631492945228       -0.98812680338039        0.54234245677118
C            0.22736892975147        0.13979940885441        0.12712019993774
C           -0.68202913880485        1.00199124785180       -0.40897370539821
C            1.71100940101920        0.22197592187967        0.29639706780705
O            2.40635450747774       -0.64846659812041       -0.56997864972178
H           -2.88789686982685        0.74820185599141       -0.63097920731049
H           -2.35207795545795       -1.65322813069481        0.53881679022353
H           -0.48052964982718        1.96936088266662       -0.82021683444210
H            2.04956559759365        1.22897973589723        0.04765583381339
H            1.97249512553584        0.00323519147608        1.34345628929343
H            2.07898190716001       -1.54442363362134       -0.42856632324790
