15
 energy: -22.936263840205 gnorm: 0.066761450675 xtb: 6.7.1pre (5071a88)
C           -1.98333700000000       -0.29070100000000        0.05259200000000
C           -0.59114500000000       -0.17716200000000        0.64479500000000
C            0.23080900000000        0.93028200000000        0.02538900000000
C            1.64035400000000        0.44322400000000        0.25637800000000
C            1.46527700000000       -1.04487700000000        0.19749000000000
O            2.36118400000000       -1.85819800000000        0.04405700000000
O            0.15017600000000       -1.37044300000000        0.37640700000000
H           -2.52074200000000       -1.13098900000000        0.50503600000000
H           -1.94019100000000       -0.49183800000000       -1.02347600000000
H           -2.56012900000000        0.62409100000000        0.21786700000000
H           -0.65980300000000       -0.05969900000000        1.73313200000000
H            0.04308400000000        1.00155200000000       -1.05339000000000
H            0.03405500000000        1.91064900000000        0.46822300000000
H            2.01086200000000        0.72132000000000        1.24709800000000
H            2.31954700000000        0.79278900000000       -0.52431300000000
15
 energy: -22.939447660296 gnorm: 0.019918275240 xtb: 6.7.1pre (5071a88)
C           -1.99274639060745       -0.31153464492340        0.04663031299391
C           -0.60007921931662       -0.16896076327655        0.63289985674391
C            0.23121885832673        0.95602174920749        0.02907351650514
C            1.65042268665790        0.44939676248174        0.24353871808239
C            1.46551328214493       -1.05050554559259        0.20829569839452
O            2.32315943783318       -1.87280950244549        0.04648189471430
O            0.16049807100866       -1.35604523756644        0.38470055390342
H           -2.52025228293488       -1.14564109045282        0.50818744109733
H           -1.93187487429991       -0.49853313453322       -1.02512999378150
H           -2.55835353617551        0.60205066076669        0.21638840652690
H           -0.67055878901232       -0.05120086367291        1.72324551899441
H            0.01963940558904        1.02662505209108       -1.04170683773360
H            0.02671296607351        1.92479043030924        0.48493379388498
H            2.03832117246919        0.72117942317778        1.22716628595302
H            2.35838021224355        0.77516670442940       -0.51742016627913
15
 energy: -22.939920716608 gnorm: 0.006966506917 xtb: 6.7.1pre (5071a88)
C           -1.99105849967981       -0.32002672788924        0.03901763268293
C           -0.60444140590925       -0.16491238760006        0.63807223409855
C            0.23020798107704        0.96779772250573        0.03147404546606
C            1.65062842125151        0.45250844484412        0.23282434849306
C            1.45955225842320       -1.05643147602937        0.20246771338191
O            2.30064484213072       -1.88813321214115        0.04694230038403
O            0.16563997810263       -1.35010927111260        0.40657136337704
H           -2.50815767769119       -1.15336818185879        0.50474152804790
H           -1.91893753345795       -0.50794869943402       -1.02918105751016
H           -2.55982418899868        0.59015930156645        0.20507788718162
H           -0.68058815969638       -0.03987291091994        1.72910239648430
H            0.01034172995309        1.05034867250520       -1.03541400441728
H            0.03360060309944        1.92631813212855        0.50601597562881
H            2.04799299121125        0.72401881466965        1.21328587650186
H            2.36439966018439        0.76965177876545       -0.52371323980062
15
 energy: -22.940042861872 gnorm: 0.003977246743 xtb: 6.7.1pre (5071a88)
C           -1.98814963239700       -0.32430000491489        0.03307625265755
C           -0.60759571721511       -0.16094775732381        0.64537507169368
C            0.23147340319494        0.97276335067101        0.03815857625530
C            1.65203208597797        0.45356703753897        0.22482185655988
C            1.45630823118456       -1.05938006908417        0.21107063149967
O            2.28952697988392       -1.89765708904703        0.04030682130687
O            0.16604095974967       -1.34556436494319        0.42559630271033
H           -2.50225782295029       -1.16046006035725        0.49581306753074
H           -1.90426728510579       -0.51429139972217       -1.03356479150030
H           -2.56459308300541        0.58242241094437        0.19221283279518
H           -0.69358559523910       -0.03011480404324        1.73495473460470
H            0.00211110980771        1.06595346559266       -1.02537814933841
H            0.04359848749065        1.92603466319095        0.52536045419632
H            2.06114155703370        0.72808172326327        1.20025354912236
H            2.35821732158961        0.76389289823450       -0.54077221009387
15
 energy: -22.940120049791 gnorm: 0.002499305417 xtb: 6.7.1pre (5071a88)
C           -1.98420271138702       -0.32790907854546        0.02841326202905
C           -0.60939485119416       -0.15698804476787        0.65215053488473
C            0.23304578500809        0.97595538495659        0.04400251129031
C            1.65266405155209        0.45284857350456        0.21831244837034
C            1.45182605716492       -1.06080748463510        0.21106799065583
O            2.28257564023552       -1.90249234743591        0.03637924120202
O            0.16569985270498       -1.34264069932023        0.44736300804178
H           -2.49735697090318       -1.16753441863644        0.48724207072180
H           -1.89016987010975       -0.51930131862088       -1.03739125559640
H           -2.56886858589027        0.57521362310501        0.18115090096684
H           -0.70679427888066       -0.01830498202017        1.73921655141982
H           -0.00526951811985        1.08055316180563       -1.01621006915395
H            0.05388686926322        1.92537896850081        0.54222462131537
H            2.07141999048398        0.72777057725400        1.18981890332902
H            2.35093954007213        0.75825808485545       -0.55645571947656
15
 energy: -22.940172256728 gnorm: 0.001955071410 xtb: 6.7.1pre (5071a88)
C           -1.97909042881436       -0.32988849719316        0.02337545700128
C           -0.61048326381075       -0.15468510883361        0.65929888703527
C            0.23305812846281        0.97773485872230        0.05096845205468
C            1.65206239054425        0.45069500854725        0.21147165130101
C            1.44855668793970       -1.06173693722904        0.21456424165440
O            2.27867141074867       -1.90345383240701        0.03525539712744
O            0.16544030005933       -1.34120808327070        0.46774252791265
H           -2.49279566437237       -1.17313140678755        0.47639177551783
H           -1.87641642909699       -0.51936264606537       -1.04232690474370
H           -2.57038265610514        0.56972872551016        0.17267626635583
H           -0.72005755608337       -0.01052158604215        1.74393045305111
H           -0.01354209538796        1.09264740067993       -1.00605146403673
H            0.06149683471491        1.92466283098302        0.55725031181218
H            2.08248052070607        0.72803388564304        1.17695589830716
H            2.34100282049526        0.75048538774288       -0.57421795035041
15
 energy: -22.940210793828 gnorm: 0.001186683600 xtb: 6.7.1pre (5071a88)
C           -1.97387518115546       -0.33226641093654        0.01711210249850
C           -0.61232009593225       -0.15237223992377        0.66707140736795
C            0.23217154351594        0.98005464555553        0.06081640629342
C            1.65132951801048        0.44763933714813        0.20236269312667
C            1.44555794802706       -1.06240925038427        0.21976157811761
O            2.27500718230531       -1.90423927557233        0.03976342208352
O            0.16506647191484       -1.33912433418925        0.48937750057230
H           -2.48850347277618       -1.18008310468953        0.46129424669516
H           -1.86041187438776       -0.51654176386103       -1.04851767128146
H           -2.57126267286851        0.56345705867447        0.16434187533671
H           -0.73556991648938       -0.00468822291726        1.74932498018163
H           -0.02455570431627        1.10660166837267       -0.99233606580253
H            0.06928278461992        1.92411608408119        0.57589259504163
H            2.09952395953400        0.73044772466803        1.15788275823661
H            2.32856050999833        0.73940808397394       -0.59686282846772
15
 energy: -22.940228079648 gnorm: 0.000896489608 xtb: 6.7.1pre (5071a88)
C           -1.97192946084696       -0.33325862552041        0.01343202251442
C           -0.61369754391229       -0.15181999303395        0.67042382221350
C            0.23122812534569        0.98174830293075        0.06672951447179
C            1.65074563031692        0.44648460268668        0.19721502796688
C            1.44462203522152       -1.06289445425672        0.22391148523858
O            2.27285801757834       -1.90642068492726        0.04679028677355
O            0.16475165407981       -1.33806532303943        0.49690132813174
H           -2.48619489800389       -1.18297923323996        0.45358344906673
H           -1.85220896232817       -0.51520032469801       -1.05174164683665
H           -2.57174313738363        0.56094438623552        0.15931715662396
H           -0.74238704829930       -0.00470373404961        1.75212857941146
H           -0.03058425889022        1.11502957743709       -0.98435884291395
H            0.07343787458240        1.92339631448381        0.58773324507699
H            2.11097877609956        0.73430572206360        1.14544772381009
H            2.32012419644029        0.73343346692787       -0.61022815154908
15
 energy: -22.940241446044 gnorm: 0.000569975465 xtb: 6.7.1pre (5071a88)
C           -1.97075652252188       -0.33424147283773        0.00998180536786
C           -0.61521032574532       -0.15179035860656        0.67283312081042
C            0.23064606938322        0.98335294048509        0.07291391313261
C            1.65056178170558        0.44592232143753        0.19231621804307
C            1.44419428500792       -1.06295807364406        0.22770512629468
O            2.27191429557866       -1.90833249261962        0.05698810239442
O            0.16421021909298       -1.33748661111165        0.50135186966138
H           -2.48610988752110       -1.18454417483661        0.44723083551448
H           -1.84532391856603       -0.51559199296325       -1.05449281715159
H           -2.57185314549428        0.55944680443491        0.15301786743591
H           -0.74792702727154       -0.00608113220160        1.75429100799139
H           -0.03603159257877        1.12457080266068       -0.97586079999134
H            0.07754673228886        1.92161679762847        0.60104450259459
H            2.12324161645768        0.73867417634378        1.13261357088050
H            2.31089842018409        0.72744246583058       -0.62464932297836
15
 energy: -22.940247909291 gnorm: 0.000438046449 xtb: 6.7.1pre (5071a88)
C           -1.96937142994712       -0.33454130698721        0.00686241129940
C           -0.61615806746499       -0.15250554698280        0.67453825693212
C            0.22989314481270        0.98477138569713        0.07798858855577
C            1.64994545810544        0.44544026580363        0.18827828992628
C            1.44421827835401       -1.06337578260134        0.23149159413985
O            2.27235562879071       -1.90937943833674        0.06566818405755
O            0.16401976046911       -1.33786568018225        0.50417495490247
H           -2.48663897566993       -1.18384129530116        0.44369780498249
H           -1.83977986672372       -0.51789723907207       -1.05681500550674
H           -2.57055911085310        0.55973689903352        0.14615718802777
H           -0.75230676889260       -0.00821550637192        1.75580639503967
H           -0.04110420472702        1.13367501288286       -0.96857333381843
H            0.08031434367027        1.91963032119560        0.61317225968659
H            2.13293292940112        0.74237239161344        1.12171398517753
H            2.30223988067520        0.72199551960929       -0.63687657340230
15
 energy: -22.940249911312 gnorm: 0.000280450742 xtb: 6.7.1pre (5071a88)
C           -1.96888595778877       -0.33525084293324        0.00524444553750
C           -0.61692882703974       -0.15268274501109        0.67553486391391
C            0.22983125964672        0.98556692024382        0.08114226357804
C            1.64996296269696        0.44541509541898        0.18593419285550
C            1.44395996064159       -1.06334607094863        0.23273567771636
O            2.27265751152314       -1.90936503006294        0.06969974341156
O            0.16379897571975       -1.33772716375866        0.50599485127568
H           -2.48866297553096       -1.18286865859685        0.44249527136828
H           -1.83682705340049       -0.52124539732203       -1.05769462742464
H           -2.56922733324549        0.56014659662990        0.14077989050976
H           -0.75488976653639       -0.00923523209639        1.75663113309631
H           -0.04361492801541        1.13897842781477       -0.96392860245493
H            0.08234664790591        1.91830987500364        0.62038982223211
H            2.13839594854063        0.74425068165367        1.11568741020851
H            2.29808457488262        0.71905354396503       -0.64336133582392
15
 energy: -22.940250642025 gnorm: 0.000157048388 xtb: 6.7.1pre (5071a88)
C           -1.96827592444881       -0.33531872246038        0.00445856900755
C           -0.61702087211376       -0.15301182942136        0.67611696228117
C            0.22954381738000        0.98591784486144        0.08252292320382
C            1.64962017993002        0.44531950171482        0.18503005704781
C            1.44387163093201       -1.06351038573786        0.23317657962215
O            2.27297207825143       -1.90919176908944        0.07037776089652
O            0.16399003058990       -1.33794114263796        0.50705813843256
H           -2.48971972441647       -1.18125969782472        0.44301389892113
H           -1.83488390354679       -0.52406377463657       -1.05786936174918
H           -2.56776356844559        0.56114884930444        0.13699114285116
H           -0.75606033191080       -0.00978065562371        1.75709077615638
H           -0.04526141907399        1.14139148752696       -0.96185713079001
H            0.08287728854568        1.91765885581102        0.62369689258135
H            2.14018934027419        0.74463156441241        1.11342853836075
H            2.29592237805306        0.71800987380089       -0.64595074682314
