26
 energy: -44.355855623809 gnorm: 0.058637838159 xtb: 6.7.1pre (5071a88)
C           -3.19246300000000       -0.55619800000000        0.33267300000000
C           -1.87605400000000        0.14869600000000        0.68004400000000
C           -0.68453400000000       -0.43361600000000       -0.09472600000000
C            0.61378800000000        0.36353900000000        0.17699700000000
C            1.84772400000000       -0.35968800000000       -0.39354500000000
C            3.13093900000000        0.46069400000000       -0.23418700000000
O            4.20565800000000       -0.29009500000000       -0.81106000000000
O            1.65763100000000       -0.63288200000000       -1.79865600000000
O            0.50033700000000        1.65681600000000       -0.44301400000000
O           -0.97046900000000       -0.41403000000000       -1.50339300000000
O           -1.65161800000000        0.01061600000000        2.09232100000000
O           -4.23815500000000        0.00572200000000        1.13661700000000
H           -3.46342300000000       -0.44882600000000       -0.72175000000000
H           -3.13937200000000       -1.62087300000000        0.58125100000000
H           -1.99029000000000        1.21955700000000        0.47479000000000
H           -0.53614400000000       -1.47709600000000        0.20982100000000
H            0.75953000000000        0.52141400000000        1.25094100000000
H            1.97019700000000       -1.33453600000000        0.09276600000000
H            3.07251400000000        1.40862500000000       -0.77779800000000
H            3.35478900000000        0.64933900000000        0.81987000000000
H            5.01206200000000        0.24259900000000       -0.68670900000000
H            2.55703000000000       -0.86667700000000       -2.11637400000000
H            0.19285900000000        1.47731100000000       -1.35471300000000
H           -0.14000400000000       -0.70109600000000       -1.94831900000000
H           -2.53699700000000        0.09857700000000        2.50169000000000
H           -4.45553600000000        0.87210700000000        0.74762600000000
26
 energy: -44.360924010757 gnorm: 0.032434872807 xtb: 6.7.1pre (5071a88)
C           -3.18757234424363       -0.54679335888429        0.32660137311939
C           -1.86624554074658        0.15000666749621        0.67193071731845
C           -0.67776588532737       -0.43955159869731       -0.09326495247885
C            0.61507263573749        0.36890654171257        0.15574793786191
C            1.85165770003596       -0.36614964229445       -0.39699425294093
C            3.12541443439599        0.45984414997733       -0.22708247136707
O            4.19269976625473       -0.29431488106022       -0.80529960258132
O            1.66618879223380       -0.63517260252639       -1.79226762709304
O            0.49851263359159        1.65225266833021       -0.43950619361082
O           -0.99061948311515       -0.40844892631351       -1.47999566709538
O           -1.62370612938441        0.00570362148973        2.06663934207862
O           -4.23592724492203       -0.00228857465702        1.12421467494593
H           -3.42170104930670       -0.45036542907596       -0.73688056268354
H           -3.12962947112768       -1.60573754705281        0.58778220023512
H           -1.95600520373662        1.22190074482665        0.44053751632541
H           -0.53152659090336       -1.47868541981579        0.23188208468658
H            0.74574945631542        0.53040315210962        1.22798497822093
H            1.97715713524260       -1.32778230777447        0.11965661695166
H            3.02141472228017        1.41304381858412       -0.75846369943515
H            3.31923460542143        0.64775114511766        0.83361756704291
H            5.00273340981385        0.21899186616518       -0.69374360487663
H            2.55029115635820       -0.86729527945522       -2.12088784455324
H            0.17722153792830        1.48720321726168       -1.34237237287360
H           -0.17215179976718       -0.68249389903720       -1.93918377012278
H           -2.49787239938074        0.08036091764840        2.48724979101946
H           -4.45262584364805        0.86870995592527        0.76526082190601
26
 energy: -44.362571086765 gnorm: 0.008246766661 xtb: 6.7.1pre (5071a88)
C           -3.17255532868336       -0.53897669285792        0.32140408291399
C           -1.85034754146183        0.15487690983437        0.67352282593137
C           -0.67714955940799       -0.44170185535889       -0.10747879109916
C            0.60881047345857        0.37503556419845        0.14281851705715
C            1.84457719913839       -0.37300218205827       -0.39944214059593
C            3.11408087819587        0.45794303466352       -0.21763443420764
O            4.17634440194248       -0.28586404911723       -0.79772932846737
O            1.66606893025795       -0.64411481399965       -1.78197174618967
O            0.49479862095054        1.64270557389351       -0.44308847559483
O           -1.00815208381983       -0.41113475700608       -1.47675022315932
O           -1.59466364869194        0.01032498856743        2.05273459071142
O           -4.22297148886430       -0.00901741022338        1.10729347994380
H           -3.37592958337748       -0.44824415463926       -0.74936714805810
H           -3.10991072607278       -1.59509581401671        0.58996890994457
H           -1.92524099111940        1.22627248598135        0.41701323326221
H           -0.52289645514904       -1.47410822266244        0.24023279524642
H            0.73081730394370        0.53464216659476        1.21652656511802
H            1.96490440827887       -1.32307570200103        0.14392274377463
H            2.98445201168851        1.41883882339088       -0.73245157121617
H            3.28982138081785        0.64011552703545        0.84756263322002
H            4.99154136168184        0.20993925960647       -0.69249161757519
H            2.53853213474387       -0.87456825775514       -2.12180148094942
H            0.15285120055745        1.49402916812648       -1.33748767458029
H           -0.20397154637875       -0.67803131373995       -1.95150587278587
H           -2.45841691410990        0.06043106696684        2.48833380102716
H           -4.43539543851925        0.87177965657641        0.78102932632829
26
 energy: -44.362789174894 gnorm: 0.003695413411 xtb: 6.7.1pre (5071a88)
C           -3.16748084189038       -0.53610662027679        0.32207618813489
C           -1.84527786361424        0.15817760411282        0.67454214159329
C           -0.67819100421221       -0.44212197325547       -0.11508641482078
C            0.60580576376456        0.37816973065428        0.13469056629800
C            1.84184001566288       -0.37628190103826       -0.39950496126025
C            3.11023272204097        0.45721363842501       -0.21120639102621
O            4.17263000728163       -0.27712324756617       -0.79377673357025
O            1.66465670008171       -0.65433827778938       -1.77677944626406
O            0.49239426442420        1.64279227536457       -0.45327828016229
O           -1.01381862492036       -0.41167767322263       -1.48011363521550
O           -1.58025632291191        0.01528023656794        2.04890723100874
O           -4.22167143558651       -0.01136843886939        1.10079330887256
H           -3.36244624039780       -0.44566833675070       -0.75009655497733
H           -3.10098718845824       -1.59295346109863        0.58864140810616
H           -1.92041365130962        1.22897619534077        0.41480440708057
H           -0.51951408442349       -1.47330619698148        0.23512478545618
H            0.72510670304845        0.53412340293456        1.20977116525563
H            1.95605765676671       -1.32231016364155        0.15256700838600
H            2.97774944086784        1.42205187366225       -0.71742492424437
H            3.28179037475375        0.63272146185665        0.85610741636960
H            4.99027343003859        0.21491311853187       -0.68592664476408
H            2.53625194656264       -0.88487106572466       -2.12044440048830
H            0.13548586969343        1.49990759305137       -1.34346033153840
H           -0.21636896625778       -0.68204837386166       -1.96327314844972
H           -2.44010012571355        0.04698933999394        2.49450266538846
H           -4.42374954529125        0.87885825958072        0.79100657483159
26
 energy: -44.362892700211 gnorm: 0.003975531608 xtb: 6.7.1pre (5071a88)
C           -3.16573835931368       -0.53432858796902        0.32390459089130
C           -1.84350612102258        0.16097017595445        0.67392006792266
C           -0.68023173499921       -0.43932213963372       -0.12334593205382
C            0.60383979932003        0.38073928139596        0.12739355225837
C            1.84050029854760       -0.37857413152185       -0.39882064780759
C            3.10833679689899        0.45601271893366       -0.20566304505652
O            4.17291554455109       -0.26774989235313       -0.79222183888887
O            1.66702055640703       -0.66710034051718       -1.77258574404669
O            0.49187820636619        1.64277219406040       -0.46766544705860
O           -1.01791678665743       -0.40806638659060       -1.48688757850913
O           -1.56865103195688        0.01854925610739        2.04566453291814
O           -4.22176379395583       -0.01240630313356        1.09867543125046
H           -3.35808035340837       -0.44378387368296       -0.74858949027859
H           -3.09663773044056       -1.59207915696965        0.58829529480946
H           -1.92062317348586        1.23153788641319        0.41577863995696
H           -0.51946897857444       -1.47049472372351        0.22508589896745
H            0.72009111962437        0.53782618670776        1.20306991920772
H            1.94868010849591       -1.32049065369968        0.16112061961015
H            2.97422493122051        1.42536852109200       -0.70238402029297
H            3.27694427525510        0.62226384730852        0.86405955029837
H            4.99113995931805        0.22381285387343       -0.67772276310894
H            2.54033191636047       -0.89672507007551       -2.11602828639955
H            0.11689769908127        1.50026531123601       -1.35139011438973
H           -0.22626038414956       -0.68697939286613       -1.97554942249564
H           -2.42469853688080        0.03041735303683        2.50043632387262
H           -4.40922522660136        0.88756406661687        0.80461290842315
26
 energy: -44.362948898554 gnorm: 0.003777800792 xtb: 6.7.1pre (5071a88)
C           -3.16583534902959       -0.53330718809427        0.32565722879550
C           -1.84321484622917        0.16239045895231        0.67176136853904
C           -0.68171050513420       -0.43624370338780       -0.13016595333135
C            0.60278927551883        0.38283208982378        0.12117999164562
C            1.84022907643277       -0.38079549248731       -0.39674241931978
C            3.10721439301148        0.45493242540049       -0.20117450310443
O            4.17381641332469       -0.26063618423438       -0.79302717060285
O            1.67112650901600       -0.67899173882099       -1.76876389641878
O            0.49317347351240        1.64269577046101       -0.48175569335126
O           -1.01962378932611       -0.40045247394349       -1.49380840324774
O           -1.56170846790071        0.01859977596605        2.04262808698373
O           -4.22080654424560       -0.01182241399988        1.10101500710217
H           -3.36027018800680       -0.44304460980156       -0.74663206850399
H           -3.09594161081517       -1.59138832979110        0.58944149136064
H           -1.92248854460657        1.23333407484508        0.41715025431064
H           -0.52128883079624       -1.46860721738357        0.21398233036534
H            0.71602700411852        0.54460112473504        1.19654607214029
H            1.94414983462553       -1.31926811786117        0.16962370024448
H            2.97094620005845        1.42777218538993       -0.69027506786589
H            3.27580940591882        0.61309691542813        0.86997655505846
H            4.99086867723254        0.23248511384842       -0.67221161457830
H            2.54718644048045       -0.90540918610038       -2.10914916967682
H            0.10281972583690        1.49682839463812       -1.35861288299533
H           -0.23236534656923       -0.68958122514615       -1.98421778415342
H           -2.41485405637938        0.01554889256059        2.50226211199016
H           -4.39604935004855        0.89442965900304        0.81847542861408
26
 energy: -44.362994972320 gnorm: 0.002339345568 xtb: 6.7.1pre (5071a88)
C           -3.16695084879197       -0.53243521377502        0.32713530122434
C           -1.84343654755875        0.16290328610138        0.66782519835789
C           -0.68300392452647       -0.43206758450790       -0.13813243001241
C            0.60199430719030        0.38513689611029        0.11491060967883
C            1.84051479959552       -0.38351129764411       -0.39226679363598
C            3.10622913851423        0.45378893869316       -0.19613815974860
O            4.17458836136588       -0.25404447667018       -0.79548706651226
O            1.67696656905463       -0.69339630006987       -1.76281495557138
O            0.49589707706466        1.64147179838538       -0.49845766785660
O           -1.02027150071534       -0.38828450119693       -1.50257855220874
O           -1.55601415645812        0.01639249903521        2.03833533645134
O           -4.21817778915109       -0.01052332321403        1.10748018857629
H           -3.36720217554206       -0.44209603746453       -0.74445426731795
H           -3.09708520423040       -1.59056830017042        0.59072066628532
H           -1.92491213610525        1.23469599934454        0.41775692206873
H           -0.52396417387133       -1.46653306346953        0.19936870889849
H            0.71114765816342        0.55510513250972        1.18938268751012
H            1.94049545648028       -1.31779342042946        0.18173578494176
H            2.96575212602276        1.42949539506653       -0.67798333367571
H            3.27741656462741        0.60419137252098        0.87567844682175
H            4.98917092980121        0.24201132060686       -0.66934999384259
H            2.55685862611793       -0.91300401107915       -2.09828614307793
H            0.08928472084576        1.48930517251404       -1.36677758444519
H           -0.23733521513845       -0.68994343306982       -1.99240615270768
H           -2.40655598988966       -0.00147641510389        2.50073109511770
H           -4.38140767286502        0.90117856697671        0.83723515468074
26
 energy: -44.363012541984 gnorm: 0.001139714867 xtb: 6.7.1pre (5071a88)
C           -3.16796685475332       -0.53195057671805        0.32714819212693
C           -1.84356761860525        0.16244062726334        0.66467051908582
C           -0.68339816099076       -0.42987243534302       -0.14274754673449
C            0.60151832999158        0.38657293877976        0.11196025213078
C            1.84084499641273       -0.38523417027950       -0.38780821276050
C            3.10564018617035        0.45348515186519       -0.19344413660073
O            4.17430656474602       -0.25180582921157       -0.79704423129641
O            1.68046042536359       -0.70230947015774       -1.75743087837181
O            0.49838850292523        1.64003830941797       -0.50780354386788
O           -1.01960769444863       -0.38018761367130       -1.50781987790055
O           -1.55413032807919        0.01391614005149        2.03506350046401
O           -4.21532309024218       -0.01036190856981        1.11394512794559
H           -3.37375662538467       -0.43978036782899       -0.74345582321561
H           -3.09854368716138       -1.59027337407655        0.58942565397493
H           -1.92585157716427        1.23488958549316        0.41675102260910
H           -0.52526649317629       -1.46587600584943        0.19012557751846
H            0.70757200194584        0.56218443238997        1.18573715029002
H            1.93919619162216       -1.31672250156600        0.19111733581076
H            2.96175598720130        1.42941894143429       -0.67330480893762
H            3.28004818488966        0.60194478417331        0.87789993188970
H            4.98714082036071        0.24641936441071       -0.67101787625887
H            2.56269799317554       -0.91560232157370       -2.09003920526516
H            0.08404370133954        1.48376558910732       -1.37133884107515
H           -0.23846274482427       -0.68814354038344       -1.99593521523957
H           -2.40410938842382       -0.01089471334860        2.49716466897622
H           -4.37363062289014        0.90393796419112        0.85134426470235
26
 energy: -44.363021317217 gnorm: 0.001068722417 xtb: 6.7.1pre (5071a88)
C           -3.16887243652119       -0.53127939331824        0.32565439402446
C           -1.84358893268168        0.16170980319170        0.66176784841517
C           -0.68327627698264       -0.42844066402038       -0.14596500644715
C            0.60128820595594        0.38786440529379        0.11097424753939
C            1.84124414818587       -0.38660317586916       -0.38252052066341
C            3.10532274779108        0.45380451629723       -0.19213764075975
O            4.17336886974666       -0.25211845496269       -0.79768504250147
O            1.68248962040531       -0.71025142241217       -1.75094287600877
O            0.50110102521019        1.63849937755220       -0.51352562973010
O           -1.01805896034432       -0.37440906770921       -1.51150294538917
O           -1.55433125247496        0.01153367992565        2.03200160739570
O           -4.21206241818438       -0.01253968958982        1.12126435852532
H           -3.38068685420405       -0.43391212348708       -0.74337986620807
H           -3.09953000065507       -1.59051712349878        0.58341820625537
H           -1.92590819786592        1.23464175685453        0.41458847616098
H           -0.52542435435809       -1.46558198030774        0.18335227164341
H            0.70409971024113        0.56752444390637        1.18430156959986
H            1.93914819461327       -1.31524286508069        0.20109126814589
H            2.95841643005737        1.42815036329618       -0.67377547290784
H            3.28328370020580        0.60459358265776        0.87810273998870
H            4.98511984973010        0.24813868009028       -0.67628178116496
H            2.56630749757256       -0.91689251971875       -2.08238119617241
H            0.08223491987987        1.47977174011403       -1.37412390498959
H           -0.23734821685888       -0.68529087504311       -1.99765998830548
H           -2.40521576714062       -0.01706173904948        2.49225816253692
H           -4.36912225132329        0.90390774488750        0.86626972101734
26
 energy: -44.363027063400 gnorm: 0.000754625218 xtb: 6.7.1pre (5071a88)
C           -3.16901586562869       -0.53058737450594        0.32386497357066
C           -1.84359623626625        0.16182075619009        0.66113405280973
C           -0.68300913779840       -0.42842279753381       -0.14603882988179
C            0.60141439431584        0.38817099558935        0.11193651992272
C            1.84147713633134       -0.38687870951104       -0.38038108674535
C            3.10555543799326        0.45428080926175       -0.19296750001772
O            4.17303917165103       -0.25360904969998       -0.79715462785140
O            1.68205161406240       -0.71328662911013       -1.74796023274378
O            0.50205539557755        1.63835365051191       -0.51285681415728
O           -1.01690149284520       -0.37414074687888       -1.51164393584735
O           -1.55589295422399        0.01126696076238        2.03132282912717
O           -4.21081742171651       -0.01588995359700        1.12418779561308
H           -3.38310576211332       -0.42806012101576       -0.74413698765334
H           -3.09879453077842       -1.59102128211376        0.57642474642250
H           -1.92539980501398        1.23477794944232        0.41359736331048
H           -0.52491989500719       -1.46558464661173        0.18308386864485
H            0.70304326009843        0.56756599761321        1.18540750417105
H            1.94002206849003       -1.31418118387566        0.20508914290631
H            2.95833648987607        1.42713394332081       -0.67763857051863
H            3.28431739414900        0.60866968501842        0.87671421073210
H            4.98493549355514        0.24756427879451       -0.68026715128820
H            2.56588263183975       -0.91813443852664       -2.08035633992516
H            0.08288178785720        1.48028178015585       -1.37362329729213
H           -0.23559732636369       -0.68449828136615       -1.99737454501921
H           -2.40790124742666       -0.01675626051222        2.49026747264157
H           -4.37006160061465        0.90116366819804        0.87253243906947
26
 energy: -44.363033942104 gnorm: 0.000623131695 xtb: 6.7.1pre (5071a88)
C           -3.16934898396553       -0.52886453987483        0.32052889903887
C           -1.84382725450370        0.16280877355138        0.65993827685103
C           -0.68268564113605       -0.42781959966477       -0.14632779024301
C            0.60189885700686        0.38849826365665        0.11335792106604
C            1.84212048023941       -0.38750544621325       -0.37734450778585
C            3.10608114151713        0.45505831245384       -0.19466863232276
O            4.17311651127504       -0.25511217876621       -0.79643449601973
O            1.68159350313948       -0.71991456172991       -1.74327352424861
O            0.50333870344105        1.63858209667591       -0.51173446284721
O           -1.01505614055798       -0.37322238634317       -1.51212788325453
O           -1.55841987062825        0.01148249701941        2.03022284151730
O           -4.20905286144638       -0.02276015917544        1.12903842913643
H           -3.38717949926894       -0.41671997871290       -0.74575043583609
H           -3.09656356551516       -1.59162195108228        0.56278330395404
H           -1.92475302163017        1.23584352223936        0.41259059133516
H           -0.52484932393238       -1.46494983571252        0.18289061078581
H            0.70192434064576        0.56731189917190        1.18712557893675
H            1.94173096249318       -1.31212298817684        0.21196448994448
H            2.95854884219489        1.42591661862377       -0.68365043865025
H            3.28545236583857        0.61464547599846        0.87433964918029
H            4.98485386618139        0.24821864138127       -0.68612804621161
H            2.56545645729219       -0.92356266974045       -2.07677170799286
H            0.08262205786544        1.48135921025898       -1.37220770680820
H           -0.23327776194819       -0.68444721499942       -1.99718981751144
H           -2.41177442734638       -0.01677541539419        2.48757254756445
H           -4.37195073725118        0.89567261455519        0.88441931042183
26
 energy: -44.363037824613 gnorm: 0.000680624305 xtb: 6.7.1pre (5071a88)
C           -3.16943021235327       -0.52710940346432        0.31775591201871
C           -1.84399804779184        0.16418849985315        0.65898293702826
C           -0.68254096802320       -0.42685516636797       -0.14665697678011
C            0.60225415683382        0.38891228127413        0.11395053373533
C            1.84260043407951       -0.38803682015554       -0.37518859959280
C            3.10633253492468        0.45574540977213       -0.19616205077446
O            4.17336747085948       -0.25555874293178       -0.79611747895858
O            1.68164153855389       -0.72571416583161       -1.73964919733701
O            0.50479840455544        1.63905333672548       -0.51143073541337
O           -1.01381451632458       -0.37183618377555       -1.51259193967804
O           -1.56011063804676        0.01160862390773        2.02934535644573
O           -4.20763513625604       -0.02843811781313        1.13245316840825
H           -3.39002931724263       -0.40745920880357       -0.74714774914697
H           -3.09445607670282       -1.59156344153532        0.55176466415277
H           -1.92425621492588        1.23740949736376        0.41241377861136
H           -0.52540799669254       -1.46403771036196        0.18266953341506
H            0.70157700302106        0.56763787723951        1.18779562501471
H            1.94288014835531       -1.31034304131237        0.21758341691878
H            2.95809238979874        1.42510877425529       -0.68798355787857
H            3.28597842690156        0.61886648445190        0.87230221009346
H            4.98453567221335        0.24966455862323       -0.68993188384370
H            2.56534595110751       -0.93050951341071       -2.07289861450326
H            0.08192467505857        1.48214205559340       -1.37096938290339
H           -0.23229905463678       -0.68483609056052       -1.99703033623094
H           -2.41417945102884       -0.01921177924436        2.48562242324738
H           -4.37317217623764        0.89117098650895        0.89428194395175
26
 energy: -44.363040758714 gnorm: 0.000489541537 xtb: 6.7.1pre (5071a88)
C           -3.16942594034090       -0.52543241359400        0.31554415814075
C           -1.84408023539088        0.16539620599000        0.65849067915681
C           -0.68226058082783       -0.42556756937270       -0.14674612729800
C            0.60279607115845        0.38936191721843        0.11435812705677
C            1.84307109173227       -0.38841911163053       -0.37376673871982
C            3.10644294531377        0.45649928404565       -0.19737624526104
O            4.17360772987904       -0.25565579406111       -0.79599688256868
O            1.68169445737790       -0.73017971199118       -1.73713234027724
O            0.50569995710799        1.63944028583548       -0.51161940954482
O           -1.01306468260920       -0.37037178880330       -1.51286037312880
O           -1.56142757053316        0.01152217669109        2.02901850111139
O           -4.20694623145807       -0.03262987674340        1.13439552966793
H           -3.39166382046469       -0.40030369601158       -0.74837453189399
H           -3.09275025647709       -1.59102538219346        0.54344735742007
H           -1.92382630699285        1.23885264312718        0.41310535116389
H           -0.52578483717209       -1.46278770074346        0.18269897180308
H            0.70190975227416        0.56843886021143        1.18820856663402
H            1.94397987466808       -1.30898130171570        0.22159697350839
H            2.95740539725617        1.42453981712401       -0.69143849927290
H            3.28637966285482        0.62223940948573        0.87061752468865
H            4.98417668152037        0.25099232476460       -0.69215721665932
H            2.56517323996290       -0.93765499858061       -2.06946403514455
H            0.08112188136263        1.48232782355533       -1.37017068848584
H           -0.23212011002289       -0.68525121413856       -1.99694095652658
H           -2.41594293255898       -0.02335669463058        2.48414735075567
H           -4.37416623761985        0.88800550616120        0.90157795367448
26
 energy: -44.363043007426 gnorm: 0.000329373914 xtb: 6.7.1pre (5071a88)
C           -3.16924334841875       -0.52399740200189        0.31373740121380
C           -1.84413927472420        0.16646698087164        0.65852967460392
C           -0.68219381561544       -0.42463978663480       -0.14645069821735
C            0.60294623054529        0.38997801316887        0.11440995047810
C            1.84328139997209       -0.38841241748708       -0.37268885584354
C            3.10650250702633        0.45723016561940       -0.19869259978272
O            4.17398762633133       -0.25580147362475       -0.79585679247692
O            1.68172362006212       -0.73324410603907       -1.73524095420560
O            0.50671948558045        1.63994797199280       -0.51222842844709
O           -1.01268613236341       -0.36910733505849       -1.51270327221443
O           -1.56258416785948        0.01093431906601        2.02921284704913
O           -4.20646575532486       -0.03530805487647        1.13516950101316
H           -3.39219436173056       -0.39487549820685       -0.74954268817972
H           -3.09164750682571       -1.59038698833365        0.53735146867374
H           -1.92325450519659        1.24027472640387        0.41453435718601
H           -0.52621291331351       -1.46198421346692        0.18289668331461
H            0.70216915344663        0.56972971101702        1.18814080309630
H            1.94468909280466       -1.30766049420760        0.22466008935220
H            2.95690460599377        1.42403371437059       -0.69480972277365
H            3.28659874681775        0.62531018500734        0.86885684628754
H            4.98408287790786        0.25178433185061       -0.69323651553776
H            2.56492637904159       -0.94410047755940       -2.06625104447622
H            0.08036085544228        1.48251573086988       -1.36983635585039
H           -0.23235194323031       -0.68564877792532       -1.99651835477727
H           -2.41741694995072       -0.02917879364020        2.48314498992603
H           -4.37450290641853        0.88613896882444        0.90657467058844
26
 energy: -44.363044630008 gnorm: 0.000251938950 xtb: 6.7.1pre (5071a88)
C           -3.16918586447150       -0.52273628249746        0.31241354474910
C           -1.84408519621652        0.16690610883715        0.65885330914817
C           -0.68190736941647       -0.42368157431952       -0.14619335116019
C            0.60329012044478        0.39071148277813        0.11456009912102
C            1.84355822768611       -0.38822948367496       -0.37185593809236
C            3.10659422896029        0.45805066454153       -0.19974513900517
O            4.17412978976505       -0.25634102530997       -0.79535207703119
O            1.68152068578650       -0.73545223737360       -1.73379397206382
O            0.50687034152314        1.64018442795399       -0.51298725754919
O           -1.01257689046517       -0.36823406319445       -1.51247751965147
O           -1.56355808349421        0.00985866512695        2.02962607551521
O           -4.20653133185411       -0.03678708857555        1.13526488711449
H           -3.39216900223058       -0.39083697391188       -0.75051600734834
H           -3.09128312344022       -1.58970349849329        0.53309051455678
H           -1.92261882739557        1.24102253152334        0.41618655559491
H           -0.52593202115553       -1.46101782742314        0.18311425416317
H            0.70241603860021        0.57131976016270        1.18818862248547
H            1.94544576003256       -1.30646250305928        0.22704418340259
H            2.95676944401754        1.42359168162800       -0.69813507895869
H            3.28681523361525        0.62856802147219        0.86737759615190
H            4.98409845017480        0.25158986920947       -0.69363602343125
H            2.56440312826255       -0.94891737459000       -2.06396828545453
H            0.07972655964851        1.48217082764579       -1.36998063171602
H           -0.23266063555306       -0.68571397365434       -1.99622463880086
H           -2.41866574610123       -0.03536606253096        2.48236649034056
H           -4.37446491672301        0.88550492772910        0.90994278792002
26
 energy: -44.363045802270 gnorm: 0.000216913354 xtb: 6.7.1pre (5071a88)
C           -3.16916023185652       -0.52184704136386        0.31142232073354
C           -1.84402806279641        0.16691984358776        0.65937369403219
C           -0.68175416828879       -0.42329990276535       -0.14584226914377
C            0.60330253777682        0.39147514558634        0.11461423021526
C            1.84362338805987       -0.38780030964048       -0.37111992654267
C            3.10666644581073        0.45876654747562       -0.20071762232317
O            4.17422385703756       -0.25719480857000       -0.79454382088714
O            1.68119192112331       -0.73687828651575       -1.73259128351457
O            0.50693845847304        1.64050075838303       -0.51380842678761
O           -1.01254050834069       -0.36773891441096       -1.51213218390227
O           -1.56424860976218        0.00828492194430        2.03015710531186
O           -4.20653129106992       -0.03717514560021        1.13503444173617
H           -3.39202058549530       -0.38806327133186       -0.75128935139993
H           -3.09153841887696       -1.58922864563731        0.53023419467701
H           -1.92198916268321        1.24136571603604        0.41798588814073
H           -0.52548417071534       -1.46064994039546        0.18330095320056
H            0.70232644211631        0.57279656665170        1.18813196076326
H            1.94592706183366       -1.30524311370334        0.22889970302020
H            2.95703585117360        1.42311991481717       -0.70144269233538
H            3.28682120524673        0.63179768836315        0.86600435747840
H            4.98430119805816        0.25069521931749       -0.69353845352563
H            2.56386795175078       -0.95174840697515       -2.06237564930457
H            0.07926750458194        1.48197015321724       -1.37047231146808
H           -0.23277938118338       -0.68563880582746       -1.99585196960720
H           -2.41951291565338       -0.04085541458917        2.48195607985263
H           -4.37390731632033        0.88566853194648        0.91177403158049
26
 energy: -44.363046758773 gnorm: 0.000165791310 xtb: 6.7.1pre (5071a88)
C           -3.16924125118650       -0.52106726407670        0.31063080447343
C           -1.84396858866503        0.16668229791329        0.65990714867836
C           -0.68164297057558       -0.42301033714809       -0.14563737212055
C            0.60325526120449        0.39219335230811        0.11460373743725
C            1.84367697169524       -0.38731971059067       -0.37043880328271
C            3.10672826631458        0.45951958989380       -0.20175591040993
O            4.17432128256445       -0.25824977838987       -0.79336118099704
O            1.68086293276948       -0.73816213097815       -1.73143084539673
O            0.50677973340554        1.64073093557231       -0.51457419497601
O           -1.01251801757489       -0.36753129952099       -1.51187343031637
O           -1.56475344026027        0.00623628460286        2.03057997911465
O           -4.20668107974390       -0.03720803638449        1.13470760154764
H           -3.39173018868318       -0.38556678320817       -0.75193379991947
H           -3.09220189347495       -1.58884351672733        0.52782599486286
H           -1.92132915226162        1.24148130727312        0.41986147221153
H           -0.52488195817735       -1.46030836904413        0.18339669508919
H            0.70201597831507        0.57421856667789        1.18801747789386
H            1.94636483662944       -1.30394787979202        0.23076381199125
H            2.95749291105519        1.42264281259756       -0.70504482782360
H            3.28651937078022        0.63533463951071        0.86457553329134
H            4.98464943545400        0.24934750454124       -0.69300699199580
H            2.56337500457318       -0.95358953446401       -2.06119433974911
H            0.07878559466229        1.48168933694407       -1.37104011953392
H           -0.23275438431877       -0.68557898004436       -1.99551206527253
H           -2.42013892964369       -0.04606083155855        2.48174472715056
H           -4.37298672485736        0.88636682409249        0.91335189805218
