20
 energy: -36.129953728725 gnorm: 0.059460276999 xtb: 6.7.1pre (5071a88)
C           -1.20695300000000       -0.12819300000000       -1.34899600000000
C           -1.24219700000000        0.85952600000000       -0.18231100000000
C           -0.36515900000000        0.34698900000000        0.96145400000000
C            1.03343300000000        0.01686300000000        0.44930800000000
C            0.92566000000000       -0.94511900000000       -0.74464900000000
O            0.13112700000000       -0.39147800000000       -1.78195200000000
O            2.23607900000000       -1.15867000000000       -1.25161400000000
O            1.80361700000000       -0.55751800000000        1.51617800000000
O           -0.30061600000000        1.34513100000000        1.99223100000000
O           -2.58044500000000        1.03472100000000        0.28349400000000
H           -1.76402900000000        0.28162700000000       -2.19860500000000
H           -1.70041000000000       -1.07235300000000       -1.08580700000000
H           -0.87825400000000        1.84018700000000       -0.51234100000000
H           -0.82324900000000       -0.53276900000000        1.43058200000000
H            1.55047000000000        0.93904200000000        0.15578800000000
H            0.53036500000000       -1.92041200000000       -0.43549100000000
H            2.09964300000000       -1.70529800000000       -2.04487000000000
H            2.63763600000000       -0.84897500000000        1.09422900000000
H            0.41023300000000        1.04345000000000        2.59397500000000
H           -2.49695000000000        1.55325100000000        1.10939800000000
20
 energy: -36.134580821855 gnorm: 0.033367848109 xtb: 6.7.1pre (5071a88)
C           -1.20449728098231       -0.12907079153303       -1.33393934118319
C           -1.23168032180562        0.86190272899597       -0.17100564747769
C           -0.35649217428999        0.34417135135336        0.97154068493306
C            1.03636714841609        0.01486839324756        0.44730147889212
C            0.92349365044831       -0.94225143613266       -0.74265603280207
O            0.12133576839229       -0.39344514572797       -1.76463684436752
O            2.21796833691561       -1.15140941508156       -1.25194655023744
O            1.79165077018814       -0.56929962229633        1.50251494891259
O           -0.29803825013104        1.34772651627766        1.98121651918120
O           -2.56968816302585        1.02350566798178        0.26682840468491
H           -1.73390011502339        0.28555669598748       -2.19547180284830
H           -1.69853885898188       -1.06565029069820       -1.03975009262189
H           -0.84190295830237        1.83341077494791       -0.50646027489587
H           -0.81232501608209       -0.55749058236355        1.40701736134060
H            1.53607133299742        0.93598188923163        0.11678899134021
H            0.50054977045552       -1.90559926531425       -0.40700256544213
H            2.10943058447370       -1.66658025425887       -2.06360240923869
H            2.62277536629553       -0.86589657925549        1.10208415408274
H            0.40173457801914        1.06688725932941        2.59019215933568
H           -2.51431316797722        1.53268410530915        1.09098785841167
20
 energy: -36.136058662880 gnorm: 0.007958196889 xtb: 6.7.1pre (5071a88)
C           -1.19892563267237       -0.13162475495977       -1.32624618774492
C           -1.22807667149458        0.86553399627597       -0.16581829550527
C           -0.34935060566924        0.34683369139958        0.97710587384723
C            1.04262692234033        0.01323925972772        0.44767653295949
C            0.92037476046546       -0.94507734923996       -0.74150428552808
O            0.11493799280283       -0.40413821941301       -1.75562384890676
O            2.19678330293385       -1.15454293253992       -1.24693103917601
O            1.78745641933798       -0.56647080040395        1.49317213988651
O           -0.29852816465429        1.33967085747927        1.97685095845618
O           -2.55974614077657        1.02200164121112        0.25361921560590
H           -1.71439967479324        0.27948780761925       -2.19350783846200
H           -1.69903634412218       -1.05729040837414       -1.00591308821577
H           -0.81429535210738        1.82976325983685       -0.50115196211013
H           -0.79770809960821       -0.57404080483793        1.38697187955016
H            1.52800903818028        0.93438687510793        0.08885163752057
H            0.47435140852733       -1.90000900652118       -0.38497511305450
H            2.11555643578464       -1.62365502283437       -2.08850551608409
H            2.61733507485981       -0.87591556138801        1.11467802551449
H            0.39261756338614        1.07730903754383        2.59428184325456
H           -2.52998123272060        1.52454043431070        1.07697006819242
20
 energy: -36.136195170967 gnorm: 0.004897885435 xtb: 6.7.1pre (5071a88)
C           -1.19776030311700       -0.13361975186930       -1.32520413966516
C           -1.22593725064114        0.86758861073165       -0.16661132915778
C           -0.34833997469235        0.34697392928879        0.97864107080906
C            1.04544578936113        0.01339790995148        0.44793693138683
C            0.92080899415311       -0.94984827054824       -0.74060073893609
O            0.11399155674093       -0.41041990477293       -1.75426953301419
O            2.19332084578780       -1.16229356732820       -1.24579581809940
O            1.78936820108854       -0.55987403618361        1.49367371742118
O           -0.30139085825882        1.33575017212287        1.97822178744842
O           -2.55603018743454        1.02598659102905        0.24783762353825
H           -1.71650409882091        0.27527831692615       -2.19109834103523
H           -1.70102750795305       -1.05592939926807       -1.00073321364014
H           -0.80777574302919        1.83032443327883       -0.50196762216702
H           -0.79502307802407       -0.57660336710905        1.38505384507672
H            1.52900261325389        0.93394359850515        0.08428642621042
H            0.47130437482032       -1.90313757850797       -0.38015395172071
H            2.11403554568384       -1.60400587134935       -2.10295978701802
H            2.61892298245123       -0.87861093183310        1.12004341816140
H            0.38802097865354        1.07819336744150        2.60084919911231
H           -2.53443188002325        1.52690774949435        1.07285145528914
20
 energy: -36.136283649078 gnorm: 0.005672509779 xtb: 6.7.1pre (5071a88)
C           -1.19671688624576       -0.13681279909998       -1.32428914479267
C           -1.22365101913982        0.86890993668555       -0.16831262463303
C           -0.34819308276512        0.34658262144429        0.97968153531053
C            1.04805278253998        0.01389210916191        0.44897423162054
C            0.92153806974266       -0.95556779811770       -0.73797558278370
O            0.11369064193433       -0.41824140705480       -1.75310181843841
O            2.19136181235880       -1.17317909459556       -1.24470057932914
O            1.79374904226252       -0.55131799479485        1.49611395469246
O           -0.30475590260490        1.33127200817051        1.98109066966075
O           -2.55284246739162        1.03328746505085        0.24142777622540
H           -1.72021841258585        0.26969416575697       -2.18893582465370
H           -1.70298256475407       -1.05610722849980       -0.99677183787292
H           -0.80081477737923        1.82927109326917       -0.50465537923227
H           -0.79401779382425       -0.57840144880417        1.38336002871945
H            1.52976852280538        0.93359487974330        0.08106803756090
H            0.47106558295438       -1.90704888540680       -0.37339512653091
H            2.10788649296499       -1.57722568717199       -2.12023227640925
H            2.62108467294069       -0.88130495836587        1.12437117800550
H            0.38300205771489        1.07593727444710        2.60815961474618
H           -2.53700577152800        1.53276774818187        1.06812416813428
20
 energy: -36.136339260534 gnorm: 0.005480633313 xtb: 6.7.1pre (5071a88)
C           -1.19619726964013       -0.14020797638211       -1.32302282627426
C           -1.22133428689520        0.86924015879666       -0.16992428488297
C           -0.34883143770391        0.34555082270662        0.98016388125691
C            1.04879213192802        0.01451457761773        0.44984599637489
C            0.92174944536768       -0.95977927031707       -0.73444042741992
O            0.11365726711551       -0.42473436033394       -1.75136058314460
O            2.19050969366999       -1.18156684647247       -1.24361093856161
O            1.79719063374523       -0.54512176330432        1.49808984959664
O           -0.30747113102396        1.32777518606085        1.98377990818660
O           -2.55020601837767        1.04042885069293        0.23702777188744
H           -1.72165435033646        0.26457092646365       -2.18789270940257
H           -1.70402067931230       -1.05777920875654       -0.99340536297862
H           -0.79425400324751        1.82698273486828       -0.50815865694775
H           -0.79469862932812       -0.58019822156661        1.38149703675199
H            1.52846715522892        0.93388705477175        0.07906740752623
H            0.47199691569124       -1.90977329170414       -0.36644083014697
H            2.10062520842260       -1.55209428180663       -2.13277816626628
H            2.62133560837246       -0.88261373790675        1.12523916593670
H            0.37946885065133        1.07180359322299        2.61200486905209
H           -2.53512410432773        1.53911705334915        1.06431989945606
20
 energy: -36.136401699257 gnorm: 0.004197993659 xtb: 6.7.1pre (5071a88)
C           -1.19620924307961       -0.14535543238749       -1.32078934797869
C           -1.21822101054786        0.86874708125922       -0.17199632188918
C           -0.35009355458563        0.34367426692323        0.98030058122258
C            1.04829814831877        0.01461090789489        0.45107982998954
C            0.92132895060758       -0.96478182917263       -0.72875104333991
O            0.11342850111148       -0.43364112192077       -1.74803039376521
O            2.18970451596669       -1.19095023159996       -1.24160311887328
O            1.80074555686819       -0.53910115321347        1.50054715825258
O           -0.31073285625725        1.32392180806406        1.98667663876465
O           -2.54686178092742        1.05058898093323        0.23238959449590
H           -1.72125013094037        0.25719588445766       -2.18741375370742
H           -1.70528562409780       -1.06107335871841       -0.98808427384394
H           -0.78492945241501        1.82226216640174       -0.51400681456036
H           -0.79693682109886       -0.58260659232001        1.37860098335804
H            1.52489538721102        0.93388107250417        0.07679493588169
H            0.47367763697782       -1.91310788148733       -0.35633062849395
H            2.09096438982459       -1.51429609900789       -2.14754114036094
H            2.61994187106865       -0.88424013605497        1.12447910564204
H            0.37612210879670        1.06567573839595        2.61386518406720
H           -2.52858559280169        1.54859792904878        1.05981382513866
20
 energy: -36.136436305594 gnorm: 0.001775882650 xtb: 6.7.1pre (5071a88)
C           -1.19713564581261       -0.14930512546509       -1.31896180312220
C           -1.21625362129124        0.86787961546640       -0.17341954854520
C           -0.35111045525936        0.34233334895490        0.97999647091475
C            1.04689999734568        0.01378711062402        0.45184153653284
C            0.92056613102730       -0.96772167649657       -0.72481709524743
O            0.11273530331887       -0.44020282961300       -1.74513593814054
O            2.18919586726013       -1.19495310759416       -1.24048578127086
O            1.80135036237154       -0.53759910930631        1.50195225358569
O           -0.31244910507098        1.32249287385168        1.98747720945723
O           -2.54453862049838        1.05739201509674        0.23047150222810
H           -1.71958540980488        0.25166573693481       -2.18770374193439
H           -1.70667199515552       -1.06384837234796       -0.98384009179833
H           -0.77875796842074        1.81821904756688       -0.51878282544155
H           -0.79941505642311       -0.58375103814369        1.37689797971034
H            1.52192422653035        0.93307668013327        0.07574284924636
H            0.47555653381884       -1.91570992789053       -0.34961311897969
H            2.08634058328726       -1.48500425135499       -2.15520798945325
H            2.61721168992651       -0.88662074576227        1.12339351904127
H            0.37534317807592        1.06266578160389        2.61245803008116
H           -2.52120499522558        1.55520597374197        1.05773758313569
20
 energy: -36.136442244972 gnorm: 0.005493726146 xtb: 6.7.1pre (5071a88)
C           -1.19875492089139       -0.15510078487620       -1.31629264461113
C           -1.21444668183505        0.86645529553224       -0.17520258421152
C           -0.35202774958958        0.34170080190155        0.97978740917962
C            1.04484971803554        0.00995060333819        0.45378078273467
C            0.91900086546665       -0.97324340503226       -0.71998498447619
O            0.11167851508443       -0.44930919063749       -1.74056020552341
O            2.18821031962452       -1.20011687908948       -1.23709686190630
O            1.79929082144140       -0.53980435231478        1.50496970243400
O           -0.31279539129162        1.32434970645982        1.98542764708540
O           -2.54182065492781        1.06452176354623        0.22862972073296
H           -1.71714335607561        0.24326507763940       -2.18803449114726
H           -1.70898750215744       -1.06777553378272       -0.97734702375396
H           -0.77232392279482        1.81290134799553       -0.52553561380392
H           -0.80303067784910       -0.58275038668692        1.37736444792916
H            1.52011889996555        0.92846646977429        0.07533771130271
H            0.47680408615650       -1.92200191324593       -0.34313475237898
H            2.08456663267558       -1.43619671465322       -2.17091941400545
H            2.61219279068443       -0.89352619917661        1.12539906334550
H            0.37686974187059        1.06522564408749        2.60810088331471
H           -2.51225053359277        1.56299064922086        1.05531220775938
20
 energy: -36.136460130317 gnorm: 0.001653810398 xtb: 6.7.1pre (5071a88)
C           -1.19994124943291       -0.15550097723100       -1.31624679007984
C           -1.21514940069663        0.86598742974269       -0.17533403461679
C           -0.35201946888747        0.34225796412475        0.97934942269293
C            1.04407936379067        0.00853074785338        0.45389546119159
C            0.91879740752308       -0.97279482643907       -0.72093708992633
O            0.11089738211305       -0.44975792092545       -1.74061704608233
O            2.18846185174253       -1.19721114167522       -1.23840402055835
O            1.79645514362058       -0.54399477532458        1.50515592747185
O           -0.31145649851541        1.32690730637504        1.98335773131871
O           -2.54222258595500        1.06343951220149        0.23026057144365
H           -1.71702577539842        0.24264127615947       -2.18845327148970
H           -1.70983063684142       -1.06821315542853       -0.97724876435848
H           -0.77407481441826        1.81263085496160       -0.52620484297065
H           -0.80400709208651       -0.58096828752614        1.37903972468054
H            1.52143664032577        0.92676576528516        0.07702457829579
H            0.47859567675233       -1.92302499628831       -0.34464633118112
H            2.08824456308470       -1.43202329044598       -2.16798503643487
H            2.60991799218706       -0.89693245799440        1.12618791450752
H            0.37928287540071        1.06871113737674        2.60515377574448
H           -2.51044037430843        1.56255183519838        1.05665312035139
20
 energy: -36.136467983850 gnorm: 0.000493726600 xtb: 6.7.1pre (5071a88)
C           -1.19949609959150       -0.15544654958863       -1.31660297226713
C           -1.21564624245220        0.86608482276321       -0.17537819678007
C           -0.35152471446326        0.34338120746320        0.97973701247777
C            1.04489103755766        0.00773562278802        0.45443778601110
C            0.91926207445224       -0.97322445333281       -0.72219554500937
O            0.11118675921746       -0.44900755859207       -1.74158933110337
O            2.18845105001231       -1.19846761253446       -1.23941829878997
O            1.79503069416393       -0.54613691424471        1.50619941496232
O           -0.30992067738918        1.32937352970409        1.98195416856658
O           -2.54284243657432        1.06114417513314        0.23011161748561
H           -1.71880408132602        0.24237143733636       -2.18791333518824
H           -1.70920031683856       -1.06829008281976       -0.97790748560448
H           -0.77616152173691        1.81373836760027       -0.52556503147898
H           -0.80356983760077       -0.57893254217049        1.38164998141032
H            1.52457647952080        0.92528534334810        0.07868401600086
H            0.47867055410844       -1.92376762149305       -0.34654850957525
H            2.08902529166897       -1.42989861890974       -2.17024871779642
H            2.60947074310390       -0.89984629690634        1.12900194835434
H            0.38039601910428        1.07288031904710        2.60534355519202
H           -2.51379377493727        1.56102542540860        1.05624892313237
20
 energy: -36.136473031833 gnorm: 0.000505713162 xtb: 6.7.1pre (5071a88)
C           -1.19937042414351       -0.15674943955171       -1.31622656830468
C           -1.21600522732235        0.86551634206631       -0.17567249440721
C           -0.35092922923024        0.34477716977899        0.97991062110768
C            1.04518220900746        0.00538690657295        0.45548525407735
C            0.91919357395326       -0.97485751627983       -0.72258447409035
O            0.11134773399261       -0.44944392001682       -1.74143565494196
O            2.18819519621328       -1.20030056364807       -1.24014877126420
O            1.79216581618422       -0.55133363839997        1.50781739089939
O           -0.30717047024678        1.33396654879997        1.97879184624900
O           -2.54338368459386        1.05909246228967        0.22983548555379
H           -1.72005073541040        0.24019017128347       -2.18731288034077
H           -1.70835541132951       -1.06972454050335       -0.97681715303360
H           -0.77781932261886        1.81365122005382       -0.52633727807190
H           -0.80383517482135       -0.57560382623111        1.38542037509873
H            1.52815189718151        0.92203492741016        0.08138487616367
H            0.47876494161803       -1.92589385161989       -0.34767726193737
H            2.08991588873840       -1.41524079340644       -2.17522755221916
H            2.60731712234470       -0.90537700548146        1.13242437389930
H            0.38249893936430        1.07889605991536        2.60355462323636
H           -2.51581263888091        1.56101528696795        1.05481624232593
20
 energy: -36.136474889067 gnorm: 0.000450601632 xtb: 6.7.1pre (5071a88)
C           -1.19903629593092       -0.15784000574410       -1.31597685128264
C           -1.21603193471747        0.86479189855670       -0.17583335516725
C           -0.35040457170666        0.34588314608432        0.98011833297244
C            1.04523524342840        0.00371938903863        0.45615508948944
C            0.91906732702587       -0.97575261103162       -0.72261700749874
O            0.11170493953007       -0.44953399529287       -1.74135861065102
O            2.18794841677427       -1.20211844631081       -1.24060155923171
O            1.78998335881332       -0.55504896380353        1.50911252178077
O           -0.30485308386176        1.33782821838562        1.97634362048513
O           -2.54360042851577        1.05707657879700        0.22983490537885
H           -1.72052315077612        0.23831373755344       -2.18697382235147
H           -1.70708071722640       -1.07114209249437       -0.97600031978782
H           -0.77893727462187        1.81324209308800       -0.52701897280632
H           -0.80391250429639       -0.57297377475814        1.38836640220783
H            1.53045091031203        0.91961081981122        0.08300496366758
H            0.47834382608376       -1.92665905666325       -0.34815323970640
H            2.08954993988130       -1.40333485808202       -2.17877032814482
H            2.60520959460688       -0.90992315903462        1.13453342551297
H            0.38366608564878        1.08283616157522        2.60232874868451
H           -2.51677868045131        1.56102692032520        1.05350705644869
20
 energy: -36.136475332897 gnorm: 0.000156374679 xtb: 6.7.1pre (5071a88)
C           -1.19871015533805       -0.15804709714043       -1.31587185989251
C           -1.21626212241094        0.86455539980608       -0.17573755095738
C           -0.35002595709992        0.34639070594507        0.98001328211076
C            1.04545756313109        0.00329122211604        0.45625900132117
C            0.91898015826632       -0.97612265556425       -0.72238464004846
O            0.11210973393098       -0.44917514611814       -1.74113831266134
O            2.18778457162965       -1.20307298385042       -1.24051398215023
O            1.78954835033682       -0.55644172286306        1.50923368307549
O           -0.30372942898545        1.33945942944224        1.97509157883287
O           -2.54403456805787        1.05576722562202        0.22992520920291
H           -1.72032423210158        0.23801796023969       -2.18681908661377
H           -1.70630680579798       -1.07162283354742       -0.97585062169599
H           -0.77982168212315        1.81330424726099       -0.52696719106507
H           -0.80355651619686       -0.57191355337702        1.38939169987874
H            1.53135744094594        0.91898124142348        0.08354548637183
H            0.47763185372820       -1.92675794495031       -0.34821816760666
H            2.08928350027186       -1.39947715827942       -2.17935706329097
H            2.60443621487662       -0.91195794265910        1.13466236032852
H            0.38389355706751        1.08404951068628        2.60182704614476
H           -2.51771047607319        1.56077409580768        1.05291012871532
