24
 energy: -43.354903968729 gnorm: 0.065445204109 xtb: 6.7.1pre (5071a88)
C            2.61186600000000       -0.46101000000000        0.11284500000000
C            1.16767800000000       -0.19134700000000       -0.32276300000000
C            0.62098200000000        1.08968000000000        0.32264100000000
C           -0.85615200000000        1.26396800000000       -0.03902100000000
C           -1.64257100000000        0.00363100000000        0.30588600000000
C           -0.97499100000000       -1.21105200000000       -0.35740900000000
O            0.37770600000000       -1.33989900000000        0.05441900000000
O           -1.68139000000000       -2.37336500000000        0.05481900000000
O           -2.99947600000000        0.16015100000000       -0.13486300000000
O           -1.38287800000000        2.39441400000000        0.67322800000000
O            1.34783700000000        2.23815300000000       -0.11564600000000
O            3.06800500000000       -1.68105200000000       -0.47751400000000
H            2.68153100000000       -0.58068600000000        1.19909300000000
H            3.28551300000000        0.34216000000000       -0.19910500000000
H            1.15429000000000       -0.11451300000000       -1.41831500000000
H            0.72130700000000        1.03880500000000        1.41427200000000
H           -0.96349600000000        1.50893300000000       -1.10316000000000
H           -1.68276900000000       -0.12484600000000        1.39481400000000
H           -1.04324500000000       -1.15390700000000       -1.45069900000000
H           -1.26082700000000       -3.10600500000000       -0.42709200000000
H           -3.41768400000000       -0.71131600000000        0.02014200000000
H           -2.35250500000000        2.34779400000000        0.54504900000000
H            0.83216900000000        3.00726100000000        0.20355400000000
H            2.38909800000000       -2.34595000000000       -0.25517400000000
24
 energy: -43.360502441066 gnorm: 0.036926948278 xtb: 6.7.1pre (5071a88)
C            2.59739705807144       -0.47809721950565        0.11845773592764
C            1.16205232262123       -0.17852529796317       -0.31977252393660
C            0.60581946694846        1.09387164349701        0.32608302533507
C           -0.87022193671783        1.26597947678534       -0.03899988704526
C           -1.64567148179504        0.00086337200297        0.30716312837289
C           -0.97398594468041       -1.20526046949047       -0.35358132554984
O            0.37252408213112       -1.31506075154052        0.05145889791328
O           -1.66688540648968       -2.35941278916772        0.05396862363497
O           -2.98523695148763        0.15121619569053       -0.14696368089098
O           -1.37843050517150        2.38647332329761        0.67852662584259
O            1.35125702078785        2.21220263422651       -0.12098395539350
O            3.06938785387349       -1.67325562548203       -0.48002505323361
H            2.64796911958605       -0.57053932104297        1.21028142827291
H            3.25396656088741        0.32872726362012       -0.20799072562163
H            1.14099801313582       -0.08099733027714       -1.41452687482768
H            0.69733934697011        1.01638322790776        1.41898958735723
H           -0.96153158413636        1.47653388031402       -1.11485107021930
H           -1.65148021853231       -0.14526558299760        1.39601328582677
H           -1.03128617129607       -1.11037738394957       -1.45156901796307
H           -1.24578199988373       -3.11052186289697       -0.38652621310393
H           -3.41539266118496       -0.70469339413760        0.00013086745834
H           -2.34043779886970        2.35885714374348        0.56208077792152
H            0.85753364881902        2.99158978950264        0.18206320057398
H            2.41009616641324       -2.35068892213658       -0.26942585665179
24
 energy: -43.362367109356 gnorm: 0.009168307035 xtb: 6.7.1pre (5071a88)
C            2.58563390270592       -0.48248165352791        0.11869512742120
C            1.15191985775219       -0.17938399187424       -0.32156768857827
C            0.60300594705446        1.09374406755677        0.32832926602767
C           -0.87591906686979        1.26518119892102       -0.03407752105367
C           -1.65073666609412       -0.00323058548946        0.30891655574077
C           -0.97382261161365       -1.20392675012306       -0.35627119025473
O            0.36719226070937       -1.30911095271544        0.03987242636168
O           -1.65597446895425       -2.34491948397128        0.04305138391268
O           -2.97479870305008        0.14925275444555       -0.14438318743457
O           -1.37024464299084        2.37873068558750        0.67459997026717
O            1.35549768811370        2.19051365262127       -0.12044464377926
O            3.06363692207445       -1.65881432160630       -0.47568411547123
H            2.61234964404602       -0.55871870327802        1.21412870308329
H            3.23523721812340        0.32884458507604       -0.20821074017649
H            1.12667931444225       -0.05641537000150       -1.41569855317491
H            0.67904766457585        0.99739537143824        1.42349997835470
H           -0.96004713702676        1.44483993571042       -1.11923767522246
H           -1.62714718225939       -0.16367281700447        1.39801291896686
H           -1.02261992477344       -1.07613346492897       -1.45919430385270
H           -1.22338049028609       -3.11916311923892       -0.34161904223623
H           -3.42064802045564       -0.69466677430651       -0.01474877437267
H           -2.32797765946353        2.37091129453832        0.57106554151932
H            0.88217560189154        2.98084071908685        0.16884835466135
H            2.42093855234843       -2.34961427691590       -0.27788179070949
24
 energy: -43.362571188003 gnorm: 0.005603606346 xtb: 6.7.1pre (5071a88)
C            2.58223778449502       -0.48226816505707        0.11785369064243
C            1.14720922832008       -0.18302422068074       -0.32487212245106
C            0.60211931207650        1.09091335314856        0.32901269594906
C           -0.87786895436418        1.26625647268441       -0.03334233562662
C           -1.65345941913394       -0.00405406859446        0.31062234346275
C           -0.97637600812346       -1.20496734361082       -0.36099746733584
O            0.36513071220673       -1.31253450997407        0.03214722343718
O           -1.65695742229697       -2.34359865046655        0.03430620314744
O           -2.97563949173955        0.15333463980763       -0.13642701181618
O           -1.36732202675183        2.38066590255290        0.67062521136452
O            1.35872953893498        2.18208619393898       -0.11707808898384
O            3.07010324218569       -1.65301472843377       -0.47355757485041
H            2.60163510692378       -0.55804068128089        1.21373217709825
H            3.22911134473841        0.33504651564124       -0.20086992629675
H            1.12251899378643       -0.05340638876671       -1.41857909864098
H            0.67448248419945        0.99170653601785        1.42465542282781
H           -0.96263093693801        1.44056922403759       -1.11962378504083
H           -1.62456323128564       -0.16817161605178        1.39944414283352
H           -1.02499774547417       -1.07050428182735       -1.46455923454108
H           -1.20683365554840       -3.12378159441375       -0.31984777253971
H           -3.42675581409955       -0.69046015580411       -0.01818195226334
H           -2.32638339665578        2.38114384063922        0.57174392833171
H            0.89278524427515        2.97902403860691        0.16726875232088
H            2.43372311026925       -2.35291831211320       -0.28347442102888
24
 energy: -43.362689983762 gnorm: 0.006495238085 xtb: 6.7.1pre (5071a88)
C            2.57935373087414       -0.48150473418366        0.11869297833066
C            1.14319422858932       -0.18776269342452       -0.32872684217866
C            0.60144885170420        1.08702604258427        0.32866001121567
C           -0.87898427729862        1.26721074790103       -0.03419369843064
C           -1.65651185456807       -0.00371185674225        0.31248945030993
C           -0.98161720254857       -1.20547705668226       -0.36657572879197
O            0.36183304950284       -1.31738136471200        0.02298879228679
O           -1.66206238015661       -2.34443477411421        0.02394552290987
O           -2.97979119063228        0.15818375222441       -0.12592717756484
O           -1.36465560638694        2.38375309510498        0.66578347411001
O            1.36320219651887        2.17472799502330       -0.11270940970721
O            3.08001210076305       -1.64562175700383       -0.47354448086847
H            2.59258069068649       -0.56202300454035        1.21447014930576
H            3.22266979200969        0.34334710166095       -0.18966262896700
H            1.12076712894106       -0.05338812342629       -1.42180879015357
H            0.67081568183103        0.98553474415565        1.42438624229160
H           -0.96543224493595        1.43878662986114       -1.12055054975975
H           -1.62329024466403       -0.17070308965723        1.40068108773543
H           -1.03248145650103       -1.06615748301320       -1.46970942491998
H           -1.18651541536004       -3.12546271683823       -0.29492849794256
H           -3.43282914642783       -0.68753664517566       -0.01992166587580
H           -2.32510230067346        2.39069162105774        0.56987775992794
H            0.90278214627794        2.97701408828015        0.16763641217092
H            2.45061172245479       -2.35510851833989       -0.29135198543413
24
 energy: -43.362684973805 gnorm: 0.011476513319 xtb: 6.7.1pre (5071a88)
C            2.57646967725325       -0.48074130331026        0.11953226601889
C            1.13917922885856       -0.19250116616829       -0.33258156190626
C            0.60077839133189        1.08313873201999        0.32830732648229
C           -0.88009960023306        1.26816502311765       -0.03504506123466
C           -1.65956429000219       -0.00336964489004        0.31435655715711
C           -0.98685839697367       -1.20598676975370       -0.37215399024809
O            0.35853538679896       -1.32222821944992        0.01383036113641
O           -1.66716733801625       -2.34527089776186        0.01358484267230
O           -2.98394288952502        0.16303286464118       -0.11542734331349
O           -1.36198918602205        2.38684028765706        0.66094173685551
O            1.36767485410277        2.16736979610762       -0.10834073043059
O            3.08992095934041       -1.63822878557390       -0.47353138688652
H            2.58352627444920       -0.56600532779981        1.21520812151327
H            3.21622823928097        0.35164768768067       -0.17845533163725
H            1.11901526409569       -0.05336985808588       -1.42503848166615
H            0.66714887946261        0.97936295229344        1.42411706175538
H           -0.96823355293389        1.43700403568469       -1.12147731447867
H           -1.62201725804242       -0.17323456326269        1.40191803263735
H           -1.03996516752788       -1.06181068419906       -1.47485961529888
H           -1.16619717517168       -3.12714383926270       -0.27000922334540
H           -3.43890247875610       -0.68461313454721       -0.02166137948826
H           -2.32382120469115        2.40023940147626        0.56801159152418
H            0.91277904828073        2.97500413795339        0.16800407202095
H            2.46750033464033       -2.35729872456659       -0.29922954983939
24
 energy: -43.362761900507 gnorm: 0.005285209084 xtb: 6.7.1pre (5071a88)
C            2.57704352944780       -0.48177499869649        0.12067989734082
C            1.14106090596521       -0.19104368914667       -0.33144312933734
C            0.60045315869891        1.08387216586134        0.32790226899195
C           -0.87945920812187        1.26771336832834       -0.03612790069000
C           -1.65807942944985       -0.00266429443401        0.31401469483048
C           -0.98654419061668       -1.20467660343408       -0.37067512270884
O            0.35858295484418       -1.32074946100843        0.01564341823771
O           -1.66666294700839       -2.34570606534753        0.01653999098736
O           -2.98364227752928        0.16135763443755       -0.11718058335159
O           -1.36316875165958        2.38661267384252        0.66113426317395
O            1.36595500150242        2.17037050929460       -0.10922312052634
O            3.08838653361948       -1.63923570904546       -0.47601459910422
H            2.58538961158743       -0.56994783844713        1.21594674719956
H            3.21714417502701        0.34924093314829       -0.17832504001342
H            1.12209664378119       -0.05427296560138       -1.42403464100688
H            0.66764218396456        0.98043774673082        1.42350637637417
H           -0.96690476452947        1.43739922763173       -1.12247080931474
H           -1.62101933753642       -0.17063184785552        1.40166275133661
H           -1.04070256085924       -1.06236513840650       -1.47291630533573
H           -1.17067517874453       -3.12241177444905       -0.27501880231126
H           -3.43516679705843       -0.68646551818681       -0.01918589074113
H           -2.32401870812786        2.39582485637755        0.56606739235153
H            0.90745315531690        2.97449564688529        0.16915794728913
H            2.46483429748651       -2.35537685847895       -0.29963880367176
24
 energy: -43.362824988568 gnorm: 0.002018926265 xtb: 6.7.1pre (5071a88)
C            2.57565423062003       -0.48424985675164        0.12314871852634
C            1.14177405345966       -0.19057406212871       -0.33119107919860
C            0.59927103176470        1.08337409882628        0.32737998976183
C           -0.87903241384981        1.26761391792139       -0.03850609542913
C           -1.65751903025442       -0.00093263800600        0.31273482784056
C           -0.98901958797727       -1.20185924575796       -0.37246844651285
O            0.35567514117639       -1.31982390657175        0.01404166702534
O           -1.67014233177368       -2.34460398282299        0.01519083932788
O           -2.98531126654555        0.16155767360350       -0.11642158218604
O           -1.36362437608173        2.38749621967600        0.65942430159998
O            1.36526611451168        2.17178334618258       -0.10769803536195
O            3.08993320793958       -1.63631167073858       -0.48327770659854
H            2.58221390098430       -0.58202397923636        1.21745516551611
H            3.21454201074488        0.34896047276964       -0.17028012969142
H            1.12623510682418       -0.05463848985536       -1.42374553336143
H            0.66598624174533        0.97828662296191        1.42271027429368
H           -0.96519014958996        1.43739880413706       -1.12481918560114
H           -1.61830076457950       -0.16775926788667        1.40025083151942
H           -1.04442418202346       -1.06065055059727       -1.47401075530082
H           -1.16054971894994       -3.11740013867205       -0.25849558587914
H           -3.43212156036594       -0.68742215989177       -0.01754274685978
H           -2.32343438943540        2.39279416282881        0.56253335517889
H            0.90324687509775        2.97247822317261        0.17234864983691
H            2.46886985655817       -2.35349159316264       -0.30876073844611
24
 energy: -43.362874021534 gnorm: 0.002590673505 xtb: 6.7.1pre (5071a88)
C            2.57247478034764       -0.48741692687204        0.12635535761254
C            1.14081965956948       -0.19157699382663       -0.33223563371644
C            0.59774203924363        1.08166207799302        0.32696060945649
C           -0.87907035345676        1.26793849946043       -0.04140251178723
C           -1.65812226845584        0.00109196079168        0.31173397409575
C           -0.99310017198139       -1.19917318756335       -0.37572842058872
O            0.35150013884101       -1.32077406705194        0.00880670101197
O           -1.67416947122132       -2.34387150402346        0.01119997513092
O           -2.98812471193913        0.16425585486124       -0.11240380051704
O           -1.36326852731028        2.38987902271052        0.65490295387937
O            1.36582852360017        2.17077572885149       -0.10430264583055
O            3.09495018304484       -1.62925884394242       -0.49365581425565
H            2.57339867661607       -0.60038362880570        1.21928030833784
H            3.20943173502326        0.35197478558106       -0.15329546049249
H            1.12972191934551       -0.05439365808290       -1.42457216346416
H            0.66262529978601        0.97417814283254        1.42210861712336
H           -0.96352215690564        1.43666732796735       -1.12792333435515
H           -1.61499577334968       -0.16572234220569        1.39898836661081
H           -1.05104785584200       -1.05746243513122       -1.47672414671284
H           -1.14040057618120       -3.11216524951759       -0.22668206085331
H           -3.43128423973761       -0.68689686011021       -0.01817724052569
H           -2.32279042414621        2.39337935784101        0.55767146978809
H            0.90172139809527        2.97007419143736        0.17579810957437
H            2.47968017701419       -2.35277925319454       -0.32670220952222
24
 energy: -43.362903649738 gnorm: 0.002943132509 xtb: 6.7.1pre (5071a88)
C            2.56929680613576       -0.49077189947075        0.12912568551359
C            1.13954986458660       -0.19242891191631       -0.33320598024067
C            0.59671965929042        1.08037886025091        0.32710751866801
C           -0.87923926559290        1.26844198430216       -0.04360782909366
C           -1.65928667962712        0.00272261078378        0.31070017946590
C           -0.99640319091374       -1.19752644204737       -0.37857428707288
O            0.34790091516461       -1.32160294887965        0.00367746704369
O           -1.67651351484611       -2.34334520522071        0.00825986460610
O           -2.99014800368639        0.16718177280112       -0.10961152834254
O           -1.36296126655401        2.39216884781329        0.64998548771189
O            1.36666382862493        2.16939771085336       -0.10078714766798
O            3.09985527839737       -1.62126434522315       -0.50472995960291
H            2.56352750786473       -0.62012098342934        1.22037322485643
H            3.20534006237399        0.35507036439398       -0.13375766885704
H            1.13185148284977       -0.05318421741652       -1.42529121990580
H            0.65961645482350        0.97101795944505        1.42222931132028
H           -0.96174605035809        1.43569284002511       -1.13051843130080
H           -1.61335904536163       -0.16437389141136        1.39788070656867
H           -1.05682953791530       -1.05553615894565       -1.47962623385946
H           -1.12072264433518       -3.10787452464965       -0.19159681811041
H           -3.43181792673946       -0.68571579901325       -0.02138270207429
H           -2.32276453565794        2.39510267128110        0.55366536311488
H            0.90135655083804        2.96872672671403        0.17818728273045
H            2.49011125063818       -2.35215502104016       -0.34850128547145
24
 energy: -43.362920600771 gnorm: 0.001006584414 xtb: 6.7.1pre (5071a88)
C            2.56779779061562       -0.49315694629994        0.13057136867153
C            1.13911363110862       -0.19234727904802       -0.33310145693367
C            0.59658109755930        1.08032004812769        0.32781655696776
C           -0.87920654673043        1.26879431649630       -0.04448629866736
C           -1.66010828873174        0.00344138402525        0.30961687024712
C           -0.99713726004570       -1.19753202722021       -0.37901337537926
O            0.34677722920064       -1.32168775409158        0.00191178128285
O           -1.67611033245505       -2.34343195577444        0.00910310730951
O           -2.99037365259251        0.16872890959988       -0.11066703229045
O           -1.36317677991060        2.39323892279553        0.64709385535389
O            1.36690545824121        2.16927113020871       -0.09874366039440
O            3.10223894624425       -1.61585787317779       -0.51293882352267
H            2.55786640953846       -0.63402552600639        1.22033440678513
H            3.20411304520847        0.35628563491522       -0.12017161226390
H            1.13259480308902       -0.05181901386281       -1.42505600943579
H            0.65843742155955        0.97058577388057        1.42302343864602
H           -0.96005929450224        1.43527629236701       -1.13171127271870
H           -1.61439990988544       -0.16352903768606        1.39698202017445
H           -1.05919338715481       -1.05661345010488       -1.48052751242833
H           -1.11218875142176       -3.10529766798518       -0.16932495881999
H           -3.43258356900501       -0.68461382374397       -0.02559942949247
H           -2.32341268292214        2.39586824388369        0.55178519147689
H            0.90071096471635        2.96901399347400        0.17890350858774
H            2.49481165827595       -2.35091029477251       -0.36579966315591
24
 energy: -43.362931059981 gnorm: 0.001937038481 xtb: 6.7.1pre (5071a88)
C            2.56686077723616       -0.49681899883997        0.13144263501803
C            1.13901628075752       -0.19144095628355       -0.33108198356893
C            0.59669078434704        1.08108175466008        0.33004148222627
C           -0.87883731531995        1.26968039169970       -0.04499694101770
C           -1.66167508448785        0.00461181716033        0.30600747991934
C           -0.99694174168922       -1.19830560659080       -0.37879493021316
O            0.34569945071628       -1.32036587656959        0.00364301200653
O           -1.67627684126650       -2.34298966795721        0.01177769196544
O           -2.98971075654520        0.17048935848136       -0.11901526686502
O           -1.36410615465668        2.39360216543998        0.64578403323653
O            1.36691792718815        2.17022263522926       -0.09550088220645
O            3.10351014274333       -1.60928510927429       -0.52636489455412
H            2.55367525761425       -0.65323942836967        1.21881299731422
H            3.20357825079836        0.35595077162835       -0.10505507427985
H            1.13250018048772       -0.04998855745170       -1.42292321319388
H            0.65744075068681        0.97130971091745        1.42541024680824
H           -0.95675288623665        1.43655453959381       -1.13245962775335
H           -1.62002203215284       -0.16188895925823        1.39388358415982
H           -1.05856887221443       -1.06152206870742       -1.48134078648136
H           -1.10036112794965       -3.10408159237119       -0.13399901209431
H           -3.43394431989781       -0.68173160574677       -0.03434368778169
H           -2.32453985375134        2.39523053699868        0.55123010597409
H            0.89915533158584        2.96992257977605        0.18020797208334
H            2.49668985200669       -2.34699583416460       -0.39236394070202
24
 energy: -43.362933867905 gnorm: 0.002403889711 xtb: 6.7.1pre (5071a88)
C            2.56820386680139       -0.49657742051462        0.13052495353249
C            1.13932998980884       -0.19126159298315       -0.32883300222831
C            0.59720840527906        1.08157594297208        0.33171017051539
C           -0.87832139415889        1.26971748839914       -0.04408750470291
C           -1.66225387195033        0.00448168902401        0.30437856875203
C           -0.99510118244626       -1.20017723860067       -0.37593265978541
O            0.34723642642233       -1.32022519867806        0.00867921113128
O           -1.67506125277879       -2.34376608415609        0.01680483104497
O           -2.98823984425428        0.17077161767308       -0.12734402801229
O           -1.36464016744615        2.39259529096995        0.64788444105221
O            1.36700771078221        2.17081160823228       -0.09498191077969
O            3.10312552093124       -1.60821990543567       -0.53005812355919
H            2.55732259949684       -0.65451375219644        1.21735171943141
H            3.20442665307125        0.35612961468079       -0.10615086465884
H            1.13057343646549       -0.05077469450199       -1.42079586751170
H            0.65806817132288        0.97307091927157        1.42716057129626
H           -0.95524027625656        1.43826850865772       -1.13136497061526
H           -1.62610839388560       -0.16114376738732        1.39267491203738
H           -1.05527135575958       -1.06664611482080       -1.47893840760132
H           -1.10526739819033       -3.10493356973077       -0.13134450368281
H           -3.43487947862131       -0.67991689143904       -0.03972911030436
H           -2.32495931373142        2.39440959674003        0.55218284092474
H            0.89914901094437        2.97069992724577        0.17985092713760
H            2.49369013815365       -2.34437397342178       -0.39964119341366
24
 energy: -43.362938226203 gnorm: 0.001056438260 xtb: 6.7.1pre (5071a88)
C            2.56822291360396       -0.49630568904409        0.13031368197096
C            1.13893280649297       -0.19190979283495       -0.32844104474491
C            0.59700864362646        1.08100188233704        0.33211327654787
C           -0.87822459753486        1.26975103799110       -0.04402904661259
C           -1.66268282993531        0.00471003095819        0.30388747918826
C           -0.99552803765663       -1.20030751597517       -0.37567294709125
O            0.34684685550152       -1.32071900745333        0.00961274405344
O           -1.67586516346818       -2.34388185551996        0.01717493055929
O           -2.98840573118604        0.17141744591943       -0.12919842373409
O           -1.36443564383397        2.39254804129802        0.64849640683854
O            1.36751625880062        2.17004475385164       -0.09422124997957
O            3.10405424197457       -1.60723731681533       -0.53155399620384
H            2.55804217978072       -0.65502630619865        1.21718608546666
H            3.20335064110772        0.35744267931900       -0.10647084493289
H            1.12979355270215       -0.05170060390072       -1.42042904975791
H            0.65754273309899        0.97229589602529        1.42752368616844
H           -0.95493715259767        1.43887701147083       -1.13119038475197
H           -1.62771931803719       -0.16078086703627        1.39219505556272
H           -1.05511277557296       -1.06721372290530       -1.47860541954429
H           -1.10331257374029       -3.10494352152058       -0.12755071760058
H           -3.43525171891656       -0.67915474603611       -0.04148776669163
H           -2.32458607189508        2.39487505962400        0.55186667395443
H            0.89996432160874        2.97002348762160        0.18047483249225
H            2.49478446607637       -2.34380438117564       -0.40199296115734
24
 energy: -43.362940720047 gnorm: 0.001013387665 xtb: 6.7.1pre (5071a88)
C            2.56871440033050       -0.49515743317387        0.12861486009629
C            1.13804214776203       -0.19322791049584       -0.32751339493267
C            0.59668836194120        1.07979824475130        0.33325227853488
C           -0.87801325672306        1.26976471742429       -0.04326369289050
C           -1.66370992972808        0.00496289561163        0.30273902719705
C           -0.99613898244084       -1.20086980829079       -0.37460121974253
O            0.34620682668128       -1.32139837036535        0.01242688515846
O           -1.67696326629379       -2.34405763615474        0.01890765938478
O           -2.98819269284938        0.17218319603593       -0.13475924901664
O           -1.36390266850613        2.39191537468695        0.65085193719614
O            1.36868249795097        2.16814013950356       -0.09227259458858
O            3.10502911247349       -1.60603027861588       -0.53337807991471
H            2.56170629717693       -0.65298075307867        1.21576863061966
H            3.20147328119909        0.35969155099468       -0.11105067805353
H            1.12694826721916       -0.05390183673316       -1.41962430349253
H            0.65658626668466        0.97029023131852        1.42857044467192
H           -0.95448004372534        1.44031160025137       -1.13016189106495
H           -1.63229146127446       -0.16006968299450        1.39114996205372
H           -1.05386323738283       -1.06881930330214       -1.47753492344889
H           -1.10102056057263       -3.10523730973723       -0.12217018232072
H           -3.43600623626601       -0.67775418766131       -0.04643667290854
H           -2.32363899654567        2.39631252414632        0.55148316039366
H            0.90233358256927        2.96850825383560        0.18253359810041
H            2.49580829031969       -2.34237221795663       -0.40353056103220
24
 energy: -43.362941699001 gnorm: 0.000387122907 xtb: 6.7.1pre (5071a88)
C            2.56882817265575       -0.49512585089970        0.12800454983787
C            1.13794841047371       -0.19322995674454       -0.32732459228437
C            0.59672535069572        1.07974198381544        0.33365040258759
C           -0.87793916453356        1.26978849436791       -0.04309321518873
C           -1.66393585011415        0.00497631816561        0.30234351723141
C           -0.99590195526621       -1.20122170987449       -0.37391765086534
O            0.34640065774024       -1.32141185828516        0.01313031701939
O           -1.67659094724105       -2.34414330343156        0.02027568389120
O           -2.98792095327225        0.17224308143801       -0.13649142313543
O           -1.36383889179274        2.39177000856659        0.65119980684042
O            1.36871447753071        2.16814375561428       -0.09146789116434
O            3.10501655228247       -1.60578716988649       -0.53440805449257
H            2.56240671930273       -0.65281210865304        1.21523137411618
H            3.20126425070613        0.35992476708149       -0.11185217051412
H            1.12620441896406       -0.05395801314144       -1.41947459663453
H            0.65646624469354        0.96988388937426        1.42896444615063
H           -0.95417045564142        1.44064011431590       -1.12998985556217
H           -1.63366105690363       -0.15970816744307        1.39086931738980
H           -1.05357561839667       -1.06988201931417       -1.47699404085327
H           -1.10134043465350       -3.10523994632276       -0.12064605029073
H           -3.43612885759468       -0.67749627866165       -0.04817797568163
H           -2.32352111298602        2.39687765667368        0.55101463377727
H            0.90248310395552        2.96850831258545        0.18369457082669
H            2.49606493939534       -2.34247999934051       -0.40454010300125
