24
 energy: -25.315670339941 gnorm: 0.016019165226 xtb: 6.7.1pre (5071a88)
C            2.96804000000000       -0.42812900000000       -0.24198400000000
C            1.91843500000000        0.61972200000000        0.09997000000000
C            0.51669300000000        0.03224200000000        0.34796100000000
C           -0.06194400000000       -0.64816200000000       -0.90367000000000
C           -1.48465600000000       -1.15483300000000       -0.67304500000000
C           -2.40703300000000       -0.04797300000000       -0.17571000000000
C           -1.84648900000000        0.62349300000000        1.07254800000000
C           -0.42918500000000        1.14080200000000        0.84207800000000
H            3.00461500000000       -1.21204600000000        0.52091700000000
H            2.77029800000000       -0.89447300000000       -1.21134800000000
H            3.95759100000000        0.03718700000000       -0.29676400000000
H            1.87854700000000        1.36318800000000       -0.70549300000000
H            2.24860900000000        1.15008300000000        1.00191900000000
H            0.59671000000000       -0.72248200000000        1.14243500000000
H            0.56286200000000       -1.49756900000000       -1.20056600000000
H           -0.06160600000000        0.05797000000000       -1.74373300000000
H           -1.46546500000000       -1.97076700000000        0.06002400000000
H           -1.88122900000000       -1.57332000000000       -1.60502900000000
H           -3.39797200000000       -0.46242400000000        0.04108200000000
H           -2.53916100000000        0.70090100000000       -0.96628500000000
H           -1.84339800000000       -0.09229400000000        1.90376700000000
H           -2.49788000000000        1.45358300000000        1.36837200000000
H           -0.45884000000000        1.95793300000000        0.10974100000000
H           -0.04754200000000        1.56736900000000        1.77751200000000
24
 energy: -25.316430159357 gnorm: 0.005727696172 xtb: 6.7.1pre (5071a88)
C            2.96734553438981       -0.43081078561403       -0.24241863417328
C            1.91180790677431        0.61291098210115        0.09955107820499
C            0.51387519443313        0.03183986036945        0.34920933395041
C           -0.06342951631550       -0.63485927081957       -0.90199068616543
C           -1.47992347757821       -1.15269430306403       -0.66412237682482
C           -2.40552628626673       -0.04375874331692       -0.17910225245290
C           -1.84400187887010        0.61644482276137        1.07402373621647
C           -0.43086622614340        1.13752356660970        0.83241925294195
H            3.00031475334059       -1.20917725530739        0.51883505372457
H            2.76673215975798       -0.89898948900953       -1.20427599788463
H            3.95230155096587        0.03292922414787       -0.29648036612697
H            1.85738043459673        1.34924342091900       -0.70772754891248
H            2.22708339387385        1.14518526876286        1.00254378403875
H            0.59252232646377       -0.72451833341690        1.13972372341318
H            0.57070545724578       -1.47452548401859       -1.19652884207014
H           -0.06886396928106        0.08391362573616       -1.72742319866781
H           -1.45475783038149       -1.95699614343682        0.07783768202470
H           -1.87179554059007       -1.57560052732192       -1.59362538982916
H           -3.39588837097975       -0.45627194619859        0.03351158474466
H           -2.52177723530156        0.70662061484658       -0.96710755292791
H           -1.83178520431147       -0.10739705708666        1.89476197503269
H           -2.49214910628023        1.44460737582262        1.37456231780390
H           -0.45974275585626        1.93953711930917        0.08813464088139
H           -0.03956131368599        1.56484445722499        1.76038768305787
24
 energy: -25.316627285655 gnorm: 0.001751410778 xtb: 6.7.1pre (5071a88)
C            2.96347267445296       -0.43351744325511       -0.23840651481631
C            1.90730055372004        0.61178779466848        0.10040644929231
C            0.51164063063667        0.02992042354089        0.34848437255436
C           -0.06499604746936       -0.62892043743519       -0.90419664418764
C           -1.47709635180165       -1.15405336976086       -0.66071319148048
C           -2.40174794509964       -0.04108660973762       -0.18135276422534
C           -1.83934691348108        0.61154111694492        1.07630464650674
C           -0.42931468287082        1.13693360565425        0.82816343141636
H            2.99336141666504       -1.20773083671001        0.52427245495035
H            2.76043700218602       -0.90206003985788       -1.19686277813861
H            3.94516551680185        0.03070064110878       -0.29250499523725
H            1.84839974339764        1.34180442527644       -0.71031370263509
H            2.21908362027898        1.14606252214814        1.00155328306800
H            0.58697227867334       -0.72822568632752        1.13664871069055
H            0.57323571434788       -1.45949751246108       -1.20977451340225
H           -0.08265148302324        0.10162750184877       -1.71675501576659
H           -1.44396815118375       -1.94587575672817        0.09170753964939
H           -1.86828779818787       -1.58692181844857       -1.58452820958293
H           -3.39449970016593       -0.44784624378784        0.02422097867736
H           -2.50335899856917        0.71132640551920       -0.96693677224538
H           -1.81717231435545       -0.12112708794258        1.88660599126070
H           -2.48650772143976        1.43504638393807        1.38718127570247
H           -0.46474575880992        1.92567487623612        0.07269538391566
H           -0.03537528470281        1.57443814556832        1.74879958403363
24
 energy: -25.316705130405 gnorm: 0.002407343642 xtb: 6.7.1pre (5071a88)
C            2.96366700815685       -0.43817527910018       -0.23152324983741
C            1.90791531511166        0.61123912393585        0.09979166079218
C            0.51111257882957        0.03130137642811        0.34564433345495
C           -0.06838770657040       -0.62036226560487       -0.90990598252718
C           -1.47507895811516       -1.15566887651076       -0.65579862100141
C           -2.39985196967201       -0.03909570033236       -0.18262484356964
C           -1.83717976257983        0.60458590282899        1.08047811201090
C           -0.43140197085375        1.13803988330585        0.82284554458139
H            2.98846681780485       -1.20793213748096        0.53591214022493
H            2.75951527622710       -0.90999244198606       -1.18797881652172
H            3.94547414459645        0.02460366740991       -0.28585300777300
H            1.85149908535926        1.33602709291836       -0.71517257800446
H            2.21911215376007        1.14929908628717        0.99812618502951
H            0.58264297705113       -0.72937153844185        1.13182015341060
H            0.57260158330634       -1.44136849707549       -1.23360797215557
H           -0.10219876394856        0.12033735998771       -1.71239533415883
H           -1.43243704870298       -1.93568680513822        0.10776780210970
H           -1.86879101107315       -1.60298411370077       -1.57105335884319
H           -3.39695906399552       -0.43818950158306        0.01367936729893
H           -2.48700649233452        0.71631466446640       -0.96635469821791
H           -1.80271251361669       -0.13853924587808        1.88025084474539
H           -2.48707907739465        1.41960662301376        1.40617990032114
H           -0.47698736083378        1.91727258567333        0.05861892929152
H           -0.03593524051231        1.58874003657714        1.73585248933924
24
 energy: -25.316722099711 gnorm: 0.001104735517 xtb: 6.7.1pre (5071a88)
C            2.96402007203713       -0.43967509308500       -0.22865443624821
C            1.90929445086078        0.61211112388768        0.09819966862150
C            0.51121908677492        0.03365036905405        0.34284364981100
C           -0.06984422756800       -0.61846613654022       -0.91263178270670
C           -1.47530509337491       -1.15571032171673       -0.65554307119874
C           -2.40053712285137       -0.04020118568789       -0.18147077726439
C           -1.83670654756167        0.60305378486813        1.08106581281881
C           -0.43225275869523        1.13967160436001        0.82227454497038
H            2.98765933104388       -1.20819800489039        0.54079252538778
H            2.76200196713392       -0.91445721568765       -1.18481511032318
H            3.94737685995990        0.02145504025208       -0.28271154976552
H            1.85679933526495        1.33653780658314       -0.71788910257493
H            2.22021741412104        1.15137225014618        0.99647603076658
H            0.58266334082475       -0.72753955094742        1.12868635370775
H            0.57154338534235       -1.43809451797642       -1.23972020437292
H           -0.10655537443068        0.12234143907449       -1.71511795816905
H           -1.43011276487436       -1.93519523176693        0.10874803154717
H           -1.87036803187667       -1.60577537457318       -1.56903560898804
H           -3.39827780143612       -0.43869990339871        0.01395711238873
H           -2.48805005226480        0.71574213238035       -0.96499056411157
H           -1.79982529499591       -0.14108700683786        1.88010423818590
H           -2.48795274927998        1.41582802959578        1.41013393641205
H           -0.48056126213276        1.92010879155427        0.05903820658994
H           -0.03644616202117        1.59122817135215        1.73495905451571
24
 energy: -25.316732014819 gnorm: 0.000850959760 xtb: 6.7.1pre (5071a88)
C            2.96409664695876       -0.44204444860583       -0.22365918132031
C            1.91085266026416        0.61315763209160        0.09482950202010
C            0.51115693407493        0.03724283942724        0.33803772054576
C           -0.07208048417563       -0.61464457281277       -0.91736220729539
C           -1.47513033236712       -1.15556538920211       -0.65558352008069
C           -2.40095534136508       -0.04206870164601       -0.17925019019476
C           -1.83590374989250        0.60112386039608        1.08221198493370
C           -0.43354817161161        1.14185506487787        0.82089555031051
H            2.98511941699422       -1.20752287644862        0.54966388315305
H            2.76525866297455       -0.92222877004159       -1.17858322652451
H            3.94968848479733        0.01632952522380       -0.27740963468108
H            1.86459035034084        1.33612754866055       -0.72362397017021
H            2.22045625908259        1.15493257201156        0.99276111883025
H            0.58256811563975       -0.72484694525472        1.12323352308915
H            0.57039266914958       -1.43228741758823       -1.24791414540696
H           -0.11301697160602        0.12619039745097       -1.72004230463754
H           -1.42538970393987       -1.93496064161047        0.10909130636411
H           -1.87216064083795       -1.60863232499679       -1.56697188640686
H           -3.39856258837110       -0.44117945591312        0.01687252213770
H           -2.49137160990810        0.71435899477472       -0.96263142068247
H           -1.79494589226326       -0.14394416012027        1.88070896723627
H           -2.48902842571973        1.41100516446623        1.41536376404703
H           -0.48526989452523        1.92513112907151        0.06016087969647
H           -0.03681639369353        1.59247197578826        1.73389996503676
24
 energy: -25.316736918620 gnorm: 0.000674518144 xtb: 6.7.1pre (5071a88)
C            2.96385234245725       -0.44280642439191       -0.22149841390854
C            1.91069895229332        0.61341141602053        0.09345149039762
C            0.51099914869217        0.03798579935660        0.33645825563321
C           -0.07246665969860       -0.61323772017490       -0.91892473819647
C           -1.47482145821126       -1.15525709885402       -0.65620136601733
C           -2.40123812186897       -0.04303591086006       -0.17813464318575
C           -1.83507774894987        0.60071392639545        1.08253477712999
C           -0.43316259512858        1.14220785593014        0.82058733365008
H            2.98375444670290       -1.20613034420701        0.55380370206861
H            2.76546119554474       -0.92540699971622       -1.17512925450935
H            3.94951684260868        0.01497896801826       -0.27559056517641
H            1.86497815294531        1.33440520222125       -0.72664836997230
H            2.21919233255098        1.15717545013394        0.99049782814092
H            0.58246247379248       -0.72456474487721        1.12115180221503
H            0.57060427580054       -1.43002996732484       -1.25038533380621
H           -0.11464423876122        0.12837663876316       -1.72078223907163
H           -1.42355255157948       -1.93509642427019        0.10782199667750
H           -1.87248507179931       -1.60773556148167       -1.56752634314879
H           -3.39803764367249       -0.44346527244369        0.01951635025832
H           -2.49363482576552        0.71343581198879       -0.96122946666298
H           -1.79302663949217       -0.14411842539217        1.88111256470679
H           -2.48832666657913        1.41034071512783        1.41582101522863
H           -0.48539610751765        1.92582046477044        0.06030892968666
H           -0.03564983436414        1.59203364526736        1.73368368786246
24
 energy: -25.316743213001 gnorm: 0.000306064448 xtb: 6.7.1pre (5071a88)
C            2.96406250269655       -0.44365772752606       -0.21843487564647
C            1.91034947774456        0.61356864569477        0.09128368044015
C            0.51104295315566        0.03809163258469        0.33523607612139
C           -0.07291050812270       -0.61110144846509       -0.92054637257977
C           -1.47444743036828       -1.15490353525931       -0.65772666823584
C           -2.40133409351133       -0.04418725263912       -0.17651675663864
C           -1.83433884172773        0.60077592460320        1.08337730675107
C           -0.43253122747495        1.14187708518191        0.82025839652898
H            2.98298503882029       -1.20310659189791        0.56034216252295
H            2.76554461137419       -0.93034488838924       -1.16962440661049
H            3.94933281281100        0.01392911709757       -0.27401686447359
H            1.86428297968651        1.33063838584257       -0.73195395620266
H            2.21751164870892        1.16121608948125        0.98613867595011
H            0.58265395350837       -0.72535253782030        1.11904669435628
H            0.57056010682036       -1.42685422732822       -1.25334737940892
H           -0.11621112906693        0.13184214848061       -1.72090996165754
H           -1.42168440168206       -1.93617168885346        0.10450283072935
H           -1.87265819485471       -1.60513550311115       -1.56984041322354
H           -3.39633384226295       -0.44733676732385        0.02427698073617
H           -2.49775549844865        0.71214254220710       -0.95913650864451
H           -1.79164976753781       -0.14319762695699        1.88250020069629
H           -2.48732319677451        1.41092481638962        1.41562871998726
H           -0.48480597646988        1.92586253101607        0.06060569982104
H           -0.03434197702392        1.59048187699118        1.73355573868104
24
 energy: -25.316747926340 gnorm: 0.000386501902 xtb: 6.7.1pre (5071a88)
C            2.96470432019942       -0.44462164999718       -0.21504185792159
C            1.91025138221277        0.61371681459262        0.08904539821816
C            0.51106642204219        0.03839164759424        0.33378885368268
C           -0.07345362392389       -0.60919103215613       -0.92242998034558
C           -1.47434027932145       -1.15430608943726       -0.65881381620375
C           -2.40215171087920       -0.04532098220846       -0.17496016520123
C           -1.83351272173759        0.60016540233407        1.08411893238734
C           -0.43194233768112        1.14177856560922        0.82034377485911
H            2.98357860498487       -1.19989329734637        0.56770390149416
H            2.76634445799151       -0.93629266909385       -1.16363815691034
H            3.94965863319488        0.01309217008637       -0.27278433724982
H            1.86423264570719        1.32675518501188       -0.73758145642259
H            2.21632405852524        1.16558003129827        0.98156992552473
H            0.58307754832577       -0.72585702431691        1.11671754966558
H            0.57040980225056       -1.42360877809893       -1.25780876394317
H           -0.11852689163147        0.13555673451010       -1.72095303283650
H           -1.42023648947875       -1.93691142142741        0.10186255584967
H           -1.87325420277518       -1.60286697809283       -1.57141895677706
H           -3.39596267080599       -0.45041378188863        0.02798495082854
H           -2.50148906766686        0.71116194920268       -0.95700674951796
H           -1.79033528217008       -0.14334871171637        1.88356125560719
H           -2.48639612246928        1.41048162774111        1.41607863197579
H           -0.48486454699375        1.92578910957812        0.06083784684961
H           -0.03318192789981        1.59016417822149        1.73352269638714
24
 energy: -25.316751623112 gnorm: 0.000329850118 xtb: 6.7.1pre (5071a88)
C            2.96539650466292       -0.44529188075598       -0.21218817427666
C            1.91039885224035        0.61387308661254        0.08721910133785
C            0.51119719658636        0.03873564118658        0.33239349137137
C           -0.07439995835779       -0.60764598738415       -0.92395598068350
C           -1.47466789828512       -1.15398519799903       -0.65969841710135
C           -2.40255548760485       -0.04593016305679       -0.17389457165178
C           -1.83296938845402        0.59948018293260        1.08481180745703
C           -0.43174598266189        1.14165593981413        0.82013637569824
H            2.98494613537342       -1.19700831062583        0.57397831688582
H            2.76727595419568       -0.94150353570365       -1.15850181720060
H            3.95009079553538        0.01276897550860       -0.27217073776893
H            1.86493744575010        1.32399896935869       -0.74192868725596
H            2.21560733617917        1.16888757350535        0.97808579492703
H            0.58353654054123       -0.72605588080987        1.11471417479433
H            0.56965444658309       -1.42103591888746       -1.26137376646261
H           -0.12093393772200        0.13828099425108       -1.72127908963728
H           -1.41941178427030       -1.93723249907724        0.10027025588432
H           -1.87419064945894       -1.60202713674431       -1.57234227973561
H           -3.39579119218513       -0.45189710080207        0.03007075806183
H           -2.50351394107270        0.71088581974490       -0.95539449061495
H           -1.78898702370629       -0.14426135261844        1.88405786335506
H           -2.48584104452022        1.40953741700128        1.41760531290157
H           -0.48552960556707        1.92589321782696        0.06091087028624
H           -0.03250331378143        1.58987814672195        1.73317288942863
24
 energy: -25.316755242360 gnorm: 0.000190682742 xtb: 6.7.1pre (5071a88)
C            2.96616310078343       -0.44576222155288       -0.20937418875513
C            1.91039230078413        0.61392246769528        0.08521403009093
C            0.51115431815907        0.03893786744397        0.33096505825278
C           -0.07527195075631       -0.60637548980751       -0.92567767142971
C           -1.47501559834846       -1.15351283483081       -0.66024735293451
C           -2.40286821163224       -0.04606769094265       -0.17305464612366
C           -1.83245220172706        0.59850476785975        1.08564396992266
C           -0.43176442467645        1.14153251751799        0.81985974903611
H            2.98692202961033       -1.19355197983973        0.58061138053719
H            2.76812990582589       -0.94707631182878       -1.15310679044639
H            3.95055863563881        0.01285860048514       -0.27216647558047
H            1.86592123749402        1.32152028055094       -0.74620175086506
H            2.21462604997184        1.17181367291361        0.97465984947266
H            0.58385593333239       -0.72634182850873        1.11280422530944
H            0.56876484867127       -1.41900632693691       -1.26496104044298
H           -0.12315993795372        0.14038148032567       -1.72219027808958
H           -1.41877012444900       -1.93728540520294        0.09917786611870
H           -1.87517757277938       -1.60134557498859       -1.57272189665824
H           -3.39589847438193       -0.45230059935417        0.03136616153502
H           -2.50473415500310        0.71128498746134       -0.95396176287805
H           -1.78728128464664       -0.14587102481338        1.88433180770114
H           -2.48539861133131        1.40791912481232        1.41995595790451
H           -0.48662895815512        1.92615394894727        0.06104821910537
H           -0.03206685443047        1.58966857259361        1.73272457921739
24
 energy: -25.316758704343 gnorm: 0.000167021735 xtb: 6.7.1pre (5071a88)
C            2.96702887379385       -0.44612739344714       -0.20622276703096
C            1.91056019389405        0.61424668741441        0.08318806631280
C            0.51124468151828        0.03937370879853        0.32913408615681
C           -0.07641138937008       -0.60524283363549       -0.92740790557965
C           -1.47577512074632       -1.15305853699090       -0.66115079817873
C           -2.40324332189064       -0.04609706591878       -0.17220328382194
C           -1.83179470993512        0.59731651913356        1.08657106932983
C           -0.43171533664454        1.14134807333810        0.81958672485298
H            2.98949334094715       -1.18917281657566        0.58829853612409
H            2.76865955518969       -0.95351804908475       -1.14673091660327
H            3.95099114548578        0.01310750590452       -0.27280538933739
H            1.86690943458008        1.31900161859506       -0.75075275541439
H            2.21365794751105        1.17538755985121        0.97107048824573
H            0.58435897055322       -0.72640807990869        1.11044188401100
H            0.56754350664469       -1.41733278209695       -1.26820116722877
H           -0.12529644895994        0.14207122206802       -1.72335307684371
H           -1.41854362540628       -1.93725797009483        0.09780194840185
H           -1.87679784776983       -1.60062481251670       -1.57341729053316
H           -3.39621325290448       -0.45241589799051        0.03241657988464
H           -2.50565107063339        0.71202927662268       -0.95232162608828
H           -1.78509392911750       -0.14809133984956        1.88424883399033
H           -2.48485214501557        1.40579522549255        1.42298032924249
H           -0.48780576275794        1.92640864950261        0.06128931830344
H           -0.03125368896626        1.58926253138853        1.73223811180437
24
 energy: -25.316761750310 gnorm: 0.000215840949 xtb: 6.7.1pre (5071a88)
C            2.96772674076202       -0.44649086433892       -0.20290334646224
C            1.91036379690544        0.61450102695649        0.08081121308954
C            0.51118245288051        0.03958350486294        0.32753808560282
C           -0.07731564709904       -0.60409621474550       -0.92916582142513
C           -1.47636182562478       -1.15239850927446       -0.66215416447520
C           -2.40353649016635       -0.04605076270643       -0.17129122971152
C           -1.83101570160849        0.59607305388970        1.08760516295139
C           -0.43160085323253        1.14114552952472        0.81939180574493
H            2.99228159092924       -1.18421796493102        0.59654333404374
H            2.76872551760727       -0.96048936250328       -1.13970901271364
H            3.95108468849491        0.01346564542908       -0.27389476416794
H            1.86745907535045        1.31610999166757       -0.75586241197498
H            2.21223617858958        1.17916412142620        0.96689444854616
H            0.58488600152687       -0.72670390406423        1.10831296499513
H            0.56652668998359       -1.41579894328048       -1.27120737667193
H           -0.12706383298369        0.14380372092663       -1.72458314678629
H           -1.41833346744219       -1.93728440674247        0.09604315019465
H           -1.87810315041023       -1.59925318340056       -1.57445737875645
H           -3.39635913548672       -0.45257290911881        0.03361499762063
H           -2.50658589248967        0.71291191983608       -0.95050324162738
H           -1.78277636650363       -0.15044662628982        1.88417140441196
H           -2.48409548198233        1.40366997940915        1.42607871311688
H           -0.48894049584629        1.92661427470577        0.06156609137986
H           -0.03038439215397        1.58876188276149        1.73185952307513
24
 energy: -25.316764360686 gnorm: 0.000202722665 xtb: 6.7.1pre (5071a88)
C            2.96851668466846       -0.44681578923287       -0.19961705995436
C            1.91031115776156        0.61475641630978        0.07847872163149
C            0.51121081515821        0.03992015032273        0.32587159722147
C           -0.07816513422008       -0.60300214188284       -0.93080871054867
C           -1.47696834883656       -1.15168789366768       -0.66322498454985
C           -2.40391582700268       -0.04598020932722       -0.17041053208827
C           -1.83031176456741        0.59480923576724        1.08866619360059
C           -0.43149026902556        1.14080054457472        0.81932493306192
H            2.99500735168333       -1.17883724255302        0.60500580555208
H            2.76859691222826       -0.96768193826995       -1.13242919783534
H            3.95126082943133        0.01372172049466       -0.27529980735883
H            1.86790670733488        1.31277809358927       -0.76119522453106
H            2.21098882635837        1.18332666277717        0.96248022609055
H            0.58548352900046       -0.72685497694772        1.10608766601992
H            0.56559696667622       -1.41430521632933       -1.27401669817511
H           -0.12853881594523        0.14548129519080       -1.72563145401083
H           -1.41824533852134       -1.93755545530475        0.09389917731570
H           -1.87942147923316       -1.59741572262555       -1.57574828142447
H           -3.39642879017294       -0.45294290732503        0.03506970123069
H           -2.50791327914093        0.71380850975472       -0.94870825593224
H           -1.78059201452677       -0.15263039888908        1.88426498800188
H           -2.48343318495903        1.40157992938151        1.42894273781247
H           -0.48989586509933        1.92668421596600        0.06204890647931
H           -0.02955966905010        1.58804411822620        1.73164855239109
24
 energy: -25.316766429663 gnorm: 0.000158873489 xtb: 6.7.1pre (5071a88)
C            2.96901844427432       -0.44721022389001       -0.19637565429323
C            1.91007664680252        0.61510728278818        0.07613645884863
C            0.51124018773345        0.04008000245190        0.32452956619003
C           -0.07893021725427       -0.60181250181294       -0.93231485475882
C           -1.47746479440222       -1.15106338888392       -0.66447085485311
C           -2.40423168973591       -0.04620076790249       -0.16941102953149
C           -1.82947536859429        0.59376635967176        1.08955857361706
C           -0.43114501739996        1.14058282978840        0.81931894902929
H            2.99744880760139       -1.17386104565312        0.61298526583122
H            2.76828725824919       -0.97444989562704       -1.12536473122354
H            3.95113433074729        0.01379764369235       -0.27650781175334
H            1.86796954442829        1.30967788751828       -0.76640211072741
H            2.20963735657138        1.18739471136787        0.95807779925876
H            0.58611588487085       -0.72723804374295        1.10418139599528
H            0.56479714856204       -1.41268419207149       -1.27665940363965
H           -0.12998029888216        0.14735070365738       -1.72648290258191
H           -1.41810333004329       -1.93786115311549        0.09161736580129
H           -1.88055880421962       -1.59560401274211       -1.57730903667189
H           -3.39638862073456       -0.45375144568154        0.03669189418973
H           -2.50927234025590        0.71430629785275       -0.94683301363959
H           -1.77860074115553       -0.15445873916414        1.88430671097761
H           -2.48256484684977        1.39991707182580        1.43130837900968
H           -0.49051320417606        1.92687866570813        0.06254403675703
H           -0.02849633613722        1.58733695396424        1.73157400816852
24
 energy: -25.316767852784 gnorm: 0.000085103933 xtb: 6.7.1pre (5071a88)
C            2.96958129455839       -0.44759144736727       -0.19371851229391
C            1.91001604934865        0.61523902539456        0.07422212146584
C            0.51123600054455        0.04038487037304        0.32322559275703
C           -0.07955562229960       -0.60074836759640       -0.93366713444010
C           -1.47777179289150       -1.15054312342256       -0.66536434542923
C           -2.40450876870481       -0.04637882627338       -0.16859392930387
C           -1.82894762681224        0.59293240442013        1.09036290593690
C           -0.43100533568754        1.14033781685552        0.81934355755648
H            2.99925222481171       -1.16974904817115        0.61955462092736
H            2.76818652000879       -0.98002818191372       -1.11954892865285
H            3.95125386974161        0.01366094646859       -0.27731459699555
H            1.86821830191054        1.30676637516790       -0.77077840021680
H            2.20866513345427        1.19073441325356        0.95435012399305
H            0.58658652159529       -0.72737076581462        1.10235489454062
H            0.56424771539451       -1.41108993088133       -1.27917307380866
H           -0.13139189888441        0.14915574898796       -1.72709379682839
H           -1.41769725574376       -1.93818446145061        0.08978102000423
H           -1.88136782403932       -1.59409454885888       -1.57845118232976
H           -3.39622290449271       -0.45458273928188        0.03827881040029
H           -2.51073905170723        0.71462364602643       -0.94536027500996
H           -1.77709582895356       -0.15578008444773        1.88459137321518
H           -2.48202693444584        1.39866426192636        1.43309617370594
H           -0.49106861050031        1.92698817859464        0.06301851528844
H           -0.02784417620551        1.58665483801063        1.73158346551787
24
 energy: -25.316768729097 gnorm: 0.000067108621 xtb: 6.7.1pre (5071a88)
C            2.96986505503874       -0.44793987690196       -0.19170228409698
C            1.90999509404339        0.61543146791764        0.07282882543298
C            0.51130578070056        0.04055745179677        0.32228183026153
C           -0.08008832191965       -0.59974805484374       -0.93472991363783
C           -1.47795424216397       -1.15021618012786       -0.66599211069100
C           -2.40477659750549       -0.04669339898755       -0.16794105589825
C           -1.82844504693438        0.59232384223359        1.09083189930638
C           -0.43077203596416        1.14019825463613        0.81928006480334
H            3.00021681681905       -1.16693620328314        0.62430756047692
H            2.76819015914710       -0.98401328515576       -1.11533615675619
H            3.95127273084694        0.01339072690492       -0.27754975776499
H            1.86853701525407        1.30474313103979       -0.77397353594604
H            2.20796330538129        1.19321583801028        0.95166372338414
H            0.58689841034654       -0.72760825146810        1.10098845809870
H            0.56381624734858       -1.40953823468225       -1.28129560340026
H           -0.13265049499785        0.15075277877568       -1.72751819430407
H           -1.41719075414752       -1.93839239881376        0.08852167248910
H           -1.88201363680092       -1.59316696221048       -1.57915728710548
H           -3.39611300756685       -0.45548662040823        0.03960751229774
H           -2.51198981048974        0.71462334327975       -0.94426583841773
H           -1.77595807259930       -0.15658246787294        1.88481164622461
H           -2.48153663485630        1.39776958103373        1.43417604765716
H           -0.49137231463159        1.92716748900771        0.06334816642909
H           -0.02719964434859        1.58614903011955        1.73151333115729
