12
 energy: -17.814986453258 gnorm: 0.036687876345 xtb: 6.7.1pre (5071a88)
C           -1.90446900000000       -0.03320600000000       -0.04578900000000
C           -0.42935300000000       -0.01298300000000       -0.01179800000000
C            0.50309500000000        0.96287000000000        0.26836500000000
C            1.77253100000000        0.35151200000000        0.12873200000000
C            1.53164400000000       -0.95468100000000       -0.22677300000000
O            0.19643000000000       -1.18489300000000       -0.31445500000000
H           -2.31666000000000        0.94782900000000        0.20971700000000
H           -2.26080600000000       -0.30308300000000       -1.04460700000000
H           -2.29399900000000       -0.76357400000000        0.66994300000000
H            0.29206700000000        1.98779000000000        0.53956900000000
H            2.74321300000000        0.80513600000000        0.26936500000000
H            2.16630700000000       -1.80271500000000       -0.44226900000000
12
 energy: -17.816217813573 gnorm: 0.013214085673 xtb: 6.7.1pre (5071a88)
C           -1.90808965893141       -0.02594575764718       -0.04390866394428
C           -0.42614131255902       -0.02043648982924       -0.01373943586259
C            0.49639097958025        0.94760581382213        0.26413447130036
C            1.76847405490882        0.34340875084247        0.12647512737541
C            1.53579145098805       -0.94970935366360       -0.22535720523783
O            0.20799823804936       -1.18101103593375       -0.31319059193425
H           -2.29927816138590        0.95737811476878        0.21261930828506
H           -2.26758518372308       -0.29841557395375       -1.03698209130798
H           -2.30054390047254       -0.75565259893229        0.66544221190306
H            0.28582504326801        1.96434618390439        0.53315254946937
H            2.72837919616190        0.80087528321694        0.26793310869553
H            2.17877925411556       -1.78244133659491       -0.43657878874187
12
 energy: -17.816370565455 gnorm: 0.004763395772 xtb: 6.7.1pre (5071a88)
C           -1.90985933792504       -0.02353735902030       -0.04329603976154
C           -0.42424900347296       -0.02895564686234       -0.01599105981581
C            0.49079641688047        0.94072405794649        0.26217737881584
C            1.76650278861668        0.34038332261054        0.12562545102258
C            1.53563432778707       -0.94955726006298       -0.22531994109324
O            0.21234794684618       -1.18449293612010       -0.31404093698633
H           -2.28242808562781        0.96370958803261        0.21464605733669
H           -2.27192940760454       -0.29377086108052       -1.03469006454076
H           -2.30484720376776       -0.75044259747994        0.66563040979857
H            0.28078120095133        1.95549023939341        0.53067488238011
H            2.72055364001686        0.80435964386600        0.26871871901194
H            2.18669671729951       -1.77390819122286       -0.43413485616804
12
 energy: -17.816396946019 gnorm: 0.001768360299 xtb: 6.7.1pre (5071a88)
C           -1.91070056508698       -0.02291518200155       -0.04314543926003
C           -0.42367470868329       -0.03442981620822       -0.01745047093903
C            0.48814965522922        0.93819589700352        0.26144763749260
C            1.76610662762850        0.33961291614842        0.12540972081240
C            1.53558232675628       -0.95078852784424       -0.22565098184285
O            0.21390540273251       -1.18814768859926       -0.31499312965510
H           -2.27432380664177        0.96670695749294        0.21560867443838
H           -2.27525919363987       -0.29063357427467       -1.03406096047668
H           -2.30818189957008       -0.74738084101316        0.66653635046868
H            0.27858288329049        1.95310006880870        0.52999152363955
H            2.71768025676850        0.80816731537717        0.26968417499814
H            2.19213302121649       -1.77148552488964       -0.43337709967607
12
 energy: -17.816400467101 gnorm: 0.000817042443 xtb: 6.7.1pre (5071a88)
C           -1.91092498246174       -0.02272859779459       -0.04309928191502
C           -0.42372627967407       -0.03806222156057       -0.01842717540307
C            0.48678713374777        0.93691503560687        0.26107565079044
C            1.76595852418703        0.33931932552948        0.12532999612942
C            1.53577025183769       -0.95208509678418       -0.22599673487822
O            0.21457878407730       -1.19088158170646       -0.31571354741143
H           -2.27016374510458        0.96834298280835        0.21612873482596
H           -2.27781173815454       -0.28834186536475       -1.03384820975742
H           -2.31074664045713       -0.74526580359052        0.66740945350163
H            0.27767554635320        1.95228841798480        0.52975321326622
H            2.71619651762723        0.81102321144737        0.27042592671094
H            2.19640662802184       -1.77052180657580       -0.43303802585943
12
 energy: -17.816401133264 gnorm: 0.000077557392 xtb: 6.7.1pre (5071a88)
C           -1.91066633515326       -0.02278390659396       -0.04310974645364
C           -0.42385895108335       -0.03707581032362       -0.01816458797006
C            0.48725854696209        0.93725300150569        0.26117789113649
C            1.76593473002637        0.33937588884035        0.12534174845007
C            1.53577789875045       -0.95185688642432       -0.22593339591135
O            0.21431246298249       -1.19013827468519       -0.31551978383304
H           -2.27155697746555        0.96785912096281        0.21597224377815
H           -2.27722052499893       -0.28890732275651       -1.03388993798865
H           -2.31015241099093       -0.74578309618034        0.66718057189555
H            0.27808055651759        1.95253701771418        0.52983159610324
H            2.71655630627628        0.81024140438956        0.27021755769442
H            2.19553469817673       -1.77071913644866       -0.43310415690117
