15
 energy: -28.061454167933 gnorm: 0.055977519900 xtb: 6.7.1pre (5071a88)
C            0.21278000000000       -1.33876500000000        0.60153700000000
C           -0.69903600000000       -0.45071000000000        0.07203000000000
O           -0.04877700000000        0.62383800000000       -0.46565200000000
C            1.29034400000000        0.41666800000000       -0.28384100000000
C            1.49308000000000       -0.78154100000000        0.37039700000000
C            2.21137400000000        1.40905800000000       -0.76770000000000
O            3.43452100000000        1.34324300000000       -0.67209400000000
C           -2.17714100000000       -0.43634500000000       -0.01243600000000
O           -2.64477200000000        0.62806100000000        0.80565000000000
H           -0.01929300000000       -2.27178300000000        1.09705900000000
H            2.45522500000000       -1.19307800000000        0.64584600000000
H            1.74237900000000        2.27995100000000       -1.25643400000000
H           -2.60985400000000       -1.37186900000000        0.35279800000000
H           -2.51393100000000       -0.26959900000000       -1.03981500000000
H           -2.12689800000000        1.41287000000000        0.55265400000000
15
 energy: -28.063894707149 gnorm: 0.022127346727 xtb: 6.7.1pre (5071a88)
C            0.22106381527858       -1.34054346813180        0.58453676683539
C           -0.68162401946959       -0.45684795650886        0.05094030053734
O           -0.03431877067393        0.60823808780298       -0.47919568265921
C            1.29878069419820        0.40995369395301       -0.28560889529193
C            1.49691290384526       -0.78626796317668        0.36862626507772
C            2.22248714212195        1.40561767137131       -0.76350879714757
O            3.42867018778322        1.33937839210654       -0.66395182212586
C           -2.16894014639376       -0.42152405474529       -0.00363076890267
O           -2.67284118544671        0.62653799743329        0.81031275712743
H           -0.01262464584234       -2.26198816166556        1.08141009334911
H            2.44839537339580       -1.19421221650919        0.65014428932169
H            1.74372224068865        2.27078403310127       -1.25436305825673
H           -2.59062687679285       -1.35245506410996        0.37902071928379
H           -2.50541390672187       -0.27821197634946       -1.03976935451132
H           -2.19364180597060        1.43153998542838        0.56503618736281
15
 energy: -28.064399703858 gnorm: 0.007930027144 xtb: 6.7.1pre (5071a88)
C            0.22326798382868       -1.33551233453786        0.58332407166550
C           -0.67223429289094       -0.44930198202680        0.04614511141646
O           -0.02446076993183        0.60596290659945       -0.48048977343903
C            1.30498820700885        0.40553293058264       -0.29047694486628
C            1.49933995438046       -0.79116562848276        0.36433861194302
C            2.23609341684384        1.40176083169538       -0.76672470520236
O            3.43511806682077        1.33631892247682       -0.66072382359435
C           -2.16570785305711       -0.41446515733513        0.00215448140087
O           -2.69047106712155        0.61941474951192        0.81150038814518
H           -0.01244245515664       -2.25749938467085        1.07110810251577
H            2.44577243248868       -1.20200882386588        0.64531000962679
H            1.74402700419608        2.26784551708823       -1.24818143683147
H           -2.57490345665536       -1.34605507704574        0.39554799987727
H           -2.49880401359508       -0.28515625487997       -1.03981617156207
H           -2.24958215715884        1.44432778489054        0.56698307890470
15
 energy: -28.064518171766 gnorm: 0.005416313696 xtb: 6.7.1pre (5071a88)
C            0.22312739591620       -1.33276183785617        0.58189483742235
C           -0.66868488031999       -0.43920758679133        0.04797521297627
O           -0.01874747718690        0.61088426844536       -0.47752398631419
C            1.30932720275522        0.40569285518556       -0.29111431498368
C            1.50102704867379       -0.79420983705918        0.36046753668482
C            2.24548649363995        1.40349680979952       -0.76173323030373
O            3.44417973394772        1.33266702028828       -0.66154301700319
C           -2.16483655162235       -0.41148396184445        0.00649867582087
O           -2.70060429343573        0.61250850794783        0.81436516606269
H           -0.01504761781583       -2.25664813616822        1.06534911916643
H            2.44632674953876       -1.20908530495266        0.64000225534141
H            1.74771125203575        2.26250462762376       -1.25279949971925
H           -2.56319799575286       -1.34727258258974        0.40120035602077
H           -2.49642794544233       -0.28837750832664       -1.03710976053789
H           -2.28963811493137        1.45129166629806        0.56406964936633
15
 energy: -28.064569086213 gnorm: 0.005612786779 xtb: 6.7.1pre (5071a88)
C            0.22236093148575       -1.32892956412119        0.58180612337435
C           -0.66631594923624       -0.42684489505577        0.05277936948850
O           -0.01322485411789        0.61832203923176       -0.47397325700916
C            1.31432066056505        0.40492606543558       -0.29478422297429
C            1.50257904710816       -0.79584767376463        0.35802928165686
C            2.25534566592081        1.39760297297217       -0.77054467245621
O            3.45425779206024        1.32791247953232       -0.66315986389565
C           -2.16421243882425       -0.40947979727480        0.01107040276467
O           -2.71069447481417        0.60492766140117        0.81778597774935
H           -0.01895811371164       -2.25403962410591        1.06313595069448
H            2.44755107319641       -1.21679862500108        0.63309868984038
H            1.75393047215288        2.26523202357566       -1.24379395327176
H           -2.55072535536384       -1.35098261244808        0.40463386125863
H           -2.49459079958870       -0.29192106254544       -1.03336179929748
H           -2.33162265683257        1.45591961216821        0.55727711207733
15
 energy: -28.064604799348 gnorm: 0.003007159117 xtb: 6.7.1pre (5071a88)
C            0.22196995671298       -1.32737762027036        0.58223594254359
C           -0.66655603505242       -0.42314185093726        0.05596539418919
O           -0.01239659894817        0.62313056656135       -0.46961367713065
C            1.31560669887649        0.40693556135730       -0.29218438327189
C            1.50287380603849       -0.79643190670269        0.35596471355683
C            2.25656414335906        1.39902080368039       -0.76667131423551
O            3.45635741710032        1.32437317240898       -0.66673947935724
C           -2.16397029521578       -0.40970255833215        0.01171146655215
O           -2.71345680056439        0.60247462387713        0.81917532929070
H           -0.02046146049445       -2.25179610659051        1.06479361483027
H            2.44807025545744       -1.21990177649866        0.62774691641991
H            1.75857358205761        2.26417868040576       -1.24643062324160
H           -2.54791259892271       -1.35344984877297        0.40245294726058
H           -2.49376138652685       -0.29185733456300       -1.03245668724901
H           -2.34149968387760        1.45354459437664        0.55404883984268
15
 energy: -28.064621733961 gnorm: 0.001347015043 xtb: 6.7.1pre (5071a88)
C            0.22216186939233       -1.32596378008759        0.58163147682256
C           -0.66611117992137       -0.41936474289773        0.05951662939320
O           -0.01103902912910        0.62772733217476       -0.46533635638848
C            1.31746200438284        0.40862322952072       -0.28991684068560
C            1.50342604977197       -0.79638828363912        0.35493867979432
C            2.25866571203300        1.39827727996062       -0.76583869345806
O            3.45892440435086        1.31914611641446       -0.67126049192841
C           -2.16303207628500       -0.40952144056961        0.01323346800732
O           -2.71781211185771        0.59927443217293        0.82205247966713
H           -0.02158863533853       -2.24965806139647        1.06472791733501
H            2.44850287859741       -1.22243344023582        0.62299369818632
H            1.76490287162107        2.26493149806428       -1.24604759997954
H           -2.54389122602730       -1.35571450010932        0.40111424861088
H           -2.49228080422536       -0.29136431283125       -1.03087855220848
H           -2.35828972736508        1.45242767345911        0.54906893683182
15
 energy: -28.064628471549 gnorm: 0.000942199573 xtb: 6.7.1pre (5071a88)
C            0.22291789112404       -1.32458526061834        0.58129793765649
C           -0.66512336822439       -0.41644440803753        0.06262140303350
O           -0.00968185297855        0.63116866547304       -0.46155080531183
C            1.31919427407675        0.40990144112868       -0.28828776338691
C            1.50429482364009       -0.79636542331548        0.35387738637901
C            2.26129763563368        1.39651334935817       -0.76671335954177
O            3.46159941150379        1.31306807714386       -0.67599324983919
C           -2.16181911104981       -0.40915236738285        0.01514048794055
O           -2.72216944666191        0.59606682471309        0.82537001064436
H           -0.02188395975393       -2.24810457549681        1.06371112566903
H            2.44910422902041       -1.22414752694315        0.61894336510800
H            1.77129744684197        2.26718919521114       -1.24317393823579
H           -2.54032340677728       -1.35705370793337        0.40112655039793
H           -2.49029558662366       -0.29024156044809       -1.02916571930373
H           -2.37840797977118        1.45218627714762        0.54279556879034
15
 energy: -28.064630023175 gnorm: 0.000324337231 xtb: 6.7.1pre (5071a88)
C            0.22332045830961       -1.32487768262146        0.58143653996422
C           -0.66491102793635       -0.41705840148200        0.06246032154741
O           -0.00989076505716        0.63048177573337       -0.46171736100954
C            1.31886437864948        0.40983753080131       -0.28856143405028
C            1.50451779164751       -0.79621752556377        0.35404926127451
C            2.26151573917555        1.39635671204356       -0.76702979644028
O            3.46167865098724        1.31215996868270       -0.67661521920674
C           -2.16179355214869       -0.40904415062546        0.01537467850686
O           -2.72158380065733        0.59639443575345        0.82558681475858
H           -0.02110055137229       -2.24903966527443        1.06286872596091
H            2.44943279640155       -1.22335704418092        0.61965253381827
H            1.77112501462753        2.26789945846531       -1.24196828425379
H           -2.54095231211468       -1.35648769652124        0.40174555379041
H           -2.49001127167958       -0.28976125511824       -1.02901823292338
H           -2.38021054883236        1.45271253990779        0.54173489826283
15
 energy: -28.064630641666 gnorm: 0.000328824193 xtb: 6.7.1pre (5071a88)
C            0.22377397626451       -1.32529578162429        0.58151063034878
C           -0.66478989170509       -0.41798777023210        0.06208359981762
O           -0.01018953530480        0.62981695790465       -0.46199450169791
C            1.31846105808330        0.40984459735561       -0.28879224070151
C            1.50477465647237       -0.79614517041462        0.35393373190006
C            2.26152568095534        1.39642348342586       -0.76678181697037
O            3.46164517274962        1.31101183110340       -0.67730185130094
C           -2.16174888214981       -0.40905501338470        0.01549218486059
O           -2.72005937409689        0.59664048020205        0.82648114271699
H           -0.02017994617817       -2.24971965496283        1.06274320987160
H            2.44989309747531       -1.22256738239057        0.62011990089418
H            1.77115368471948        2.26866713616212       -1.24058213414941
H           -2.54161881949524       -1.35616812413786        0.40194776370254
H           -2.49033015976233       -0.28913204373872       -1.02866888405772
H           -2.38230971802758        1.45366545473196        0.53980826476547
