14
 energy: -24.026339711163 gnorm: 0.039076822749 xtb: 6.7.1pre (5071a88)
C           -1.70463300000000        0.59584000000000        0.12663900000000
C           -1.48250800000000       -0.74533500000000        0.45724400000000
C           -0.19569800000000       -1.28638300000000        0.38671300000000
C            0.85830300000000       -0.47414700000000       -0.01592900000000
C            0.63331400000000        0.86099500000000       -0.34439000000000
C           -0.64111200000000        1.40448500000000       -0.27664100000000
O            1.67539000000000        1.65062200000000       -0.73878800000000
O            2.13983800000000       -0.94389300000000       -0.10514700000000
H           -2.70769900000000        1.01114900000000        0.18338700000000
H           -2.31699100000000       -1.36821900000000        0.77048500000000
H           -0.04115900000000       -2.32827600000000        0.64661700000000
H           -0.80412700000000        2.44611900000000       -0.53502400000000
H            2.45289500000000        1.05844600000000       -0.70853000000000
H            2.13419000000000       -1.88140200000000        0.15336300000000
14
 energy: -24.027748362406 gnorm: 0.014962530499 xtb: 6.7.1pre (5071a88)
C           -1.70261629924551        0.58973318032608        0.12797316692209
C           -1.48659968248120       -0.73844660064148        0.45604986330575
C           -0.20929727305035       -1.27636520804539        0.38627927538941
C            0.85039120563623       -0.47902557916459       -0.01324015547889
C            0.63265310529604        0.86035167344122       -0.34409933465172
C           -0.64489960098843        1.39204716857850       -0.27257694394799
O            1.67681437327153        1.64568929035172       -0.73767639207820
O            2.13850302982452       -0.94833380901703       -0.10369976727053
H           -2.69902541126823        1.00333188228539        0.18405547321015
H           -2.31452388862873       -1.35912232677007        0.76756451367551
H           -0.04826806581053       -2.31449155995128        0.64403959345464
H           -0.80054375167403        2.42788284439379       -0.53062531372177
H            2.46326623000257        1.07649471969529       -0.71525587734087
H            2.14414902911611       -1.87974467548214        0.15121089853241
14
 energy: -24.027962403246 gnorm: 0.004449637493 xtb: 6.7.1pre (5071a88)
C           -1.70399554168213        0.58793784478877        0.12870114222016
C           -1.49198926841105       -0.73699190060262        0.45656782568984
C           -0.21690791338820       -1.27323281876421        0.38671498379858
C            0.84530462030187       -0.48269676299396       -0.01136505375555
C            0.63302463865038        0.86059948590991       -0.34423055813191
C           -0.64654937790857        1.38659683160638       -0.27079856881702
O            1.67646139174641        1.64208042672123       -0.73662512967686
O            2.13715337764116       -0.95082904604909       -0.10278395176890
H           -2.69712360751365        1.00447570314490        0.18341730516906
H           -2.31604701384094       -1.35925992618407        0.76786174948516
H           -0.04745230108511       -2.31024102370200        0.64273310532500
H           -0.79430356484431        2.42154177957691       -0.52994593889953
H            2.47042723716222        1.08946652338452       -0.72003923516081
H            2.15200032317193       -1.87944611683667        0.14979132452279
14
 energy: -24.027983602682 gnorm: 0.001811648168 xtb: 6.7.1pre (5071a88)
C           -1.70496701825478        0.58803401278902        0.12884029442984
C           -1.49420513912240       -0.73754759790375        0.45709810767286
C           -0.21845978321114       -1.27367223529863        0.38710021695772
C            0.84392697989606       -0.48388553967123       -0.01080371861369
C            0.63355451881037        0.86061367615033       -0.34432465064513
C           -0.64647643199714        1.38575013002594       -0.27057831056267
O            1.67530444713111        1.64109950152264       -0.73615867664505
O            2.13634553364490       -0.95130380858524       -0.10251579807074
H           -2.69750753395855        1.00691140803127        0.18281337068159
H           -2.31757930602155       -1.36095726619009        0.76858868427310
H           -0.04585302681875       -2.31073863049035        0.64259751336644
H           -0.79137247077929        2.42145437807541       -0.53042117079556
H            2.47264688490305        1.09417887618346       -0.72171189645386
H            2.15464534577810       -1.87993590463880        0.14947503440515
14
 energy: -24.027986397177 gnorm: 0.000629531196 xtb: 6.7.1pre (5071a88)
C           -1.70536157289839        0.58813685820309        0.12887906714511
C           -1.49526923020515       -0.73808646412314        0.45742713538995
C           -0.21881750540040       -1.27448383667294        0.38738403020635
C            0.84335857553762       -0.48447622741006       -0.01054457476226
C            0.63421970479763        0.86045660605520       -0.34439479125644
C           -0.64603855050024        1.38549427312687       -0.27058272938103
O            1.67395198128476        1.64082814949782       -0.73585375796166
O            2.13551198398269       -0.95153066955588       -0.10231126207632
H           -2.69771345789987        1.00874407026101        0.18234509773642
H           -2.31863636728704       -1.36206820434602        0.76907407163744
H           -0.04500838676689       -2.31167933419005        0.64271234369232
H           -0.78981080620041        2.42189848577933       -0.53080911785953
H            2.47381124836927        1.09741447050150       -0.72279896004955
H            2.15580538318642       -1.88064717712672        0.14947244753918
14
 energy: -24.027986926935 gnorm: 0.000056851257 xtb: 6.7.1pre (5071a88)
C           -1.70511092845557        0.58805014836924        0.12886035115898
C           -1.49480578403876       -0.73792145947024        0.45730309177102
C           -0.21856868063171       -1.27434409986918        0.38730336889261
C            0.84361287338187       -0.48427133356796       -0.01064417385911
C            0.63418579113198        0.86042439275587       -0.34438017453783
C           -0.64603992451774        1.38556595171746       -0.27060213453395
O            1.67416734661895        1.64106135215557       -0.73595452326268
O            2.13562940296127       -0.95154817360967       -0.10232649664900
H           -2.69751676693153        1.00818128629366        0.18246605260147
H           -2.31829524254495       -1.36161869287851        0.76889233676051
H           -0.04551415582402       -2.31149536264657        0.64274786410300
H           -0.79048711458431        2.42173654116548       -0.53064950146854
H            2.47347221330586        1.09678748407747       -0.72256897500470
H            2.15527397012866       -1.88060703449263        0.14955191402820
