17
 energy: -27.185151640329 gnorm: 0.038863733762 xtb: 6.7.1pre (5071a88)
C           -2.65760400000000       -0.15947800000000        0.15313700000000
O           -1.58982100000000        0.77164600000000        0.02104500000000
C           -0.32205800000000        0.24917800000000       -0.00329400000000
C            0.01604200000000       -1.10093700000000        0.08875500000000
C            1.36074800000000       -1.48957400000000        0.04946600000000
C            2.37046400000000       -0.53414400000000       -0.08154300000000
C            2.04132600000000        0.81596000000000       -0.17406400000000
C            0.70444600000000        1.19275800000000       -0.13422400000000
O            0.40572500000000        2.52562300000000       -0.22694700000000
H           -2.59284300000000       -0.70231800000000        1.10191300000000
H           -3.59458400000000        0.40574500000000        0.15654700000000
H           -2.68772000000000       -0.84874100000000       -0.69719000000000
H           -0.73555100000000       -1.87595800000000        0.19147000000000
H            1.62151400000000       -2.54289200000000        0.12143900000000
H            3.41244900000000       -0.84172700000000       -0.11146400000000
H            2.81656300000000        1.56904600000000       -0.27624000000000
H           -0.56909600000000        2.56581300000000       -0.17880500000000
17
 energy: -27.186839077932 gnorm: 0.016133632820 xtb: 6.7.1pre (5071a88)
C           -2.65649679211251       -0.15965687406881        0.15309286365231
O           -1.58849799763008        0.75530339713620        0.02230507371420
C           -0.31410044582725        0.23953384456697       -0.00292869117218
C            0.02646294826744       -1.10140001454465        0.08824355687375
C            1.36151023874244       -1.48352773289931        0.04893420190472
C            2.36210363126299       -0.53634170298267       -0.08092364335209
C            2.03477846428384        0.80732766874984       -0.17301633186017
C            0.70520472784310        1.19343598528610       -0.13431968944566
O            0.39456143526877        2.52094169105132       -0.22597688722121
H           -2.58628083887095       -0.71045175668385        1.09498314175705
H           -3.57258756563244        0.43444414503783        0.15305174481167
H           -2.68040127714896       -0.85570644032968       -0.68976337658482
H           -0.72711388427279       -1.86780490827882        0.19036101574466
H            1.61622328277087       -2.53129912944922        0.12077448189822
H            3.39803137877678       -0.84252518321409       -0.11063845778960
H            2.79970746598869        1.56149694050055       -0.27473637116823
H           -0.57310477170991        2.57623007012230       -0.17944163176263
17
 energy: -27.187104747945 gnorm: 0.005281082419 xtb: 6.7.1pre (5071a88)
C           -2.65436089521361       -0.15968751429026        0.15298261563490
O           -1.58665742220034        0.74645085487995        0.02292845166158
C           -0.30788383383106        0.23445718485098       -0.00284342846769
C            0.03146369644285       -1.10320882603898        0.08812686260050
C            1.36403494581781       -1.48404347765874        0.04884301201898
C            2.36036402565019       -0.53825257860606       -0.08067626106381
C            2.03265932636976        0.80396642202849       -0.17263086651751
C            0.70668096168936        1.19666000565585       -0.13465994668639
O            0.38789310470364        2.51843896239584       -0.22542133768888
H           -2.58976220299485       -0.71569953955964        1.09249912598342
H           -3.55822988984912        0.44827584903021        0.15116940857151
H           -2.68355995812694       -0.86045470923555       -0.68611591669654
H           -0.72786589998842       -1.86205266990919        0.18993239478149
H            1.61464026752338       -2.53069165082180        0.12080869104302
H            3.39479887826059       -0.84149386718113       -0.11055184023162
H            2.79135808405566        1.56165804327467       -0.27430915616195
H           -0.57557318830889        2.58567751118536       -0.18008080878101
17
 energy: -27.187132857520 gnorm: 0.002071146104 xtb: 6.7.1pre (5071a88)
C           -2.65450706252016       -0.15883234303906        0.15292074814831
O           -1.58587235885142        0.74414508091008        0.02307466313830
C           -0.30579911288811        0.23284498905674       -0.00282218055629
C            0.03259669866864       -1.10480062265591        0.08819664414067
C            1.36605631231009       -1.48592491493165        0.04888958177280
C            2.36132105423110       -0.53868032973005       -0.08069189867522
C            2.03275514707023        0.80379859101046       -0.17262226557227
C            0.70714900115413        1.19800141325971       -0.13479379789165
O            0.38657334840145        2.51721091785595       -0.22525175981353
H           -2.59375948093415       -0.71623529046815        1.09257203115640
H           -3.55640289961571        0.45104513790367        0.15084805867602
H           -2.68753868902266       -0.86096084168276       -0.68568358639702
H           -0.72953926305492       -1.86103063314602        0.18993731832062
H            1.61618939291654       -2.53299594712059        0.12091452335209
H            3.39659368077735       -0.83973307805397       -0.11078965387977
H            2.79045334365822        1.56319679130614       -0.27438657302393
H           -0.57626911230061        2.58895107952540       -0.18031085289553
17
 energy: -27.187137932712 gnorm: 0.000478990792 xtb: 6.7.1pre (5071a88)
C           -2.65488930107722       -0.15807946937841        0.15287968126990
O           -1.58546661848564        0.74331065131725        0.02312111933190
C           -0.30492325713944        0.23194253527428       -0.00279498261973
C            0.03309338134731       -1.10589342149723        0.08825930069553
C            1.36730887081264       -1.48710529679607        0.04891957319477
C            2.36192741276688       -0.53869193063101       -0.08072282482661
C            2.03285580772172        0.80397914661470       -0.17264219927174
C            0.70709967762126        1.19846405964810       -0.13482883727374
O            0.38632319658920        2.51635202234189       -0.22516867118585
H           -2.59629122250092       -0.71578435277156        1.09292108731311
H           -3.55683703288642        0.45193519725520        0.15079891439881
H           -2.69009723516706       -0.86055022024714       -0.68583451228639
H           -0.73021655869742       -1.86114619750918        0.18998232609822
H            1.61788044033748       -2.53439811084826        0.12093947331431
H            3.39800249717725       -0.83825232684956       -0.11098433753469
H            2.79081729981465        1.56379841359504       -0.27445465627275
H           -0.57658735823429        2.59011930048195       -0.18038945434507
17
 energy: -27.187138220232 gnorm: 0.000145995293 xtb: 6.7.1pre (5071a88)
C           -2.65497223994663       -0.15779324871550        0.15286079862514
O           -1.58538183893403        0.74329423282013        0.02311791225042
C           -0.30482384128056        0.23163958576456       -0.00277560901256
C            0.03320747922463       -1.10621408924002        0.08827933241163
C            1.36754445757676       -1.48730372946985        0.04892330989804
C            2.36189794912754       -0.53858301963186       -0.08073007453024
C            2.03277570199696        0.80409579120579       -0.17264743580343
C            0.70686201431081        1.19841892698998       -0.13481264982334
O            0.38629914081787        2.51607569944317       -0.22514496430686
H           -2.59674614870997       -0.71537840130007        1.09302879302059
H           -3.55727486357304        0.45212430269435        0.15080694548069
H           -2.69056476101183       -0.86016282342000       -0.68595829091207
H           -0.73010357770086       -1.86148515804368        0.19000382486553
H            1.61858503831889       -2.53452137645371        0.12091234855362
H            3.39820885815109       -0.83768553120604       -0.11104120709270
H            2.79123244410165        1.56351284161194       -0.27445321983518
H           -0.57674581246928        2.58996599695082       -0.18036881378927
