21
 energy: -34.410666076619 gnorm: 0.037312664023 xtb: 6.7.1pre (5071a88)
C           -2.93268400000000       -0.26689200000000        2.19160100000000
O           -1.90850300000000       -0.96381400000000        1.49809500000000
C           -1.01801500000000       -0.21904200000000        0.77226700000000
C           -0.01637300000000       -0.92753300000000        0.09644700000000
C            0.95511000000000       -0.27666800000000       -0.68069700000000
C            0.92019300000000        1.11227800000000       -0.78119800000000
C           -0.07352300000000        1.83226000000000       -0.11228000000000
C           -1.03658600000000        1.17239700000000        0.65946100000000
O            1.86922400000000       -1.10646900000000       -1.28080000000000
C            2.87019500000000       -0.48335300000000       -2.07719900000000
O            0.02641900000000       -2.29940600000000        0.18957500000000
H           -3.54736500000000       -1.00691100000000        2.71315700000000
H           -3.58295600000000        0.27448800000000        1.49655900000000
H           -2.51193600000000        0.40628300000000        2.94581200000000
H            1.64545800000000        1.66581100000000       -1.36752900000000
H           -0.09962000000000        2.91682600000000       -0.19161800000000
H           -1.78714000000000        1.77544100000000        1.15931000000000
H            3.49692700000000        0.18179200000000       -1.47405100000000
H            2.42549400000000        0.04994900000000       -2.92385700000000
H            3.51350700000000       -1.27107800000000       -2.48098400000000
H            0.79217100000000       -2.56635900000000       -0.35207100000000
21
 energy: -34.412650237742 gnorm: 0.016252472693 xtb: 6.7.1pre (5071a88)
C           -2.92172456533647       -0.26662453471824        2.18347757854036
O           -1.90167990699223       -0.95460035144914        1.49221297494119
C           -1.01360013211507       -0.21299134933615        0.76845379023003
C           -0.01530061202386       -0.92663511676266        0.09557303679998
C            0.94830495464160       -0.26489193685432       -0.67673850472152
C            0.91281528581076        1.11806243312374       -0.77627078439955
C           -0.07569053180730        1.82432865716485       -0.10995642449071
C           -1.03081971232203        1.17318673046056        0.65512760398555
O            1.86653880552372       -1.09214343367099       -1.28011752336915
C            2.86507463941091       -0.48396236781117       -2.07335995290406
O            0.02399262737897       -2.29244389231392        0.19073427800494
H           -3.51477290459894       -1.02991093140138        2.69116221642757
H           -3.56880849814929        0.28396294752837        1.49392782498566
H           -2.50604663695036        0.41474101485683        2.93200642984148
H            1.63751346873568        1.66352224168994       -1.36144914884447
H           -0.10233152291759        2.90136230441323       -0.18820832156866
H           -1.78066012314625        1.76659930560450        1.15532339196291
H            3.48516756561790        0.18913639929619       -1.47511647441819
H            2.42237616215798        0.05835757424637       -2.91322913357699
H            3.48732176792537       -1.29383194770742       -2.45956417220211
H            0.78232686915649       -2.57522374635918       -0.34398868522427
21
 energy: -34.412989096089 gnorm: 0.005209225760 xtb: 6.7.1pre (5071a88)
C           -2.91497417792622       -0.26945306092429        2.17874621793166
O           -1.89659084870719       -0.94908756522255        1.48794879885196
C           -1.01059682684751       -0.20854675303738        0.76582930058670
C           -0.01441529858567       -0.92726628409641        0.09497596618202
C            0.94348890144791       -0.25715700578702       -0.67388250728444
C            0.91035132357403        1.12431941485856       -0.77501814424826
C           -0.07671141699492        1.82569677117530       -0.10932643582922
C           -1.02847998371060        1.17662348504612        0.65308521365368
O            1.86444931174379       -1.08415638518252       -1.27929883316298
C            2.86126656260189       -0.48501936702654       -2.07044972521291
O            0.02054422938084       -2.28742062210832        0.19282532111122
H           -3.49541886355970       -1.04429680058507        2.67816754807210
H           -3.56429361231534        0.28597287944320        1.49446676465361
H           -2.50538884173515        0.41627477459850        2.92732439541970
H            1.63766350281448        1.66096647102779       -1.36132682521375
H           -0.10393954807100        2.90063895040308       -0.18695405219954
H           -1.78063752414819        1.76108005819896        1.15580720235166
H            3.48423574619932        0.19143224548582       -1.47858720591251
H            2.42520039563603        0.06111657451879       -2.91161595161863
H            3.47094427236253       -1.30580475669702       -2.44637322373489
H            0.77329969684066       -2.58591302408901       -0.33634382439716
21
 energy: -34.413028539137 gnorm: 0.001977483385 xtb: 6.7.1pre (5071a88)
C           -2.91437834824790       -0.27250627804582        2.17858366788850
O           -1.89509437499152       -0.94724400955581        1.48667382298453
C           -1.00977837656890       -0.20601960456683        0.76499385783012
C           -0.01404203819031       -0.92670228590550        0.09464853513254
C            0.94229168480345       -0.25423933102662       -0.67326285933899
C            0.91065044619261        1.12761698261092       -0.77553866159402
C           -0.07662293564374        1.82963800516901       -0.10975024849526
C           -1.02831191000525        1.17950504936992        0.65269830711969
O            1.86414734519811       -1.08188515020880       -1.27928161611611
C            2.86135482090915       -0.48672940943124       -2.07035942952166
O            0.01831376384035       -2.28473318793320        0.19422897077210
H           -3.49222922867376       -1.04944798170369        2.67627896466314
H           -3.56624759529318        0.28338432460152        1.49632516799165
H           -2.50751123301356        0.41366418125400        2.92895279829184
H            1.63986663443715        1.66035806234975       -1.36289879052246
H           -0.10412938930070        2.90512324971391       -0.18722149803743
H           -1.78220859542026        1.76050950642406        1.15701906603052
H            3.48742965200099        0.18997720583097       -1.48101392255404
H            2.42858257791472        0.05968555557290       -2.91378613396970
H            3.46874656316191       -1.30926743949678       -2.44443512776004
H            0.76916753689064       -2.59068744502268       -0.33285487079492
21
 energy: -34.413038123051 gnorm: 0.001286152057 xtb: 6.7.1pre (5071a88)
C           -2.91513559004358       -0.27656252605887        2.17951245507979
O           -1.89390792323921       -0.94529447086845        1.48561728187164
C           -1.00920692971178       -0.20235895069103        0.76423721413775
C           -0.01368365360514       -0.92496337358312        0.09422500068915
C            0.94169290904116       -0.25127533731333       -0.67308944587491
C            0.91127811350364        1.13114626395240       -0.77632274993619
C           -0.07608108710583        1.83494503756701       -0.11063348647079
C           -1.02819197539277        1.18340847748399        0.65225339412828
O            1.86434352238938       -1.07992917004509       -1.27960327811766
C            2.86259589915386       -0.48904307511237       -2.07106611702993
O            0.01533032260677       -2.28116981181336        0.19610922238174
H           -3.49120143642215       -1.05552733042916        2.67607270868853
H           -3.57071324051006        0.27858434643624        1.49942891528151
H           -2.51137168878982        0.40893647800811        2.93287129339700
H            1.64254604309701        1.66019498912278       -1.36486230133040
H           -0.10376339993211        2.91120995950850       -0.18804539214170
H           -1.78381821264293        1.76165471358162        1.15810246386964
H            3.49255207373356        0.18706382314218       -1.48398069603748
H            2.43317709224371        0.05670878992554       -2.91746380615293
H            3.46917679560892       -1.31264893723567       -2.44444727215774
H            0.76437936601736       -2.59507989557791       -0.32891540427529
21
 energy: -34.413040031030 gnorm: 0.000187059077 xtb: 6.7.1pre (5071a88)
C           -2.91523546017922       -0.27589260786570        2.17952541696458
O           -1.89418943200444       -0.94568545738746        1.48586055012905
C           -1.00943193138418       -0.20264914824180        0.76442970216749
C           -0.01379632872643       -0.92481683973685        0.09429488957467
C            0.94208739254593       -0.25200233591103       -0.67331476117493
C            0.91113244251192        1.13026769001809       -0.77613504917284
C           -0.07600844996965        1.83385773288120       -0.11058832199102
C           -1.02817422782154        1.18285481246877        0.65229041706659
O            1.86446991713462       -1.08050511449029       -1.27964404011001
C            2.86258237847820       -0.48857282179193       -2.07109884824001
O            0.01562843646215       -2.28161235408814        0.19592909153614
H           -3.49159299834386       -1.05487240463975        2.67630269328390
H           -3.57026533213400        0.27903768779018        1.49909211752667
H           -2.51095698739198        0.40938555758280        2.93248889705872
H            1.64185262714725        1.66041047962055       -1.36436909962866
H           -0.10353586687185        2.90983973692968       -0.18808901997119
H           -1.78321518925068        1.76221112541945        1.15760582253305
H            3.49165689770553        0.18740326850423       -1.48336946453741
H            2.43230022258778        0.05705070777934       -2.91682727655819
H            3.46962829325505       -1.31200104759730       -2.44484007498049
H            0.76506059624941       -2.59370866724403       -0.32954364147609
21
 energy: -34.413040112591 gnorm: 0.000086133490 xtb: 6.7.1pre (5071a88)
C           -2.91517138541870       -0.27610855340152        2.17949784445654
O           -1.89404429051480       -0.94564599764593        1.48574877702950
C           -1.00943329479898       -0.20236368687973        0.76440421318257
C           -0.01380323449454       -0.92460135139862        0.09428022045088
C            0.94214156436776       -0.25198105733401       -0.67335650188890
C            0.91113820152046        1.13030805334545       -0.77614262942785
C           -0.07593279278701        1.83392069762441       -0.11065004681853
C           -1.02817809190697        1.18306391362304        0.65227372351985
O            1.86446531035600       -1.08052408136004       -1.27963833539275
C            2.86257136432924       -0.48861156247669       -2.07108712408243
O            0.01534951444789       -2.28140193335635        0.19611589094395
H           -3.49125978902791       -1.05537375463416        2.67610238120437
H           -3.57030657597898        0.27880872123907        1.49920733255242
H           -2.51105772710317        0.40914860090710        2.93252192935759
H            1.64187286423176        1.66046145138255       -1.36438791656991
H           -0.10338610989569        2.90986609930904       -0.18820213329969
H           -1.78316763074473        1.76254344798153        1.15753957212211
H            3.49165170694648        0.18735582582086       -1.48340629712544
H            2.43233731230866        0.05700900841054       -2.91680555572411
H            3.46950899808390       -1.31214588982007       -2.44473933887123
H            0.76470108607935       -2.59372795133647       -0.32927600561894
