27
 energy: -28.480110380317 gnorm: 0.016559240421 xtb: 6.7.1pre (5071a88)
C            3.81997600000000       -0.07100900000000       -0.42946900000000
C            2.43954900000000       -0.51765400000000        0.02845800000000
C            1.37973600000000        0.54223600000000       -0.28104100000000
C           -0.01510500000000        0.20089000000000        0.27927300000000
C           -0.96282200000000        1.39493100000000        0.06788400000000
C           -2.37319600000000        1.10372600000000        0.57316100000000
C           -2.94551900000000       -0.15796600000000       -0.06204300000000
C           -2.02222500000000       -1.35252000000000        0.14655300000000
C           -0.60597500000000       -1.07050000000000       -0.35230500000000
H            4.12378800000000        0.84955400000000        0.07904900000000
H            3.83507800000000        0.11090900000000       -1.50883400000000
H            4.56203800000000       -0.84344700000000       -0.20441800000000
H            2.46565000000000       -0.71589500000000        1.10604800000000
H            2.19544700000000       -1.45998100000000       -0.47287300000000
H            1.31787200000000        0.68872400000000       -1.36697500000000
H            1.70622400000000        1.49936100000000        0.14605300000000
H            0.08127000000000        0.03390700000000        1.36091100000000
H           -1.00796900000000        1.64921900000000       -0.99898400000000
H           -0.57210200000000        2.27794100000000        0.58777900000000
H           -2.35400900000000        0.98879900000000        1.66389700000000
H           -3.02634100000000        1.95573300000000        0.35325900000000
H           -3.09291600000000        0.00735800000000       -1.13638600000000
H           -3.93074200000000       -0.37321000000000        0.36659400000000
H           -1.98796500000000       -1.60530700000000        1.21353300000000
H           -2.42808900000000       -2.22679100000000       -0.37491600000000
H            0.01939100000000       -1.93937600000000       -0.12053700000000
H           -0.62104400000000       -0.96963200000000       -1.44495400000000
27
 energy: -28.480903526753 gnorm: 0.005921618505 xtb: 6.7.1pre (5071a88)
C            3.82177939084792       -0.07100412123834       -0.42827578290698
C            2.43919766535370       -0.51773068685108        0.02863663332056
C            1.37246484280856        0.53180988990956       -0.27655754219063
C           -0.01891685930708        0.20037217922846        0.28134278177928
C           -0.96444146560323        1.38662780268619        0.06200975744164
C           -2.37087536026776        1.09926596527014        0.57794596615512
C           -2.94498280504340       -0.15596490969224       -0.06719637882558
C           -2.01907231928990       -1.34582498294830        0.15268167847811
C           -0.60892006545458       -1.05934723852188       -0.35774209955638
H            4.11838999330603        0.84829691355434        0.07558932816500
H            3.83115226421714        0.11232743291890       -1.50206597704476
H            4.56591887032744       -0.83570988591348       -0.20716791131419
H            2.45882461292220       -0.70957176818152        1.10487418438496
H            2.18916211839649       -1.45611137858738       -0.47089665738715
H            1.30421697020770        0.66957378736357       -1.35984864898673
H            1.69517315840137        1.48635813549602        0.15109544808180
H            0.07522103450921        0.02966156900923        1.36075998193471
H           -1.00841846593197        1.62190553562770       -1.00601921126511
H           -0.56398175165339        2.26569564568089        0.57553859558902
H           -2.34301856617986        0.97204635006551        1.66454567376302
H           -3.02031238231708        1.95257614959096        0.36258389892127
H           -3.07649686147087        0.01181940027983       -1.14052931872852
H           -3.92973629958151       -0.37156728877552        0.35699226457848
H           -1.97891580919906       -1.58429928178034        1.22015015037271
H           -2.42017878974789       -2.22210934990321       -0.36463013841077
H            0.02577020694347       -1.91902220995671       -0.12961183939426
H           -0.62900332719369       -0.94007365433130       -1.44548783695461
27
 energy: -28.481109263678 gnorm: 0.001856215273 xtb: 6.7.1pre (5071a88)
C            3.81633189346801       -0.06817700427007       -0.42629393244531
C            2.43509155216432       -0.51965111025798        0.03339804128298
C            1.36934319182342        0.52943209769734       -0.27506138133073
C           -0.01933826675623        0.19753883941687        0.28159318638260
C           -0.96100334340119        1.38294846244467        0.05844889329319
C           -2.36470707330832        1.09686590705276        0.58198802672702
C           -2.94099620266875       -0.15435238914324       -0.07074233684458
C           -2.01645350754301       -1.34459724057828        0.15635201675820
C           -0.61046352915125       -1.05618362752108       -0.36259173286739
H            4.10738973481075        0.85091485823606        0.07636090331442
H            3.82067576716983        0.11449264735358       -1.49807721627226
H            4.56075072294243       -0.82923215427990       -0.20632164411090
H            2.45446572568979       -0.70743736616733        1.10926234340196
H            2.18629971005676       -1.45734403031887       -0.46519117120071
H            1.29732450944624        0.66014898399260       -1.35743739342721
H            1.69046307698277        1.48399141019697        0.15018121220347
H            0.07112395303053        0.02423023720923        1.36024162546283
H           -1.01119581172478        1.60120879824857       -1.01104652344717
H           -0.55774894397170        2.26575498509033        0.56050887103322
H           -2.32769085211563        0.95695694384743        1.66500167766143
H           -3.01244324462103        1.95249159416550        0.37703446963768
H           -3.05826320025520        0.01616382771787       -1.14347292145305
H           -3.92824235426758       -0.36844960709162        0.34495496675759
H           -1.96893878967993       -1.56721104970836        1.22516227523335
H           -2.41721512319732       -2.22538152990409       -0.35098724164778
H            0.02784253316854       -1.91486323800461       -0.14818311720764
H           -0.64240212809148       -0.92025924542432       -1.44636489689521
27
 energy: -28.481191072051 gnorm: 0.002486636894 xtb: 6.7.1pre (5071a88)
C            3.81439784573527       -0.06531410336410       -0.42229130190853
C            2.43493270732409       -0.52161992134853        0.04027032044922
C            1.36898602224810        0.52557756910444       -0.27505043876710
C           -0.02009436053940        0.19509824078186        0.27927849642051
C           -0.96102835537527        1.38046020592998        0.05331964273464
C           -2.36054651778355        1.09465450974619        0.58899025121296
C           -2.93805284888183       -0.15213391902982       -0.07313376383731
C           -2.01484664686622       -1.34305139151296        0.16162821395335
C           -0.61428196749436       -1.05407892994900       -0.37188261368269
H            4.09896620150113        0.85626697959356        0.07932391033669
H            3.81237029675879        0.11577180937952       -1.49434661437098
H            4.56202577101771       -0.82274542079331       -0.20252169664674
H            2.45442590327342       -0.70443648458403        1.11669072258078
H            2.18956035533498       -1.46146421645363       -0.45517014818488
H            1.29833117084414        0.65018900026532       -1.35788975936891
H            1.68956109322168        1.48192636287299        0.14537367346035
H            0.06644063744433        0.01862998899630        1.35785248461769
H           -1.02106734593863        1.58466479557511       -1.01806214870630
H           -0.55553184352803        2.26981690778080        0.54076538724647
H           -2.31124365125870        0.94007024786034        1.66908052609536
H           -3.00946832914245        1.95267126398302        0.40091376699436
H           -3.04030886648800        0.02165538550051       -1.14631890479364
H           -3.93019252549634       -0.36391046950089        0.33036128166170
H           -1.95791906915781       -1.54885271697682        1.23286964500734
H           -2.41856766070148       -2.23076693140328       -0.32997526462413
H            0.02585992002988       -1.91590436281807       -0.17852469281715
H           -0.66270793608147       -0.90317439963548       -1.45283397506300
27
 energy: -28.481208146859 gnorm: 0.001138181061 xtb: 6.7.1pre (5071a88)
C            3.81583238190980       -0.06496785556395       -0.42054299083500
C            2.43642824268919       -0.52103528477193        0.04175843349525
C            1.37023664093449        0.52509572596437       -0.27700711226897
C           -0.02010776156732        0.19482148267813        0.27585619431563
C           -0.96202281415093        1.38075217253652        0.05217601819644
C           -2.36037312617563        1.09385873510936        0.59041556258945
C           -2.93926471889827       -0.15209402183191       -0.07150622415183
C           -2.01604218277313       -1.34292901118331        0.16211867725557
C           -0.61657601668572       -1.05437498961333       -0.37467798273733
H            4.10097233790651        0.85762661609707        0.08005446745305
H            3.81526307898221        0.11486020632228       -1.49331953765210
H            4.56445909524891       -0.82187970393251       -0.19954166942511
H            2.45541225319735       -0.70204720594477        1.11881746955512
H            2.19224427700694       -1.46286039271771       -0.45141410821658
H            1.30228612918404        0.64897668622814       -1.36055779578248
H            1.69014285130828        1.48260106977585        0.14250645351633
H            0.06634247317098        0.01775455196054        1.35442451909749
H           -1.02441897553596        1.58668310418074       -1.01903075349905
H           -0.55571640661770        2.27040785772273        0.53885450524660
H           -2.30891139818129        0.93827119720952        1.67051728061802
H           -3.01038349315145        1.95204977898848        0.40607506125340
H           -3.04160573068982        0.02224778373329       -1.14488208563947
H           -3.93216948803978       -0.36354227812169        0.33084259863761
H           -1.95673772812593       -1.54800199421534        1.23361816437881
H           -2.42157005622597       -2.23166138163126       -0.32650548081205
H            0.02376165905234       -1.91700801445361       -0.18463827938961
H           -0.66748152377212       -0.90360483452569       -1.45569438519909
27
 energy: -28.481219494906 gnorm: 0.001084752859 xtb: 6.7.1pre (5071a88)
C            3.81825771316021       -0.06470604191985       -0.41679403253102
C            2.43860435063165       -0.51872707508719        0.04499534291641
C            1.37103460525997        0.52364345412784       -0.28222012566466
C           -0.02078058260809        0.19378776681040        0.26902296323705
C           -0.96369832656672        1.38105868320071        0.04999091209427
C           -2.35952604057401        1.09265998463450        0.59358979532108
C           -2.94064809319586       -0.15184066640708       -0.06784548051827
C           -2.01729184003912       -1.34263876468754        0.16247967700081
C           -0.62050251313757       -1.05479481328267       -0.38148592244401
H            4.10451965128917        0.86011876411368        0.08053684545071
H            3.82127352468573        0.11103691952070       -1.49088742399246
H            4.56767865198095       -0.82074243848507       -0.19166141831148
H            2.45622764829483       -0.69365201501008        1.12357245530922
H            2.19678311528982       -1.46513975994272       -0.44186539488760
H            1.30820839908139        0.64444814699416       -1.36707003225208
H            1.68813973899191        1.48384982592031        0.13486973754848
H            0.06623350172133        0.01528236206774        1.34746564076311
H           -1.03027829471870        1.59106176583755       -1.02072649835513
H           -0.55555365702502        2.26999956971359        0.53703919547211
H           -2.30344865772335        0.93540698187806        1.67369983917073
H           -3.01117800540104        1.95122884954806        0.41539905817491
H           -3.04538202976017        0.02347534156485       -1.14135816975661
H           -3.93382158853359       -0.36287659087977        0.33476932815699
H           -1.95285527280510       -1.54720391071065        1.23424584036726
H           -2.42594203358714       -2.23257327770457       -0.32183055091614
H            0.02053325241484       -1.91834612102056       -0.19658297344342
H           -0.67658721712628       -0.90381694079437       -1.46263160791010
27
 energy: -28.481225861820 gnorm: 0.000819648307 xtb: 6.7.1pre (5071a88)
C            3.81852956581550       -0.06469513890491       -0.41524176168460
C            2.43849424672417       -0.51755675536265        0.04636636043266
C            1.37077532260077        0.52331032501928       -0.28469849581081
C           -0.02075010955536        0.19337041222061        0.26663622990581
C           -0.96340989607475        1.38091031761456        0.04962237202843
C           -2.35863302468749        1.09242917241526        0.59466317559864
C           -2.94095682665335       -0.15191657240114       -0.06599876126026
C           -2.01719053308761       -1.34286907551942        0.16181270701871
C           -0.62128572861051       -1.05446166521754       -0.38397807476862
H            4.10427563625543        0.86110499159177        0.08027949695807
H            3.82263245380228        0.10859190046866       -1.48958155917003
H            4.56727686473865       -0.82042002743388       -0.18748987569639
H            2.45503025716632       -0.68875401687883        1.12549298116613
H            2.19716859374136       -1.46546500277522       -0.43760866560505
H            1.30824275992140        0.64089341537214       -1.36975064351306
H            1.68664850862220        1.48478601981815        0.13013447284563
H            0.06688726012470        0.01395414194061        1.34482092388353
H           -1.03094200861399        1.59161258361821       -1.02080545893176
H           -0.55424270063054        2.26905632991857        0.53723209996166
H           -2.30103389905510        0.93500192597079        1.67458858063314
H           -3.01033517962157        1.95103436674100        0.41723623417467
H           -3.04788416020135        0.02384625298772       -1.13917601048969
H           -3.93314669593113       -0.36320340597074        0.33884128240082
H           -1.95081800813515       -1.54806206532907        1.23326040199297
H           -2.42663429126476       -2.23229018413727       -0.32262766620775
H            0.02030120973888       -1.91786141620100       -0.20050777389882
H           -0.67899961712897       -0.90234682956564       -1.46480557196386
27
 energy: -28.481237229148 gnorm: 0.000321391690 xtb: 6.7.1pre (5071a88)
C            3.81904424561967       -0.06489211671778       -0.41176734362318
C            2.43801083385425       -0.51515014346830        0.04988145924664
C            1.36963416022278        0.52188688555351       -0.29056923178690
C           -0.02081877524317        0.19269608734956        0.26301352434070
C           -0.96274001128790        1.38081402817533        0.04920643956765
C           -2.35682625226017        1.09252293326860        0.59724514325715
C           -2.94131709880719       -0.15201170137800       -0.06164623845208
C           -2.01613966241831       -1.34338353031617        0.15987904017088
C           -0.62213789654247       -1.05319585275674       -0.38964527795782
H            4.10300117100515        0.86356050260310        0.07909789128816
H            3.82499262382996        0.10214519984853       -1.48678135067923
H            4.56669621168488       -0.81936070695668       -0.17782386071694
H            2.45215747060809       -0.67778395402405        1.13016703713884
H            2.19803999314445       -1.46640325608288       -0.42753334931647
H            1.30718656037972        0.63087792754291       -1.37621326319628
H            1.68331586891772        1.48663306386182        0.11747253519272
H            0.06858786491720        0.01100793523384        1.34070831613021
H           -1.03210800819269        1.59284236121785       -1.02063110854543
H           -0.55216783301612        2.26760710634949        0.53784712012050
H           -2.29662603816024        0.93551232429391        1.67684953512986
H           -3.00852189389771        1.95097765963930        0.42010385642706
H           -3.05472741105233        0.02460328457603       -1.13388098653842
H           -3.93060459638803       -0.36426718465908        0.34958386059175
H           -1.94614109081582       -1.55166707377130        1.23027252385851
H           -2.42679677521355       -2.23094742205088       -0.32658377591125
H            0.02026301330205       -1.91664135112996       -0.20986486135645
H           -0.68325667419022       -0.89798300620195       -1.46967063437998
27
 energy: -28.481246083563 gnorm: 0.000520646866 xtb: 6.7.1pre (5071a88)
C            3.82029663924550       -0.06477735130617       -0.40755826255875
C            2.43863338667154       -0.51261198309394        0.05477605809319
C            1.36968420565166        0.52015473919215       -0.29692020879995
C           -0.02056204886492        0.19209848228895        0.25748575285562
C           -0.96244236667577        1.38073497496530        0.04846489132787
C           -2.35494058776411        1.09208247402526        0.60069678940026
C           -2.94257045661323       -0.15213830390495       -0.05643122986121
C           -2.01614772917184       -1.34407402108650        0.15779235341739
C           -0.62449453876023       -1.05163878148998       -0.39642106439909
H            4.10231084871523        0.86753384621593        0.07694833248754
H            3.82807665775224        0.09406948785278       -1.48374811771495
H            4.56772080760169       -0.81703629220071       -0.16626982139596
H            2.45040948825242       -0.66521444796200        1.13652466230249
H            2.20071879995009       -1.46845452478439       -0.41445256014085
H            1.30790350253760        0.61859423687341       -1.38351581395799
H            1.68125509958300        1.48918198653706        0.10247384229459
H            0.07031884889813        0.00800436500354        1.33455686701131
H           -1.03489823531000        1.59384420955165       -1.02086093023372
H           -0.55001301427120        2.26669200753943        0.53707777305035
H           -2.29105627241630        0.93463761233668        1.67997195928687
H           -3.00716962669314        1.95062045964989        0.42586029981438
H           -3.06236273902606        0.02590342130558       -1.12769728389267
H           -3.92923036675241       -0.36532211506965        0.36066070481483
H           -1.94144363319958       -1.55524948814030        1.22724618870251
H           -2.42883814386983       -2.23014742263386       -0.32970783540180
H            0.01914997139548       -1.91542605907247       -0.22278161589252
H           -0.69030849686592       -0.89206151259267       -1.47545473060949
27
 energy: -28.481252387329 gnorm: 0.000286383201 xtb: 6.7.1pre (5071a88)
C            3.82144467309899       -0.06431029114397       -0.40385918311332
C            2.43953114321894       -0.51023969036932        0.05943086473465
C            1.36940376451773        0.51781367644406       -0.30261204359450
C           -0.02073873500315        0.19112935441424        0.25298284956581
C           -0.96232505520854        1.38062187776720        0.04725656610091
C           -2.35294261627767        1.09144213521094        0.60409563047085
C           -2.94363157021739       -0.15192058239831       -0.05191117071109
C           -2.01630845463504       -1.34423547895436        0.15614070379513
C           -0.62689945534887       -1.05058371549942       -0.40286909618910
H            4.10161133047415        0.87208387149447        0.07395901698316
H            3.83117868418538        0.08623724328156       -1.48127643792331
H            4.56947703342070       -0.81372581435733       -0.15539134577434
H            2.44964273779015       -0.65405705422361        1.14244495650449
H            2.20382651156599       -1.47041890750353       -0.40214689685844
H            1.30942923304045        0.60779672226238       -1.39007058653674
H            1.67896731673559        1.49032822642535        0.08972662897173
H            0.07116207703819        0.00512308860634        1.32966695944372
H           -1.03829364832522        1.59470188578388       -1.02169426027986
H           -0.54832613568487        2.26618888709713        0.53527798925371
H           -2.28521855550314        0.93306936558876        1.68308042058936
H           -3.00572661853918        1.95028623103093        0.43259997667911
H           -3.06851214322391        0.02764802814032       -1.12234557330000
H           -3.92840084153197       -0.36556708588503        0.36940694158705
H           -1.93754151160121       -1.55798264995218        1.22482381913701
H           -2.43097237095201       -2.22920547671143       -0.33170130976088
H            0.01752184398373       -1.91495588411941       -0.23518467373434
H           -0.69735863701778       -0.88726796242963       -1.48111374604046
27
 energy: -28.481256268376 gnorm: 0.000234967433 xtb: 6.7.1pre (5071a88)
C            3.82262330422368       -0.06363281216736       -0.40073401866297
C            2.44070371266952       -0.50826942937197        0.06357628245273
C            1.36957025141763        0.51562802543487       -0.30726396232667
C           -0.02088616994345        0.19010875946920        0.24849419160197
C           -0.96253561947516        1.38022473947769        0.04592404995620
C           -2.35125555251986        1.09110239034178        0.60755626908348
C           -2.94433335993248       -0.15129896280026       -0.04808123760101
C           -2.01697968094282       -1.34454440609361        0.15457032625771
C           -0.62943731538028       -1.04997697535037       -0.40857422432245
H            4.10018747799685        0.87729056521406        0.06997153227429
H            3.83429139979109        0.07814498278319       -1.47942273229678
H            4.57190924631076       -0.80942915672591       -0.14466835907141
H            2.44951972916829       -0.64416773032117        1.14764978903066
H            2.20715636470728       -1.47240143783434       -0.39098070898964
H            1.31137066805555        0.59841287035138       -1.39541490109725
H            1.67712182786282        1.49125534237697        0.07903314116104
H            0.07173418401126        0.00256300461628        1.32484877657416
H           -1.04184658133608        1.59493783813254       -1.02269028460497
H           -0.54694567754077        2.26560673613131        0.53290040264599
H           -2.27945902973686        0.93126617921560        1.68617554885066
H           -3.00454202023458        1.95043082622715        0.43998706535570
H           -3.07358026024515        0.02988867049756       -1.11776519377492
H           -3.92757730565919       -0.36514417439680        0.37663560947914
H           -1.93478659948455       -1.56065723192499        1.22259422005152
H           -2.43365879891607       -2.22851728668663       -0.33351568461967
H            0.01529287425000       -1.91504863410417       -0.24596072562978
H           -0.70365706911738       -0.88377269249199       -1.48612817177738
27
 energy: -28.481258003860 gnorm: 0.000293179315 xtb: 6.7.1pre (5071a88)
C            3.82329007604461       -0.06287939417619       -0.39853619270840
C            2.44142914816798       -0.50672442017434        0.06670449133994
C            1.36953419234246        0.51397176647296       -0.31073061857328
C           -0.02100121477693        0.18913495443437        0.24542220686400
C           -0.96221012216030        1.38000965663781        0.04495225653000
C           -2.34941503195511        1.09045507762417        0.61009815040909
C           -2.94539658134421       -0.15078049798461       -0.04511018576778
C           -2.01766305304730       -1.34446960900466        0.15317034731562
C           -0.63115656721406       -1.04976567575104       -0.41257877617576
H            4.09826265742411        0.88203927135638        0.06579135614323
H            3.83670370199559        0.07105545725411       -1.47825343460092
H            4.57372942575337       -0.80523071649889       -0.13571807056635
H            2.44942090253486       -0.63676158281327        1.15152615508555
H            2.20940587322175       -1.47366214923831       -0.38268673041968
H            1.31270798941833        0.59169772858581       -1.39937130148400
H            1.67560779934301        1.49171656866134        0.07140896844752
H            0.07208743577774        0.00041710579093        1.32155279044038
H           -1.04432602310377        1.59471314190791       -1.02349055664210
H           -0.54506389470701        2.26535820704163        0.53076979099794
H           -2.27455718415357        0.92937424680210        1.68832602912584
H           -3.00296714552730        1.95015411584261        0.44565992912056
H           -3.07741913830883        0.03191717549279       -1.11421118468099
H           -3.92768193705050       -0.36479810371744        0.38191352091145
H           -1.93314368431789       -1.56268728491168        1.22060792107237
H           -2.43603650887402       -2.22735778745186       -0.33547490160052
H            0.01377948449616       -1.91537470556944       -0.25334142922851
H           -0.70792059997913       -0.88152254661315       -1.48968353135481
27
 energy: -28.481257663330 gnorm: 0.000708789074 xtb: 6.7.1pre (5071a88)
C            3.82393578495493       -0.06214447865632       -0.39639690522885
C            2.44213189610697       -0.50522951446131        0.06974102704204
C            1.36950000562133        0.51236402057775       -0.31409862970277
C           -0.02111284144737        0.18819000895500        0.24244549221536
C           -0.96188422233801        1.37981237495516        0.04400822749868
C           -2.34761933311370        1.08981342977569        0.61255609656462
C           -2.94645016846625       -0.15028522914233       -0.04221919023051
C           -2.01832561258983       -1.34438631151429        0.15181748570971
C           -0.63282196268828       -1.04956467891861       -0.41646416246965
H            4.09640540375724        0.88663810132491        0.06177073778662
H            3.83903868854955        0.06421219106282       -1.47711213567758
H            4.57549769434321       -0.80116533276431       -0.12705546963492
H            2.44932431081157       -0.62959375290234        1.15528849455199
H            2.21159241604803       -1.47488744442160       -0.37464846444765
H            1.31401330365542        0.58518831138621       -1.40321774565953
H            1.67414811690528        1.49216015204565        0.06401200326665
H            0.07242964365808       -0.00166345220607        1.31836020689615
H           -1.04673120774495        1.59450015284794       -1.02427131534936
H           -0.54322589922066        2.26513660278429        0.52869200546667
H           -2.26979824332534        0.92753759859403        1.69040692381218
H           -3.00143405519479        1.94986792769845        0.45115386259061
H           -3.08115574550990        0.03387585489655       -1.11075661075277
H           -3.92781152527098       -0.36447057221041        0.38703588800145
H           -1.93154542430580       -1.56464697974532        1.21868652380175
H           -2.43834986898743       -2.22622441696920       -0.33736176318349
H            0.01231736160374       -1.91569950849074       -0.26052247907124
H           -0.71206851581200       -0.87933505450155       -1.49313310379573
27
 energy: -28.481258846545 gnorm: 0.000201332569 xtb: 6.7.1pre (5071a88)
C            3.82379200882416       -0.06232888160667       -0.39713889102830
C            2.44201849714055       -0.50548170707962        0.06899592334818
C            1.36947576787275        0.51271126540195       -0.31317593749373
C           -0.02109112076385        0.18838042079924        0.24322380770289
C           -0.96216178366878        1.37958534258653        0.04423671072567
C           -2.34820736149755        1.09027733034649        0.61219560283615
C           -2.94571581193346       -0.15013860723838       -0.04312889020001
C           -2.01829953738009       -1.34464217449356        0.15185588691148
C           -0.63247169555434       -1.04958793921223       -0.41540173149291
H            4.09635366514284        0.88609609731587        0.06135772318479
H            3.83868337972720        0.06452643028025       -1.47765518228816
H            4.57515901261022       -0.80151496654865       -0.12827603403674
H            2.44948206754847       -0.63095767849630        1.15435184239157
H            2.21102209622532       -1.47450188850582       -0.37638331983750
H            1.31357644260996        0.58670379069028       -1.40211075771799
H            1.67437348774801        1.49200522553890        0.06587665598646
H            0.07235742302516       -0.00114887441963        1.31918546370828
H           -1.04624478883778        1.59436120373350       -1.02402689315653
H           -0.54390930707928        2.26477182259581        0.52931290248524
H           -2.27089314115328        0.92787887605801        1.69005887047524
H           -3.00185295286255        1.95038906216257        0.45027401586776
H           -3.08002860288007        0.03382305750751       -1.11171845259003
H           -3.92714646249931       -0.36428564436071        0.38572891283538
H           -1.93231560636666       -1.56459513634744        1.21882164771181
H           -2.43780696624240       -2.22658401587376       -0.33756193921451
H            0.01242277291577       -1.91552891415992       -0.25794347661564
H           -0.71057148267096       -0.88021349667417       -1.49223746049841
27
 energy: -28.481259212562 gnorm: 0.000120181462 xtb: 6.7.1pre (5071a88)
C            3.82363029882805       -0.06254344903692       -0.39776364170391
C            2.44191720139669       -0.50551521883298        0.06872459491311
C            1.36938573689996        0.51296406300867       -0.31263061561213
C           -0.02111907385380        0.18848721227418        0.24364053351831
C           -0.96221358215085        1.37960088446647        0.04462065338113
C           -2.34843595902236        1.09035865386557        0.61210460484666
C           -2.94548148707719       -0.15002188559224       -0.04371886964866
C           -2.01823628560817       -1.34460689043477        0.15174695140772
C           -0.63205185770985       -1.04974740481501       -0.41477552981721
H            4.09589824837939        0.88628486906848        0.05991346244480
H            3.83845503555869        0.06338656640518       -1.47832427767150
H            4.57500912011185       -0.80137308337543       -0.12819347145760
H            2.44968987127379       -0.63109459849807        1.15404284853031
H            2.21063508343019       -1.47441146762334       -0.37675133573489
H            1.31311966798665        0.58732990047839       -1.40146969521630
H            1.67422050241646        1.49214581347338        0.06675220378319
H            0.07239115193043       -0.00088336314991        1.31960167099769
H           -1.04582634886443        1.59440926883200       -1.02362515778831
H           -0.54413567218873        2.26470005431222        0.52995658204932
H           -2.27145937642715        0.92784809817985        1.68994720363033
H           -3.00196319851105        1.95047330376691        0.44991896908540
H           -3.07942323393409        0.03398104180949       -1.11233875912692
H           -3.92701263154226       -0.36417457108017        0.38484106880984
H           -1.93289621965982       -1.56471384853459        1.21871051003588
H           -2.43745027148753       -2.22640138908107       -0.33811264935182
H            0.01270274150888       -1.91564260526037       -0.25637835652737
H           -0.70934946168373       -0.88083995462589       -1.49172249777667
