11
 energy: -20.836596525330 gnorm: 0.053790156283 xtb: 6.7.1pre (5071a88)
C           -1.50693200000000        0.11480300000000       -0.61272700000000
C           -1.48157300000000       -0.52797000000000        0.60248000000000
O           -0.21048000000000       -0.60181400000000        1.07607400000000
C            0.59676700000000        0.00217700000000        0.15304900000000
C           -0.16491100000000        0.45797200000000       -0.90456200000000
C            2.00927800000000        0.06221800000000        0.41222200000000
O            2.84215800000000        0.57467200000000       -0.33192600000000
H           -2.38425900000000        0.31130600000000       -1.21321300000000
H           -2.24197400000000       -0.96941900000000        1.23223600000000
H            0.21407800000000        0.97472100000000       -1.77636600000000
H            2.32784800000000       -0.39866500000000        1.36273300000000
11
 energy: -20.838126011520 gnorm: 0.021110788046 xtb: 6.7.1pre (5071a88)
C           -1.50045076265863        0.11337788109913       -0.60836972831816
C           -1.46950617220427       -0.52492487932802        0.59994948510048
O           -0.21257090659674       -0.59908169485492        1.07041694032027
C            0.59325101278267        0.00167361492867        0.15308567556161
C           -0.16778378950716        0.45653083348781       -0.90256882476727
C            2.00915150161748        0.06403716951231        0.40876439929713
O            2.82709115072040        0.57077760185021       -0.32859664828989
H           -2.37077634048912        0.30829706002741       -1.20408226422620
H           -2.23148458008755       -0.96052886963967        1.21830030875473
H            0.20465444540589        0.96909991233312       -1.76822613713814
H            2.31842444101703       -0.39925762941606        1.36132679370544
11
 energy: -20.838388692000 gnorm: 0.005677057425 xtb: 6.7.1pre (5071a88)
C           -1.49895485605668        0.11240559321832       -0.60612296819693
C           -1.46164016118509       -0.52461766074203        0.60142934559077
O           -0.21394916704881       -0.59761037545668        1.06728076508659
C            0.59147918185849        0.00101738469450        0.15385502971855
C           -0.16947842229424        0.45608159958682       -0.90219342967825
C            2.01313076281636        0.06611308879384        0.40590529020899
O            2.82522646478348        0.57066953823054       -0.32887873210786
H           -2.36690124084262        0.30691077552282       -1.20041181390196
H           -2.22935342460199       -0.95674828703606        1.21173170483068
H            0.20048660256311        0.96717422700629       -1.76573538338521
H            2.30995426000799       -0.40139488381835        1.36314019183462
11
 energy: -20.838418389351 gnorm: 0.002089029712 xtb: 6.7.1pre (5071a88)
C           -1.49946095036282        0.11208074728535       -0.60567933088051
C           -1.45942991517030       -0.52522271268164        0.60316773923808
O           -0.21346444380720       -0.59752299498146        1.06726612670019
C            0.59156634280628        0.00073953364241        0.15441989758561
C           -0.16979279874329        0.45605963686262       -0.90220267349192
C            2.01523058670726        0.06683875675549        0.40510813236496
O            2.82707981498368        0.57150675247026       -0.32998104869247
H           -2.36768168283978        0.30666141236380       -1.20022392189232
H           -2.23151123246594       -0.95617991359794        1.21012153082555
H            0.20024766063916        0.96736442762415       -1.76610713901047
H            2.30721661825295       -0.40232464574305        1.36411068725330
11
 energy: -20.838423677691 gnorm: 0.000617352612 xtb: 6.7.1pre (5071a88)
C           -1.49980173646474        0.11190718080395       -0.60540048524853
C           -1.45850155965340       -0.52570590205436        0.60429540349866
O           -0.21266277636232       -0.59763107592493        1.06765678609267
C            0.59193018205761        0.00068367589305        0.15459555440375
C           -0.16988242151496        0.45603423828878       -0.90221170012354
C            2.01604623354196        0.06706053561430        0.40485639671980
O            2.82811883903209        0.57194117780758       -0.33051268535498
H           -2.36843853533724        0.30649602797828       -1.20002286483879
H           -2.23362870468446       -0.95585745253916        1.20892027485460
H            0.20045449720759        0.96757764393290       -1.76650124514735
H            2.30636598217788       -0.40250504980038        1.36432456514371
11
 energy: -20.838424274362 gnorm: 0.000241599643 xtb: 6.7.1pre (5071a88)
C           -1.49978719305934        0.11175312894921       -0.60519463137941
C           -1.45819494699159       -0.52585250772254        0.60470073998410
O           -0.21219486131097       -0.59764705588755        1.06788366328142
C            0.59214044975346        0.00082503325810        0.15447898933711
C           -0.16995849331804        0.45604929893302       -0.90220953254896
C            2.01600963725000        0.06713435552878        0.40489742769522
O            2.82828896555451        0.57194720386361       -0.33050199820941
H           -2.36863578164451        0.30615950086574       -1.19963174197065
H           -2.23465614509012       -0.95548263564634        1.20801595234800
H            0.20054343436412        0.96764526141614       -1.76653268437827
H            2.30644493449248       -0.40253058355815        1.36409381584085
