13
 energy: -19.953192267140 gnorm: 0.027012836206 xtb: 6.7.1pre (5071a88)
C           -1.62818800000000        0.28136900000000        0.02112800000000
C           -0.69342800000000        1.30811800000000        0.16514500000000
C            0.67230500000000        1.02016700000000        0.14059700000000
C            1.08983500000000       -0.29703300000000       -0.02842500000000
C            0.16516300000000       -1.32535600000000       -0.17254800000000
C           -1.19885700000000       -1.03552900000000       -0.14773900000000
O            2.41342900000000       -0.62405600000000       -0.05851800000000
H           -2.69131500000000        0.50715900000000        0.04045000000000
H           -1.03077800000000        2.33296700000000        0.29653200000000
H            1.38771400000000        1.82811000000000        0.25372700000000
H            0.50586000000000       -2.34824400000000       -0.30364300000000
H           -1.92524100000000       -1.83587400000000       -0.25997700000000
H            2.93350300000000        0.18820300000000        0.05327100000000
13
 energy: -19.954065678220 gnorm: 0.009055608589 xtb: 6.7.1pre (5071a88)
C           -1.62393283703894        0.28053411153348        0.02106004448626
C           -0.69559855709945        1.29859471298987        0.16387179580594
C            0.66090476308312        1.01539817359649        0.13985942651383
C            1.08766769172748       -0.29570747889771       -0.02827239774356
C            0.15891823758517       -1.31856041803603       -0.17171695851824
C           -1.19411178998777       -1.02666098885347       -0.14652743396714
O            2.41183947249149       -0.62127920618368       -0.05816835135887
H           -2.68101767127071        0.50564496173743        0.04035306415672
H           -1.02886479710784        2.31860387940208        0.29466229944131
H            1.37915170030591        1.81730846006091        0.25222331768233
H            0.50379912801704       -2.33338127571222       -0.30171160528037
H           -1.91580641542234       -1.82315401466140       -0.25821289894896
H            2.93705307471684        0.18266008302425        0.05257969773075
13
 energy: -19.954135880278 gnorm: 0.003091498361 xtb: 6.7.1pre (5071a88)
C           -1.62555065588365        0.28084888088427        0.02108614340451
C           -0.69787130284176        1.29675469025389        0.16360774225707
C            0.65623963634744        1.01448434728505        0.13969348343909
C            1.08803018750547       -0.29503244111758       -0.02818043873531
C            0.15634684345011       -1.31683388196495       -0.17151547334651
C           -1.19348565780788       -1.02426974984561       -0.14620699372790
O            2.41156362233677       -0.61993336778407       -0.05799406886770
H           -2.68108818398027        0.50535195354589        0.04031478259043
H           -1.02775825281514        2.31651474256816        0.29439806813019
H            1.37874609140069        1.81242570330040        0.25157704124776
H            0.50654157999352       -2.32820504727744       -0.30100573386271
H           -1.91295617465113       -1.82110551395214       -0.25791577336678
H            2.94124426694584        0.17900068410412        0.05214122083786
13
 energy: -19.954144808536 gnorm: 0.001137601912 xtb: 6.7.1pre (5071a88)
C           -1.62694825298199        0.28113210370075        0.02110984228368
C           -0.69896788920031        1.29701509618337        0.16363115786902
C            0.65498979576200        1.01467685601661        0.13970641564730
C            1.08840392779794       -0.29466678036865       -0.02812888841503
C            0.15566715825751       -1.31667209736730       -0.17150106049108
C           -1.19368860802445       -1.02402991195414       -0.14617748171419
O            2.41098978975359       -0.61953231394885       -0.05794707322816
H           -2.68245602438146        0.50515980504741        0.04027673677454
H           -1.02738219834855        2.31737000764461        0.29451397662931
H            1.37976506545299        1.81098222823239        0.25139692949792
H            0.50885648765541       -2.32709662258531       -0.30083789221846
H           -1.91262226218321       -1.82161537322780       -0.25797935446602
H            2.94339501044053        0.17727800262691        0.05193669183118
13
 energy: -19.954146086779 gnorm: 0.000443419058 xtb: 6.7.1pre (5071a88)
C           -1.62767387526011        0.28130569029778        0.02112573682601
C           -0.69959876998832        1.29753741696130        0.16369368792035
C            0.65460658844504        1.01509648152871        0.13975765412133
C            1.08858291855093       -0.29430688721705       -0.02808001643461
C            0.15548197292544       -1.31674857872091       -0.17151295622373
C           -1.19387392671609       -1.02418161183140       -0.14619911917260
O            2.41005951040978       -0.61946308353610       -0.05794734297078
H           -2.68344966352733        0.50482693581452        0.04022343188862
H           -1.02737693840681        2.31840599077751        0.29465011496079
H            1.38060537685714        1.81063914339121        0.25135980935439
H            0.51064882243399       -2.32683685555247       -0.30078643344885
H           -1.91286488014819       -1.82222895992728       -0.25806232842779
H            2.94485486442453        0.17595531801418        0.05177776160686
13
 energy: -19.954146323120 gnorm: 0.000060463613 xtb: 6.7.1pre (5071a88)
C           -1.62731654488380        0.28124146092488        0.02112065060792
C           -0.69940598170731        1.29744809980591        0.16368378318742
C            0.65481382573355        1.01507753424287        0.13975722452736
C            1.08849407625969       -0.29431498148222       -0.02808190933643
C            0.15560392336706       -1.31672501542186       -0.17150866126662
C           -1.19379234910132       -1.02420505337820       -0.14620149642754
O            2.41008692495161       -0.61957704961200       -0.05796208249110
H           -2.68309310140695        0.50479471289434        0.04022265807996
H           -1.02753435337505        2.31813612050675        0.29461320331427
H            1.38027871560869        1.81097984720828        0.25140146465922
H            0.51021206579512       -2.32693735492436       -0.30080379593778
H           -1.91293206270095       -1.82200358658827       -0.25803330627106
H            2.94458686145966        0.17608626582388        0.05179226735438
