16
 energy: -26.983335767115 gnorm: 0.066706717489 xtb: 6.7.1pre (5071a88)
C           -2.38210800000000        0.67237000000000       -0.37743600000000
C           -1.18378100000000       -0.23932800000000       -0.36372000000000
O           -1.00700000000000       -1.07477200000000       -1.24975600000000
C           -0.24718700000000       -0.10790300000000        0.82311600000000
C            1.12144000000000       -0.71568400000000        0.53992500000000
C            1.88009200000000        0.10808300000000       -0.46386100000000
O            1.59241700000000        1.22370600000000       -0.86431300000000
O            3.00135600000000       -0.50821800000000       -0.88303900000000
H           -2.99921200000000        0.47836700000000        0.50319300000000
H           -2.97664800000000        0.48661700000000       -1.27621100000000
H           -2.05038100000000        1.71356300000000       -0.38484200000000
H           -0.71560700000000       -0.62384700000000        1.66821900000000
H           -0.15062600000000        0.95287200000000        1.07995100000000
H            1.02319900000000       -1.73849100000000        0.16065900000000
H            1.70799100000000       -0.73724100000000        1.46467900000000
H            3.38605600000000        0.10990500000000       -1.53897500000000
16
 energy: -26.985798964160 gnorm: 0.018137858682 xtb: 6.7.1pre (5071a88)
C           -2.37341283584312        0.66704068773655       -0.38139065633606
C           -1.18312520442742       -0.25216195268419       -0.36951570065713
O           -0.99060711482582       -1.07001501288930       -1.23945640029291
C           -0.25769679287882       -0.10595414149913        0.82168015063745
C            1.11607715408075       -0.70717110915187        0.54427220601144
C            1.87446046790089        0.11399363723528       -0.46089097668968
O            1.57568239174681        1.21404583332203       -0.85008347614885
O            2.98764513745641       -0.50042692072129       -0.89292514115660
H           -2.98383427122121        0.49185930155140        0.50303463294504
H           -2.97057166244978        0.48485544736877       -1.27313178557795
H           -2.04187873518311        1.70349185338567       -0.37645517378297
H           -0.72540509376892       -0.62066522734207        1.66541452034062
H           -0.16159103550326        0.95120668225995        1.07742737279350
H            1.02290437967605       -1.72276985179488        0.15500577430483
H            1.71317174422412       -0.74378622083262        1.45937368687900
H            3.39818247101643        0.09645599405571       -1.54477003326971
16
 energy: -26.986297522687 gnorm: 0.007877456491 xtb: 6.7.1pre (5071a88)
C           -2.36480809115727        0.66339692497374       -0.38365810256597
C           -1.17507267019938       -0.25817744843125       -0.38075111876485
O           -0.97620466265417       -1.07315292832995       -1.24060994005663
C           -0.26225774835958       -0.10418728364822        0.82251625529439
C            1.11233145853521       -0.70487302278409        0.54883826661008
C            1.86320406673732        0.12280593391421       -0.46045616653558
O            1.55272961034066        1.21842504077853       -0.83953307890492
O            2.97207026813311       -0.49168046561800       -0.89656725800692
H           -2.96401353003305        0.50157281537961        0.51020632245943
H           -2.97178913248286        0.48200790205201       -1.26617734846260
H           -2.02880536426198        1.69674986447277       -0.37971703704136
H           -0.73207147530214       -0.61751406529847        1.66484473090163
H           -0.16672244556009        0.95155312932495        1.07626168124700
H            1.01894792179348       -1.71651155028418        0.15177673675853
H            1.71385575479078       -0.75201930195804        1.45925901585163
H            3.40860703967995        0.08160345545639       -1.54864395878383
16
 energy: -26.986432017955 gnorm: 0.005554363450 xtb: 6.7.1pre (5071a88)
C           -2.35985153288678        0.66312927358537       -0.38601329376561
C           -1.17383962581636       -0.26445483054948       -0.38167808699868
O           -0.96584349470070       -1.07384559603548       -1.24483996824674
C           -0.26391225030279       -0.10674961796369        0.82602561745852
C            1.11195831101278       -0.70408838046498        0.55253121455141
C            1.85698755643042        0.13043141383184       -0.45877540254601
O            1.53529021194340        1.22391241193605       -0.83553347360320
O            2.96199310924019       -0.48517661017868       -0.89803052532649
H           -2.95209156658850        0.50997547840230        0.51413102091582
H           -2.97443066405334        0.48216825290766       -1.26303757635331
H           -2.01503713887364        1.69390393438981       -0.38891922675655
H           -0.73540146166278       -0.62057533543217        1.66666185434569
H           -0.17182978898500        0.94937699478939        1.07781663666918
H            1.01858809809169       -1.71403372733702        0.15061745314681
H            1.71515349510030       -0.75484320982563        1.46090418839877
H            3.41226774205112        0.07086854794469       -1.55427143188960
16
 energy: -26.986482470631 gnorm: 0.001956887429 xtb: 6.7.1pre (5071a88)
C           -2.35666586971721        0.66369975111261       -0.38730122095763
C           -1.17038830582209       -0.26326950695037       -0.38324599020198
O           -0.96019246458451       -1.07277924189441       -1.24772418694749
C           -0.26466219907920       -0.11089801942913        0.82962216478741
C            1.11192235089558       -0.70476696464396        0.55457608310805
C            1.85134816047044        0.13427631842012       -0.45950251807398
O            1.52330997910274        1.22787560384480       -0.83267998398076
O            2.95566401758314       -0.47977857020992       -0.89746321386106
H           -2.94025716528438        0.52096979735382        0.52069673647432
H           -2.97997568326336        0.47668707880335       -1.25730050662767
H           -2.00558516257805        1.69278651592789       -0.40625323376888
H           -0.73856380374160       -0.62614448932471        1.66806832861260
H           -0.17493442539213        0.94555255371748        1.08138785608966
H            1.01916222366977       -1.71368915951118        0.14927955010861
H            1.71608341395284       -0.75591837871758        1.46191424162776
H            3.41373593378802        0.06539571150119       -1.55648510638896
16
 energy: -26.986515063583 gnorm: 0.003053760665 xtb: 6.7.1pre (5071a88)
C           -2.35342419512649        0.66585081862146       -0.38858753908768
C           -1.17050977328732       -0.26428062338373       -0.38098494265566
O           -0.95762122563605       -1.06971336633270       -1.25067247420089
C           -0.26563404712070       -0.11711534635552        0.83297358476161
C            1.11226500828756       -0.70568387759477        0.55579338579822
C            1.84833769849488        0.13740065127764       -0.45855103429702
O            1.51455708100396        1.22974387471100       -0.83188932299505
O            2.95183085699243       -0.47492090175290       -0.89679287259087
H           -2.92889867391120        0.54051068457691        0.52722249478314
H           -2.98541415829694        0.46759812321682       -1.25035805065259
H           -1.99638036872036        1.69312182328199       -0.43120324054896
H           -0.73939151033570       -0.63740383410020        1.66828218992589
H           -0.17964045052058        0.93911085655924        1.08939718685867
H            1.02261401445227       -1.71452889368793        0.14921664199305
H            1.71680224172097       -0.75417221049600        1.46283834792733
H            3.41050850200327        0.06448122145868       -1.55909535501920
16
 energy: -26.986557428741 gnorm: 0.004466594999 xtb: 6.7.1pre (5071a88)
C           -2.34960050913530        0.66861314037743       -0.39007638059378
C           -1.16965454655769       -0.26419646607486       -0.38008438893629
O           -0.95680729697795       -1.06713364880039       -1.25276347713789
C           -0.26737861656351       -0.12424395821707        0.83588397332440
C            1.11227733686881       -0.70704182818150        0.55673527228647
C            1.84457859625840        0.13866632142027       -0.45862127020314
O            1.50739913754718        1.23045035491886       -0.83071277528633
O            2.94920196564773       -0.47019855164448       -0.89647492625731
H           -2.91336286430937        0.56887407363466        0.53663408778083
H           -2.99363767638446        0.45357555780737       -1.23971027133229
H           -1.98754496225135        1.69342874828597       -0.46413403079724
H           -0.74072038867054       -0.65191448713799        1.66689658577801
H           -0.18514018020997        0.93072907524163        1.10041994412028
H            1.02679134149938       -1.71618394664141        0.15024226888541
H            1.71776176273051       -0.75203489806274        1.46344805131445
H            3.40583790050815        0.06860951307427       -1.56009366294559
16
 energy: -26.986607763091 gnorm: 0.008564591575 xtb: 6.7.1pre (5071a88)
C           -2.33832365832962        0.67648148272438       -0.39502792198164
C           -1.16766099650013       -0.26622034669877       -0.37824257590476
O           -0.95351928329893       -1.06154935134835       -1.25831058835335
C           -0.27288254427790       -0.14327110602956        0.84337394915263
C            1.11240180552232       -0.71044912952749        0.56043772684051
C            1.83511124083963        0.14187580548571       -0.45665155068914
O            1.48783957960405        1.23073764447595       -0.82816565830138
O            2.94229036638080       -0.45833858314755       -0.89787992311111
H           -2.86916214657888        0.64834618439630        0.55981816000009
H           -3.01572375643461        0.41818283379654       -1.20975544271978
H           -1.96275894394419        1.69246989389272       -0.55225261096348
H           -0.74514091264788       -0.69228092112824        1.66180636670597
H           -0.20140173655728        0.90744291053554        1.13105201456993
H            1.03868861432285       -1.72109029805462        0.15584654609305
H            1.72033792812531       -0.74579724246270        1.46630014701210
H            3.38990544377447        0.08345922309016       -1.56475963834964
16
 energy: -26.986660258851 gnorm: 0.004436142914 xtb: 6.7.1pre (5071a88)
C           -2.33858617333214        0.67626290342331       -0.39500979744737
C           -1.16730996850358       -0.26593059630655       -0.37840513157713
O           -0.95266231769755       -1.06101565403978       -1.25786992473202
C           -0.27266744043541       -0.14170106997648        0.84302270793406
C            1.11260508574719       -0.70993548618701        0.56108124520649
C            1.83521776247453        0.13956862557786       -0.45743630646987
O            1.48979656758155        1.22828570966548       -0.83035907497189
O            2.94334588856394       -0.46060733583769       -0.89906227450308
H           -2.87292088786102        0.64119904133961        0.55271626967830
H           -3.01133558147894        0.42490003730151       -1.21204461554621
H           -1.96686326869196        1.69064076046487       -0.54144311505221
H           -0.74483865475852       -0.69018847508729        1.66159205142495
H           -0.20063013925972        0.90859279812171        1.13021893740669
H            1.03851567237237       -1.72141892156129        0.15898879987948
H            1.72069912034053       -0.74410340136374        1.46697347274601
H            3.38763533493875        0.08545006446549       -1.56537424397620
16
 energy: -26.986707136612 gnorm: 0.002003764159 xtb: 6.7.1pre (5071a88)
C           -2.33176809729643        0.68006666783914       -0.39827203858186
C           -1.16442607430888       -0.26741230764158       -0.38022952880221
O           -0.94840421312401       -1.06046452124590       -1.25999444535350
C           -0.27565078472728       -0.14925156098698        0.84625873536292
C            1.11264131507648       -0.71136910042122        0.56497076365543
C            1.82843701726640        0.13938208383330       -0.45671945986499
O            1.47774155793043        1.22614193573395       -0.82982250979827
O            2.93892527889196       -0.45568162747419       -0.90207916776433
H           -2.84974310203737        0.67370910637797        0.55807352529882
H           -3.01890076937525        0.41613629518253       -1.19821650271955
H           -1.95444324111542        1.68650825726798       -0.57430043210513
H           -0.74897876072229       -0.70674599545639        1.65807982221746
H           -0.20818579013021        0.89822344937308        1.14280494776213
H            1.04361950145180       -1.72434387669763        0.16596114879969
H            1.72215799248801       -0.74049679338364        1.47013890781273
H            3.37697916973207        0.09559698769959       -1.56906476591936
16
 energy: -26.986738164489 gnorm: 0.003411187866 xtb: 6.7.1pre (5071a88)
C           -2.31866700609033        0.68738422054065       -0.40418779804465
C           -1.16023989977631       -0.27204670843140       -0.38276364901626
O           -0.94180772346481       -1.06245985642639       -1.26298934480209
C           -0.28087930497343       -0.16344455238351        0.85235719916349
C            1.11256933911595       -0.71439719519048        0.57166401216372
C            1.81564935196483        0.14050758216845       -0.45487172991435
O            1.45334312170808        1.22353293566598       -0.82751204564629
O            2.92998837655107       -0.44465311471383       -0.90693579664034
H           -2.80626830914434        0.73280032397019        0.56949153213274
H           -3.03307164159862        0.40066093580617       -1.17315006105300
H           -1.92773278252358        1.67970608637398       -0.63621935019029
H           -0.75666500978336       -0.73561099117265        1.65263882723111
H           -0.22164840349025        0.87974525655345        1.16336099844201
H            1.05249966579898       -1.72952173708776        0.17655317630838
H            1.72418151904020       -0.73533902832026        1.47559443863446
H            3.35874970666595        0.11313484264742       -1.57544140876865
16
 energy: -26.986750138172 gnorm: 0.001744413759 xtb: 6.7.1pre (5071a88)
C           -2.31731273009096        0.68788648226238       -0.40475943159942
C           -1.15993124410598       -0.27323976572615       -0.38320522674497
O           -0.94182338442465       -1.06561455608166       -1.26154929112501
C           -0.28078875208223       -0.16312381374541        0.85251714805784
C            1.11255348189924       -0.71459814417730        0.57251551945587
C            1.81448409411215        0.14058483894874       -0.45432765803104
O            1.45023544538709        1.22277095782432       -0.82756871327897
O            2.92886448391411       -0.44369771252431       -0.90768145322892
H           -2.80535679413849        0.72873070728976        0.56594121855716
H           -3.03031004582170        0.40631308872891       -1.17458815891547
H           -1.92538139949202        1.67838546469832       -0.63134666227735
H           -0.75736122497244       -0.73347960313795        1.65309303734073
H           -0.22109752044355        0.88028291475672        1.16106780108710
H            1.05231890932100       -1.72982459531200        0.17759890708675
H            1.72396135511227       -0.73549364130093        1.47638155352311
H            3.35694632582618        0.11411637749658       -1.57649958990742
16
 energy: -26.986759255876 gnorm: 0.001238942973 xtb: 6.7.1pre (5071a88)
C           -2.31157066127916        0.69143477716687       -0.40736441552150
C           -1.16030667723149       -0.27688623826992       -0.38157330056245
O           -0.94353312181439       -1.07069188445962       -1.25936249937077
C           -0.28216429435037       -0.16911132114733        0.85522130751062
C            1.11263006450019       -0.71612229503508        0.57418009448482
C            1.80949159403416        0.14114430570245       -0.45412462855929
O            1.44001573034701        1.22163539567370       -0.82737443610151
O            2.92605496768176       -0.43781085806086       -0.90833142792437
H           -2.79090459180481        0.74939656723614        0.56645866005674
H           -3.03266587639524        0.40500366932873       -1.16756123442695
H           -1.91367242693763        1.67550221036369       -0.65226979532978
H           -0.75842646800798       -0.74341502067354        1.65304259832139
H           -0.22526741472574        0.87366464965548        1.16700297820017
H            1.05575917821377       -1.73192128669048        0.18018941820037
H            1.72474289639498       -0.73370307426879        1.47768311973096
H            3.34981810137496        0.12187940347858       -1.57822743870846
16
 energy: -26.986770555685 gnorm: 0.000935422715 xtb: 6.7.1pre (5071a88)
C           -2.30345025199845        0.69642074603454       -0.41132703677879
C           -1.16216714279545       -0.28256214992680       -0.37819418550446
O           -0.95227492062194       -1.08358659018626       -1.25180066754666
C           -0.28383305606971       -0.17735319874659        0.85861272722722
C            1.11245429364470       -0.71839641411549        0.57495664862570
C            1.80412927406981        0.14369652925094       -0.45293404281781
O            1.42610108173926        1.22121024998590       -0.82708095909637
O            2.92325737117204       -0.42795478005472       -0.90765028977085
H           -2.77275459345372        0.77882971327845        0.56606199977237
H           -3.03505820981990        0.40443718548619       -1.15982833327336
H           -1.89625516787846        1.67075908833638       -0.67989372016112
H           -0.75815982175971       -0.75560794571313        1.65463458237926
H           -0.22973121998401        0.86503999124338        1.17350916880052
H            1.05985115353553       -1.73404779358459        0.18002469091512
H            1.72546413440192       -0.73335880053653        1.47788809098056
H            3.34242807581811        0.13247316924835       -1.57938967375135
16
 energy: -26.986783122542 gnorm: 0.002388966198 xtb: 6.7.1pre (5071a88)
C           -2.29379233889498        0.70261377393489       -0.41616209304689
C           -1.16797924448016       -0.29326245578323       -0.37048934335862
O           -0.96998710595459       -1.10757683771100       -1.23560370579162
C           -0.28536634734346       -0.18523312134650        0.86266948993636
C            1.11168824611186       -0.72091420454493        0.57369573373505
C            1.79708429705668        0.14640339542807       -0.45448377993332
O            1.41072644596332        1.22147085453717       -0.82738823418418
O            2.92183627757103       -0.41484153151510       -0.90577260996247
H           -2.75764190695033        0.81036472926516        0.56081116643750
H           -3.03271994410723        0.40881236291246       -1.15598572615659
H           -1.87286654958581        1.66480854793037       -0.70530072566192
H           -0.75472012865739       -0.76592972825562        1.65971073963447
H           -0.23343144038299        0.85733991359835        1.17814611203665
H            1.06168506765944       -1.73543024001179        0.17582819431148
H            1.72714562778898       -0.73614119634252        1.47505961254460
H            3.33834004420566        0.14751473790428       -1.57714583054053
16
 energy: -26.986795882580 gnorm: 0.002719505955 xtb: 6.7.1pre (5071a88)
C           -2.28475371424135        0.70831967457509       -0.42125176523529
C           -1.17310431345552       -0.30291717017326       -0.36399341479063
O           -0.98792505684272       -1.13163799793283       -1.21859949640828
C           -0.28700919613723       -0.19177171898362        0.86643307221233
C            1.11083563253983       -0.72311535969967        0.57250562558919
C            1.79169356843405        0.14986435678411       -0.45400649885081
O            1.39623627566872        1.22120977299801       -0.82864173154269
O            2.92111953029465       -0.40269559110142       -0.90438943278169
H           -2.74252996054968        0.83980372449299        0.55583789629830
H           -3.03144265451046        0.41289608745201       -1.15281205027923
H           -1.84967638376739        1.65874441129121       -0.72876104753770
H           -0.75180328014838       -0.77526271812906        1.66427984977218
H           -0.23694493724276        0.85045471412391        1.18289330725290
H            1.06233084379840       -1.73639999515167        0.17114646502929
H            1.72854605981808       -0.74026588172728        1.47225486586202
H            3.33442858634179        0.16277269118153       -1.57530664458991
16
 energy: -26.986816155322 gnorm: 0.004973285128 xtb: 6.7.1pre (5071a88)
C           -2.26835584509736        0.71827661788262       -0.43150602004240
C           -1.18578740628621       -0.32309930095038       -0.34847690850637
O           -1.02973647493580       -1.18422586899304       -1.17832656464927
C           -0.28925235899491       -0.20135008986722        0.87367391581445
C            1.10868026522281       -0.72673828179048        0.56762299141549
C            1.78235754842960        0.15666887687575       -0.45468796693945
O            1.37074502857308        1.22040989463741       -0.83426586700442
O            2.92268037264545       -0.37886359927486       -0.89938241983794
H           -2.72099748811863        0.88766068285936        0.54176853967282
H           -3.02436708229424        0.42653277886962       -1.15468741840205
H           -1.80453579139698        1.64672948735073       -0.76204227168623
H           -0.74267859736149       -0.78759342157807        1.67654699002472
H           -0.24128356239292        0.84108522749906        1.18856038545454
H            1.05897441903963       -1.73653206059992        0.15711294508427
H            1.73180396260224       -0.75204952349462        1.46343512012734
H            3.33175401036577        0.19308758057408       -1.56775645052551
16
 energy: -26.986834926065 gnorm: 0.003006035956 xtb: 6.7.1pre (5071a88)
C           -2.26439227082383        0.71982187497297       -0.43454564201223
C           -1.19114585021553       -0.32932701323154       -0.34209475274621
O           -1.04513568210633       -1.20029191445828       -1.16196030388113
C           -0.28962197391123       -0.20183002518225        0.87600182038458
C            1.10745844102658       -0.72704973147017        0.56448565649209
C            1.77995640039912        0.15860228594044       -0.45638322454342
O            1.36465802327839        1.21943591963887       -0.83937241006290
O            2.92513547073486       -0.37194767200852       -0.89601979127613
H           -2.71928269841289        0.89579983157761        0.53568957640430
H           -3.01945563924928        0.43250170549087       -1.16032722739598
H           -1.79080942830855        1.64257904743948       -0.76437517681854
H           -0.73795647157792       -0.78791244416175        1.68207522051219
H           -0.24167813323473        0.84089117347475        1.18893885723101
H            1.05411317659016       -1.73509827893492        0.14977445049587
H            1.73333605427881       -0.75824721891760        1.45817889149323
H            3.33482158153243        0.20207145983011       -1.56247694427676
16
 energy: -26.986841336362 gnorm: 0.004511878147 xtb: 6.7.1pre (5071a88)
C           -2.24472499893387        0.72961888301003       -0.44610301111389
C           -1.20827342438236       -0.35382591496645       -0.32087717805312
O           -1.09630702313081       -1.25969091807395       -1.10811677131393
C           -0.29273393549935       -0.21197414416082        0.88602243446149
C            1.10363195480954       -0.73040499532708        0.55612736283327
C            1.76606159256156        0.16523266548210       -0.46203578493124
O            1.33211079049463        1.21480778047459       -0.85569287307962
O            2.93051634910983       -0.34163384469583       -0.88473943700582
H           -2.69663103723204        0.95292208496352        0.51980463987863
H           -3.00746190116786        0.44733969448433       -1.16671075562881
H           -1.73339171516747        1.62698218154428       -0.80122258560112
H           -0.72474621576657       -0.80197730464698        1.69860033137950
H           -0.24808583326359        0.83075386564558        1.19724153258091
H            1.04409700934294       -1.73352812748292        0.12915029483555
H            1.73908075685205       -0.77547926300665        1.44257423630018
H            3.33685863137345        0.24085635675633       -1.54643343554200
16
 energy: -26.986864212864 gnorm: 0.002478665095 xtb: 6.7.1pre (5071a88)
C           -2.25057161978145        0.72541466947124       -0.44230999846473
C           -1.20671391295273       -0.34786431592140       -0.32302176888066
O           -1.08996223210691       -1.24783937423732       -1.11265253344116
C           -0.29098707692451       -0.20603963961839        0.88361786751658
C            1.10350196744293       -0.72885355486627        0.55454871990637
C            1.77037450048415        0.16287737025125       -0.46324820952574
O            1.34102769507063        1.21231186391077       -0.86110850517285
O            2.93440642033932       -0.34777832300371       -0.88138801914569
H           -2.71297654807538        0.92692313110297        0.51997070945339
H           -3.00302386149356        0.44824938488570       -1.17524747477163
H           -1.74807516696830        1.63200555323452       -0.77627385631376
H           -0.72419995233724       -0.79171183760453        1.69796382340930
H           -0.24364857284562        0.83773755512431        1.19159471829033
H            1.04009485963301       -1.73186170771759        0.12789366345732
H            1.73839696571956       -0.77587580103585        1.44095876525513
H            3.34235753479615        0.23230402602438       -1.54370890157222
16
 energy: -26.986868531656 gnorm: 0.003863412942 xtb: 6.7.1pre (5071a88)
C           -2.24283590969024        0.72990278571405       -0.44700897060425
C           -1.21450940392724       -0.35750800714582       -0.31361883515677
O           -1.11540323215573       -1.27644362353160       -1.08738886489017
C           -0.29093801294946       -0.20882684472765        0.88682092443763
C            1.10202381543727       -0.73073409525999        0.55013405142637
C            1.76661577111032        0.16559310458007       -0.46475098144118
O            1.32764663219985        1.20849189255771       -0.87047811769525
O            2.93866869930963       -0.33421482545873       -0.87412350745515
H           -2.70971598247211        0.94003352189775        0.50967043110178
H           -2.99421022365991        0.45981035618284       -1.18355080700891
H           -1.72696228977272        1.62810987133894       -0.77993270525024
H           -0.71740449992843       -0.79263856000325        1.70606618369973
H           -0.24269316260219        0.83623378433975        1.19063389819755
H            1.03544057082795       -1.73125774103158        0.11754162608596
H            1.74019416826221       -0.78421563295844        1.43375396383979
H            3.34408406001087        0.24766301350603       -1.53617928928694
16
 energy: -26.986880129971 gnorm: 0.000870834628 xtb: 6.7.1pre (5071a88)
C           -2.24170059124793        0.73064236896564       -0.44736590896973
C           -1.21452885857499       -0.35720769211257       -0.31328421113369
O           -1.11515454679177       -1.27443368145914       -1.08708370442917
C           -0.29095133821382       -0.20973404088195        0.88694801922347
C            1.10209619485391       -0.73135105757987        0.55059275321439
C            1.76511970640032        0.16417179511999       -0.46606345151111
O            1.32393639006589        1.20492081061222       -0.87362168912545
O            2.93886631327979       -0.33211655922209       -0.87279855287976
H           -2.70988676197198        0.93968831434509        0.51061938535429
H           -2.99231631741308        0.45999754067767       -1.18490918235547
H           -1.72470337029194        1.62973081049263       -0.77943525979116
H           -0.71781875764669       -0.79365365191446        1.70573260680632
H           -0.24275262056332        0.83540889729259        1.19077991913762
H            1.03634425224913       -1.73235313320389        0.11936402478177
H            1.74045044499045       -0.78311407624360        1.43406740760297
H            3.34300086087610        0.24940235511184       -1.53595315592532
16
 energy: -26.986885976806 gnorm: 0.001414187637 xtb: 6.7.1pre (5071a88)
C           -2.23932749933013        0.73193554074891       -0.44776518837624
C           -1.21278486170516       -0.35630870329123       -0.31427470974373
O           -1.11361582699824       -1.27231996257321       -1.08849155863432
C           -0.29107004561148       -0.21134117462757        0.88773725017600
C            1.10220929265531       -0.73232457838151        0.55194043524163
C            1.76262501659915        0.16243100775699       -0.46736720456355
O            1.31527057435503        1.19802621291636       -0.88102666445167
O            2.93933945138501       -0.32816492582802       -0.87001594899471
H           -2.70943104234635        0.93954859823125        0.51102893118454
H           -2.98901424207680        0.46195426391562       -1.18664321152770
H           -1.72179816018021        1.63238650106403       -0.77755134055091
H           -0.71902801121008       -0.79602358244874        1.70524479408831
H           -0.24266091898722        0.83354869236718        1.19281236865956
H            1.03804627371457       -1.73442300516192        0.12327343204829
H            1.74093855811931       -0.78073081705788        1.43519915984485
H            3.34030244161738        0.25180493236987       -1.53651154440038
16
 energy: -26.986893051083 gnorm: 0.001491347334 xtb: 6.7.1pre (5071a88)
C           -2.23638017012324        0.73376637139754       -0.44824320856858
C           -1.21118329222358       -0.35570574146110       -0.31453779063570
O           -1.11092966646897       -1.27015187313421       -1.09055105971848
C           -0.29123083354250       -0.21324418781539        0.88940220772398
C            1.10251722780410       -0.73306971141672        0.55384031499951
C            1.75841008046164        0.15952406146370       -0.47057091723334
O            1.30332842466301        1.18902745059842       -0.89161851926279
O            2.94019574011134       -0.32327954475946       -0.86647434498540
H           -2.70899228299639        0.93948557165157        0.50995927328992
H           -2.98447998772971        0.46618738926039       -1.18950646833292
H           -1.71784717165319        1.63506901529070       -0.77418304592618
H           -0.72016644216742       -0.79977489836774        1.70495859008495
H           -0.24329850718504        0.83101402697875        1.19685081576107
H            1.03958689188077       -1.73662928796010        0.12850407807849
H            1.74279170435841       -0.77738994337127        1.43620963631449
H            3.33767928481085        0.25517030164504       -1.53645056158907
16
 energy: -26.986902071252 gnorm: 0.001358782285 xtb: 6.7.1pre (5071a88)
C           -2.23165331779246        0.73689315558443       -0.44899508065107
C           -1.20743370823550       -0.35349644110551       -0.31534006548476
O           -1.10563861753577       -1.26653737110567       -1.09346759740022
C           -0.29175643966634       -0.21627033467208        0.89280069298224
C            1.10296764201891       -0.73350024942626        0.55713291920400
C            1.75233620339935        0.15635553806750       -0.47399377194127
O            1.28369655498715        1.17427987324035       -0.90942418457477
O            2.94135688768858       -0.31570033043557       -0.86092994179542
H           -2.70789285851953        0.93917252111490        0.50744626280627
H           -2.97681022705878        0.47316792062318       -1.19445120235771
H           -1.71120675031213        1.63860451712105       -0.76911083637121
H           -0.72235973574845       -0.80730479507883        1.70427813984228
H           -0.24553829694795        0.82642320256808        1.20554459933596
H            1.04161215486160       -1.73919760562834        0.13636941858469
H            1.74604371300438       -0.77204809702184        1.43771303683190
H            3.33227779585704        0.25915749615475       -1.53798338901095
16
 energy: -26.986906730655 gnorm: 0.000851252622 xtb: 6.7.1pre (5071a88)
C           -2.22765224782076        0.73968808862334       -0.44950259008328
C           -1.20569933219123       -0.35265432522565       -0.31466802267685
O           -1.10270297536135       -1.26477723699893       -1.09398731205913
C           -0.29246038112969       -0.21874098111667        0.89574094178278
C            1.10306360193979       -0.73314167349941        0.55905450476383
C            1.74616536871637        0.15322827837325       -0.47881729613721
O            1.26915969622058        1.16273049509140       -0.92391565028907
O            2.94207532011228       -0.30971191944116       -0.85670486996950
H           -2.70716873270847        0.93981435982499        0.50514220712482
H           -2.96994734426951        0.47910684969766       -1.19891238360634
H           -1.70403097986681        1.64069674624815       -0.76555096893521
H           -0.72311788368574       -0.81431087146327        1.70394893336885
H           -0.24849585100605        0.82250881188066        1.21333818567718
H            1.04259772523709       -1.74053618473044        0.14201217313927
H            1.74894506192406       -0.76716733049039        1.43774913990924
H            3.32926995388953        0.26326589322664       -1.53733799200940
16
 energy: -26.986908866710 gnorm: 0.000549947390 xtb: 6.7.1pre (5071a88)
C           -2.22522945807626        0.74144864323993       -0.45009880384940
C           -1.20590686474184       -0.35320623433509       -0.31377619300973
O           -1.10346043937763       -1.26544200391471       -1.09293901811509
C           -0.29304180143297       -0.22068713330184        0.89707163660331
C            1.10327010596798       -0.73271033915868        0.55983692463793
C            1.74354785950277        0.15277183832264       -0.48023855624746
O            1.26196750257381        1.15701229170382       -0.93182228034693
O            2.94233335996488       -0.30617458057756       -0.85441343345931
H           -2.70651765491954        0.94154116707682        0.50362043857244
H           -2.96628370882884        0.48299028753306       -1.20146812068663
H           -1.69886124940324        1.64155181710008       -0.76430793135813
H           -0.72290034334938       -0.81906866981036        1.70360773896349
H           -0.25074933704114        0.81970637007866        1.21761038218101
H            1.04416204109113       -1.74095698855273        0.14455232471474
H            1.75022701053800       -0.76410565746619        1.43773463006248
H            3.32744397753236        0.26532819206232       -1.53738073866276
16
 energy: -26.986911213374 gnorm: 0.000579093937 xtb: 6.7.1pre (5071a88)
C           -2.22177968799623        0.74375780923716       -0.45111057544864
C           -1.20618001600267       -0.35411641055573       -0.31286525813050
O           -1.10763054285827       -1.26892832221682       -1.08926631661874
C           -0.29399894265918       -0.22348522435287        0.89874214880837
C            1.10325780716035       -0.73223915437038        0.56010048826008
C            1.73993499200711        0.15225821424255       -0.48266530040090
O            1.25394492090101        1.15095379016862       -0.94084612052842
O            2.94267760962455       -0.30133406925082       -0.85164199349399
H           -2.70430756204699        0.94567664600139        0.50176678141917
H           -2.96227332534528        0.48770011983520       -1.20382340133282
H           -1.69137329398444        1.64187021902859       -0.76449408698919
H           -0.72245286815130       -0.82530883992398        1.70350837718582
H           -0.25364393297891        0.81591387601234        1.22259266529773
H            1.04623454458513       -1.74139632603596        0.14671483442612
H            1.75141256010090       -0.76041317783446        1.43712711892179
H            3.32617873764433        0.26908985001535       -1.53625036137591
16
 energy: -26.986913332361 gnorm: 0.000641086414 xtb: 6.7.1pre (5071a88)
C           -2.21792592132482        0.74605772170241       -0.45260614077347
C           -1.20811120103923       -0.35662565701226       -0.31064841121340
O           -1.11399473036434       -1.27444750795159       -1.08396193119514
C           -0.29492299953878       -0.22629103222246        0.90026060620078
C            1.10308964603925       -0.73208741633465        0.55991041435001
C            1.73687304317041        0.15240678898630       -0.48443645846926
O            1.24660941402776        1.14670594138178       -0.94761297860296
O            2.94288117765802       -0.29625736058921       -0.84945113518813
H           -2.70139263392753        0.95120399305288        0.49932602749988
H           -2.95825786122932        0.49250632651880       -1.20636940097825
H           -1.68253504846780        1.64141738147957       -0.76578749847900
H           -0.72139418782371       -0.83095872840814        1.70394074177517
H           -0.25615755120639        0.81243753055206        1.22641760188629
H            1.04804981237456       -1.74185767401552        0.14775663851104
H            1.75228940526186       -0.75778188348300        1.43624627442902
H            3.32490063639016        0.27357057634323       -1.53539534975261
16
 energy: -26.986915616571 gnorm: 0.000552325560 xtb: 6.7.1pre (5071a88)
C           -2.21476294432035        0.74759373027529       -0.45425358268695
C           -1.21027775406150       -0.35934293946271       -0.30838580140336
O           -1.12095862431310       -1.28084030977283       -1.07797342864168
C           -0.29548171533358       -0.22828255888500        0.90131970567176
C            1.10281794826950       -0.73232055804957        0.55936749068927
C            1.73504337465631        0.15306896520257       -0.48516473161641
O            1.24236698077664        1.14562967848325       -0.94948667179744
O            2.94249214635045       -0.29242083315328       -0.84876077124112
H           -2.69843341827908        0.95677932356906        0.49680786400975
H           -2.95547823762978        0.49580154051429       -1.20820660407711
H           -1.67509629121147        1.64005645783237       -0.76830299127926
H           -0.72000691850444       -0.83423470292176        1.70501295961221
H           -0.25739797318690        0.81023727858466        1.22809686661174
H            1.04864847677099       -1.74209541317817        0.14719799194475
H            1.75278561838794       -0.75741594191120        1.43520369857224
H            3.32374033162849        0.27778528287325       -1.53488299436844
16
 energy: -26.986918434753 gnorm: 0.000236611228 xtb: 6.7.1pre (5071a88)
C           -2.21118155150993        0.74894731204294       -0.45629077645450
C           -1.21241939121378       -0.36234693893645       -0.30558267592491
O           -1.12835750561452       -1.28827189289676       -1.07053377507176
C           -0.29587195092969       -0.23001039779126        0.90276400053984
C            1.10231425040522       -0.73299041930948        0.55861311383702
C            1.73316128224197        0.15402781453656       -0.48558144955348
O            1.23805916198200        1.14590285283431       -0.94939149341090
O            2.94155940886943       -0.28846611200896       -0.84880753334202
H           -2.69519724544958        0.96299571215282        0.49356291190739
H           -2.95214193716046        0.49863860767147       -1.21049742351273
H           -1.66675853785015        1.63799540966921       -0.77169901896463
H           -0.71841332614609       -0.83651857275538        1.70706723137340
H           -0.25801395223927        0.80857054149785        1.22931456663959
H            1.04813673799033       -1.74238538477984        0.14549650800399
H            1.75317388275873       -0.75882664943508        1.43382132918428
H            3.32195167386591        0.28273711750828       -1.53466651525061
16
 energy: -26.986921481958 gnorm: 0.000438248258 xtb: 6.7.1pre (5071a88)
C           -2.20704422577208        0.75013707974963       -0.45897526836637
C           -1.21522746655142       -0.36632994317695       -0.30165916159969
O           -1.13739146186505       -1.29792613998307       -1.06055330901166
C           -0.29622397428102       -0.23168130314764        0.90468842933638
C            1.10152959377609       -0.73389409497754        0.55743347191612
C            1.73123264064704        0.15574687626073       -0.48533565846576
O            1.23470442177240        1.14821045094553       -0.94628522319998
O            2.93963914777657       -0.28447565329093       -0.85011843074600
H           -2.69156020078645        0.97088627614755        0.48905438422395
H           -2.94813651960680        0.50118059496853       -1.21346995364621
H           -1.65663634796305        1.63462792112688       -0.77669796866653
H           -0.71613344477893       -0.83796792115717        1.71051255008336
H           -0.25816939662988        0.80721315759308        1.23011141840868
H            1.04635493944186       -1.74227818581282        0.14190877275425
H            1.75366580335805       -0.76219584985702        1.43163849625151
H            3.31939749146279        0.28874573461145       -1.53466354927211
16
 energy: -26.986924123712 gnorm: 0.000575284089 xtb: 6.7.1pre (5071a88)
C           -2.20191338474256        0.75175720905603       -0.46211751366048
C           -1.21817664834851       -0.37058042177686       -0.29699654566893
O           -1.14751682733539       -1.30853003625920       -1.04883329906298
C           -0.29660918535223       -0.23385342476898        0.90726769466857
C            1.10065170061941       -0.73504785971900        0.55622778876448
C            1.72825547481011        0.15760036289247       -0.48530935074750
O            1.22897452059878        1.14967217839478       -0.94480033853654
O            2.93773799885502       -0.27915150668418       -0.85077160448967
H           -2.68713948668601        0.98039082710689        0.48364181009895
H           -2.94292935101741        0.50430789834875       -1.21716781999938
H           -1.64426459689580        1.63073279340525       -0.78256564981460
H           -0.71343785326036       -0.84023785081529        1.71460793124298
H           -0.25848670526414        0.80528358099106        1.23185726702405
H            1.04422504811196       -1.74225599061106        0.13783751365121
H            1.75449440484696       -0.76626219351061        1.42905844949623
H            3.31613589106031        0.29617343395019       -1.53434733296643
16
 energy: -26.986925775683 gnorm: 0.000397437827 xtb: 6.7.1pre (5071a88)
C           -2.19720844049337        0.75313734080956       -0.46485129285417
C           -1.22083118213604       -0.37440674643821       -0.29265884979781
O           -1.15622780066034       -1.31760997176327       -1.03850582276065
C           -0.29716334426522       -0.23580580018265        0.90985426967088
C            1.09968907480203       -0.73577356871414        0.55501349662617
C            1.72553690517197        0.15931902857870       -0.48533546377088
O            1.22427552818292        1.15066672947172       -0.94401946606946
O            2.93602319086162       -0.27446573700292       -0.85131072985219
H           -2.68298628297556        0.98898272959586        0.47878721485648
H           -2.93813231900209        0.50691302306861       -1.22038170525338
H           -1.63314405893740        1.62706365930183       -0.78785235018645
H           -0.71120108315273       -0.84263994264094        1.71829609856801
H           -0.25919177111654        0.80345455452176        1.23405024348169
H            1.04221682198650       -1.74192117587212        0.13402710206581
H            1.75515842467776       -0.76960277164656        1.42648226894015
H            3.31318733705662        0.30268764891303       -1.53400601366425
16
 energy: -26.986926703576 gnorm: 0.000219450587 xtb: 6.7.1pre (5071a88)
C           -2.19351081546339        0.75449838146131       -0.46684824476835
C           -1.22254002086649       -0.37677022575403       -0.28972630753280
O           -1.16231254648050       -1.32341939637507       -1.03147307121301
C           -0.29757958590443       -0.23766281118145        0.91180430407410
C            1.09919317035171       -0.73627959720862        0.55455310643844
C            1.72289585618339        0.16021167313388       -0.48570526429913
O            1.21908331760218        1.14970384223998       -0.94564678096992
O            2.93502294577030       -0.27029970399490       -0.85078479226681
H           -2.67957769839915        0.99552112510932        0.47528467041982
H           -2.93439408285962        0.50930238833830       -1.22276169125431
H           -1.62469886852010        1.62465342643381       -0.79165053707250
H           -0.70954305252025       -0.84546152332256        1.72054581100466
H           -0.26001703481470        0.80142056136861        1.23651542544886
H            1.04121522944017       -1.74186297974512        0.13217651172435
H            1.75611026708871       -0.77129003569950        1.42486667806050
H            3.31065391939230        0.30773387519631       -1.53356081779396
