26
 energy: -26.323186904240 gnorm: 0.019204054283 xtb: 6.7.1pre (5071a88)
C            4.13200100000000       -0.35223400000000        0.04099300000000
C            2.83513500000000        0.28772800000000       -0.42812800000000
C            1.61552400000000       -0.42712400000000        0.15323000000000
C            0.31209500000000        0.21964800000000       -0.32192300000000
C           -0.90796700000000       -0.49569800000000        0.26612500000000
C           -2.24924200000000        0.03276500000000       -0.27534000000000
C           -2.49528100000000        1.49520400000000        0.09836200000000
C           -3.39742200000000       -0.83366700000000        0.24832300000000
H            4.21721400000000       -0.31208300000000        1.13161800000000
H            4.99090600000000        0.17453000000000       -0.38645300000000
H            4.18718400000000       -1.40038400000000       -0.26992700000000
H            2.82622600000000        1.34246700000000       -0.12956000000000
H            2.79608500000000        0.26007900000000       -1.52330200000000
H            1.63255400000000       -1.48257500000000       -0.14473700000000
H            1.66085900000000       -0.39974800000000        1.24880700000000
H            0.30923700000000        1.27430500000000       -0.02531900000000
H            0.26493500000000        0.18751000000000       -1.41703200000000
H           -0.88884000000000       -0.40828700000000        1.36001700000000
H           -0.83193200000000       -1.56628100000000        0.03572400000000
H           -2.24224100000000       -0.04540700000000       -1.36991300000000
H           -3.48498300000000        1.82099200000000       -0.23985400000000
H           -1.76049100000000        2.15590700000000       -0.37127200000000
H           -2.44392600000000        1.64208800000000        1.18247600000000
H           -4.35682400000000       -0.49606100000000       -0.15794300000000
H           -3.45906900000000       -0.79396000000000        1.34125400000000
H           -3.26173600000000       -1.87971400000000       -0.04622600000000
26
 energy: -26.323824147987 gnorm: 0.005911012753 xtb: 6.7.1pre (5071a88)
C            4.14152307441896       -0.35201091937201        0.04051351006396
C            2.84006734162186        0.28459367418388       -0.42601678433254
C            1.61424783082757       -0.42067901251508        0.14757636326230
C            0.30731312398517        0.21758510262183       -0.31892477626574
C           -0.91600284468509       -0.48787418486230        0.26382201843970
C           -2.25464376914402        0.03228495851957       -0.27468708026862
C           -2.49310039877617        1.49260763406939        0.09935288243472
C           -3.39880088708705       -0.83552719228838        0.24743047009784
H            4.21994111805913       -0.31392792710367        1.12639953481368
H            5.00024861631134        0.16870925309973       -0.38220134859520
H            4.19018357312607       -1.39595888931521       -0.26695495022626
H            2.82311296765684        1.33605849995953       -0.12614564722902
H            2.79297650140986        0.25510432949822       -1.51809466758599
H            1.63197615502903       -1.47251543291051       -0.15151885580888
H            1.66034902657731       -0.39055439425469        1.23977963125129
H            0.30558305294716        1.26874535724375       -0.02272551915212
H            0.26005066292066        0.18087609992011       -1.41085275523426
H           -0.90330555731064       -0.39045359968113        1.35336445483981
H           -0.84263726726377       -1.55505113994329        0.03232579558309
H           -2.23727645238613       -0.04546638895734       -1.36807769372930
H           -3.48003360288652        1.81084914958207       -0.23645198945219
H           -1.75696252253997        2.14667313268861       -0.36530445877564
H           -2.44151821888332        1.62701858409445        1.17948426686966
H           -4.35302765875288       -0.49658006998448       -0.15507265525094
H           -3.45129222498794       -0.78757004977339        1.33475254474973
H           -3.25897064018748       -1.87693657451966       -0.04177229049911
26
 energy: -26.323875564084 gnorm: 0.001148332964 xtb: 6.7.1pre (5071a88)
C            4.13799995975639       -0.35319016669563        0.04132751129396
C            2.83693908935699        0.28551625895472       -0.42702962537042
C            1.61220891650602       -0.42163617239468        0.14804654779035
C            0.30722192175693        0.21857866760491       -0.32022668229595
C           -0.91446896338609       -0.48673335034620        0.26460534076915
C           -2.25088178777962        0.03241002730478       -0.27740202757101
C           -2.49312939835313        1.49120587446943        0.09996608578027
C           -3.39430427597191       -0.83472755398097        0.24652079329652
H            4.21457166412013       -0.31452149285710        1.12586110567260
H            4.99496817197171        0.16690892541847       -0.38082705448033
H            4.18499892872989       -1.39567924924489       -0.26616407564386
H            2.82028863933841        1.33594077022817       -0.12627907500770
H            2.79030801797175        0.25498040023239       -1.51834139399097
H            1.62962146045788       -1.47238261587696       -0.15200588142193
H            1.65813357506025       -0.39036528907877        1.23948984468939
H            0.30600032971460        1.26905976019077       -0.02478152746190
H            0.25864392380832        0.17941788267910       -1.41139954515593
H           -0.90521192361864       -0.38297592893435        1.35256672455233
H           -0.84155038728967       -1.55352136457497        0.03625135422307
H           -2.23202142756913       -0.04469578563722       -1.37083652806915
H           -3.47895852960699        1.80791054210535       -0.23444597707629
H           -1.75654716368605        2.14345730233999       -0.36131643135067
H           -2.44128148563749        1.61850386106658        1.17930950779557
H           -4.34694797960626       -0.49598940491099       -0.15478800446318
H           -3.44323327387547       -0.78294932808352        1.33221999855947
H           -3.25336700216883       -1.87452256997843       -0.04032098506338
26
 energy: -26.323882269880 gnorm: 0.000731532883 xtb: 6.7.1pre (5071a88)
C            4.13652880991487       -0.35452739763680        0.04206989082193
C            2.83614650229724        0.28589584271411       -0.42794584008111
C            1.61138671732416       -0.42174681018016        0.14733464102953
C            0.30721766122247        0.21928051865240       -0.32188937801026
C           -0.91397318226925       -0.48448420154882        0.26586561233796
C           -2.24996189062641        0.03248711724530       -0.27905030122192
C           -2.49318909841732        1.49136440470308        0.10074686214806
C           -3.39258077554037       -0.83627787751412        0.24514682179571
H            4.21031981083813       -0.31524724342461        1.12669311210247
H            4.99373887217228        0.16506447234405       -0.37961447753120
H            4.18099702615637       -1.39694280777559       -0.26574394231520
H            2.82001461756760        1.33591945161039       -0.12673753418666
H            2.79027748630100        0.25476451698633       -1.51899783775002
H            1.62841094459944       -1.47220874546395       -0.15288553425940
H            1.65673938078963       -0.39000389471488        1.23858618884618
H            0.30721318111475        1.27012881055185       -0.02833016072357
H            0.25764504903765        0.17783334507184       -1.41283519966372
H           -0.90530243276760       -0.37531112537671        1.35304983075210
H           -0.83976876748380       -1.55197624192521        0.04275039636582
H           -2.22988314961081       -0.04389899374039       -1.37253047319780
H           -3.47861924223541        1.80774904359106       -0.23372474126445
H           -1.75616708474404        2.14478421012915       -0.35743330124542
H           -2.44259083287017        1.61387311582659        1.18064288120917
H           -4.34544352436259       -0.49870085215172       -0.15591136766361
H           -3.43922161308493       -0.78177243839846        1.33077398979578
H           -3.24993346532287       -1.87604621957474       -0.04003013809037
26
 energy: -26.323886088593 gnorm: 0.000534724980 xtb: 6.7.1pre (5071a88)
C            4.13645481806527       -0.35581049780840        0.04264704229338
C            2.83688443653089        0.28567113366910       -0.42862075235846
C            1.61147191213814       -0.42123908745096        0.14592933030303
C            0.30740347647010        0.21969096302058       -0.32358533916268
C           -0.91358996192404       -0.48217509563063        0.26703499320679
C           -2.24987915952647        0.03284216674926       -0.27890484661008
C           -2.49507423094590        1.49138395118508        0.10188253890810
C           -3.39206383863925       -0.83728830441469        0.24438189352209
H            4.20899662899568       -0.31650537026347        1.12745865185891
H            4.99484726524139        0.16278797289557       -0.37815448158127
H            4.18002244037600       -1.39842612730432       -0.26497538025142
H            2.82106273426906        1.33571864973019       -0.12744387789702
H            2.79164193071267        0.25447093808807       -1.51970409082656
H            1.62841696159700       -1.47182774860395       -0.15403038814845
H            1.65637139102974       -0.38939904492091        1.23725318468201
H            0.30843369984630        1.27129792121471       -0.03236475084288
H            0.25681907596455        0.17606274909007       -1.41445090922199
H           -0.90452814115570       -0.36875744704794        1.35387538907986
H           -0.83877330492024       -1.55067272561132        0.04839644997500
H           -2.22882828085649       -0.04287582622575       -1.37233686744088
H           -3.48011145200825        1.80810824337100       -0.23400012743913
H           -1.75734072030912        2.14571027873726       -0.35428101279337
H           -2.44615800527625        1.61275414149254        1.18214607802899
H           -4.34539180169963       -0.50150153986347       -0.15751333798998
H           -3.43964108074414       -0.78305994562465        1.33013798609110
H           -3.24744579323131       -1.87696034847299       -0.04077737538509
26
 energy: -26.323892567771 gnorm: 0.000464390889 xtb: 6.7.1pre (5071a88)
C            4.13611066741961       -0.35922606776782        0.04404957397315
C            2.83893894575652        0.28459780407819       -0.43046016885653
C            1.61169358023325       -0.42024985115428        0.14230241849515
C            0.30792762214770        0.22048004684493       -0.32822558092119
C           -0.91257278023765       -0.47506910150023        0.27125751156763
C           -2.24973505116810        0.03461575729366       -0.27710247717958
C           -2.50029221609214        1.49182430659034        0.10521014990377
C           -3.38988101106534       -0.84058737686846        0.24203450005962
H            4.20615972844355       -0.31983381801512        1.12910080162099
H            4.99711670468410        0.15704614421702       -0.37447997697248
H            4.17843643908046       -1.40215688256692       -0.26292164377801
H            2.82444746125666        1.33486376346366       -0.12974221612433
H            2.79596584877889        0.25324010791545       -1.52169605972998
H            1.62826642248781       -1.47122416809364       -0.15678792279058
H            1.65537970905204       -0.38795565917206        1.23379360240002
H            0.31180350298250        1.27428238039404       -0.04431422245078
H            0.25411373275964        0.16980695051993       -1.41874673400308
H           -0.90159927762769       -0.35085323752185        1.35708883216324
H           -0.83777675429213       -1.54593328474413        0.06347236486599
H           -2.22609773505655       -0.03945430228679       -1.37045664660979
H           -3.48396753147206        1.80777501927650       -0.23588473987475
H           -1.76084725771942        2.14875725786922       -0.34502813106201
H           -2.45807119791242        1.61122929742524        1.18607318927731
H           -4.34349560618415       -0.50857735933990       -0.16267276274077
H           -3.44160608831098       -0.78770174254799        1.32773479418674
H           -3.24041685794409       -1.87969598430907       -0.04359845541975
26
 energy: -26.323894880642 gnorm: 0.000321657369 xtb: 6.7.1pre (5071a88)
C            4.13616577468039       -0.36139450029272        0.04460841624023
C            2.84023932487898        0.28345865419772       -0.43147581920685
C            1.61188381015267       -0.41965024564384        0.14090854845338
C            0.30843507299313        0.22089497753448       -0.33070424691369
C           -0.91158273024889       -0.47093466454001        0.27394847621973
C           -2.24924315817819        0.03618692012498       -0.27560372935387
C           -2.50454960001479        1.49218188343177        0.10732125111031
C           -3.38822082155657       -0.84203224096686        0.24060717314686
H            4.20511887457509       -0.32168983046945        1.12970159767527
H            4.99812668735703        0.15385109446469       -0.37316881117734
H            4.17788499651416       -1.40449471856532       -0.26183610797122
H            2.82660185627150        1.33398234204476       -0.13155960545056
H            2.79816835645150        0.25141427987264       -1.52274978226672
H            1.62796304196345       -1.47088227111494       -0.15724733122843
H            1.65498620386714       -0.38640167073753        1.23237227227487
H            0.31387138497461        1.27607801380827       -0.05204122662593
H            0.25272985486704        0.16485372904837       -1.42081584671605
H           -0.89913953965184       -0.34083732978807        1.35896142427497
H           -0.83737914477960       -1.54280832843318        0.07174158412512
H           -2.22369886332399       -0.03694284489456       -1.36905153226374
H           -3.48703202854214        1.80694706197054       -0.23823061609318
H           -1.76391412478369        2.15060141039317       -0.33852401082232
H           -2.46780302984627        1.61070325212518        1.18844804195295
H           -4.34179574722048       -0.51194618767572       -0.16573281064910
H           -3.44235280857838       -0.79088801356930        1.32624002202226
H           -3.23546264282184       -1.88025077232517       -0.04611733075693
26
 energy: -26.323896002735 gnorm: 0.000148891952 xtb: 6.7.1pre (5071a88)
C            4.13639449613472       -0.36254186212716        0.04450781577068
C            2.84084800667513        0.28257749512134       -0.43209336894303
C            1.61208945197274       -0.41924548692579        0.14109055556993
C            0.30883386392312        0.22093389153852       -0.33179189027543
C           -0.91119842174325       -0.46846505015144        0.27559913466379
C           -2.24913694268565        0.03732253076180       -0.27472146009912
C           -2.50682926749035        1.49270694570152        0.10840019318444
C           -3.38724620362121       -0.84313952197828        0.23956920409544
H            4.20541822421774       -0.32242830375178        1.12956690134282
H            4.99854777482844        0.15224193333311       -0.37339922895136
H            4.17801407855553       -1.40578389006783       -0.26144439736280
H            2.82788685529963        1.33343709915179       -0.13325970131066
H            2.79873246352384        0.24947493713293       -1.52335567063512
H            1.62776182178781       -1.47088181676834       -0.15566053945274
H            1.65504090621920       -0.38454302645536        1.23250429438196
H            0.31488911191032        1.27691481788199       -0.05642261253923
H            0.25261959365261        0.16154508622167       -1.42166076979239
H           -0.89798206658059       -0.33595547436725        1.36022890273652
H           -0.83768231144407       -1.54069667020848        0.07561278861662
H           -2.22232221777663       -0.03522695198175       -1.36823971139738
H           -3.48833198068469        1.80645776259809       -0.24078601144080
H           -1.76525329285000        2.15244862453939       -0.33390351495278
H           -2.47475309329959        1.61051135128387        1.18975660625021
H           -4.34081121118676       -0.51352370190459       -0.16704072007095
H           -3.44236053551660       -0.79331606261836        1.32519162012070
H           -3.23316810382144       -1.88082465595971       -0.04824841950932
26
 energy: -26.323896944822 gnorm: 0.000163386447 xtb: 6.7.1pre (5071a88)
C            4.13676909945290       -0.36320468107727        0.04384038491810
C            2.84108691803766        0.28178483851547       -0.43248739836631
C            1.61226848083214       -0.41864983841853        0.14238498316698
C            0.30912896353671        0.22086822640030       -0.33189042892658
C           -0.91102345738357       -0.46734729509114        0.27647033636563
C           -2.24893659147583        0.03806728149067       -0.27441476674154
C           -2.50845747831666        1.49295348123913        0.10900130120101
C           -3.38663241750789       -0.84355812760056        0.23867962525255
H            4.20638192031074       -0.32251693475742        1.12880196195858
H            4.99865433272292        0.15134494336607       -0.37482303676163
H            4.17818720011964       -1.40656710098144       -0.26161231940200
H            2.82886605700230        1.33301528472651       -0.13500378466683
H            2.79823379314971        0.24725856409862       -1.52366024531653
H            1.62762207935859       -1.47085638546832       -0.15229040438693
H            1.65532541774529       -0.38174409339651        1.23368482479626
H            0.31523123524235        1.27739142419499       -0.05882185627190
H            0.25316372484006        0.15904409586477       -1.42158659320305
H           -0.89761267897290       -0.33363875442901        1.36089247386180
H           -0.83802620005469       -1.53975781360046        0.07745203309527
H           -2.22130776342556       -0.03403531983735       -1.36796195871380
H           -3.48875809788860        1.80646367266613       -0.24361361524391
H           -1.76556660392490        2.15332865749598       -0.32993898050582
H           -2.48056534407548        1.60990396164441        1.19050942739582
H           -4.34025727735068       -0.51363390025713       -0.16736285303361
H           -3.44161783616856       -0.79521086841583        1.32432842043351
H           -3.23215647580571       -1.88070331837218       -0.05057753090506
