15
 energy: -20.986046316274 gnorm: 0.040605830353 xtb: 6.7.1pre (5071a88)
C            2.40990300000000       -0.37216300000000       -0.52598900000000
C            1.06490900000000        0.14676300000000       -0.21179000000000
C            0.55398000000000        1.41227500000000       -0.02157800000000
C           -0.82490800000000        1.24768500000000        0.25434400000000
C           -1.06886300000000       -0.10793400000000        0.21518700000000
O            0.07973100000000       -0.78279500000000       -0.06850100000000
C           -2.27710700000000       -0.93162600000000        0.41189900000000
H            2.39537300000000       -0.92791500000000       -1.46852700000000
H            2.75623600000000       -1.04294300000000        0.26619600000000
H            3.13303800000000        0.44356200000000       -0.62233000000000
H            1.10823400000000        2.33865000000000       -0.07543700000000
H           -1.55228900000000        2.02107700000000        0.45694700000000
H           -3.14704300000000       -0.30605900000000        0.63436000000000
H           -2.13516300000000       -1.62682000000000        1.24496900000000
H           -2.49602900000000       -1.51175500000000       -0.48975100000000
15
 energy: -20.987363801589 gnorm: 0.014011099069 xtb: 6.7.1pre (5071a88)
C            2.42285425636554       -0.36250693442347       -0.52804339461514
C            1.06604155452979        0.14405822147714       -0.21220459767387
C            0.55609198840213        1.39522368851674       -0.02314725289318
C           -0.82353694848536        1.23054496559188        0.25292223717509
C           -1.06942415457062       -0.11084101577928        0.21511129983294
O            0.07904355381993       -0.77604605802681       -0.06790990385337
C           -2.29169037043757       -0.92525651972759        0.41535435701357
H            2.41158344294291       -0.92108136231660       -1.46507826042572
H            2.76991822466503       -1.03530252486725        0.25748786785587
H            3.12781267565861        0.46213657379794       -0.62001057506055
H            1.10330800428604        2.31657540682270       -0.07587574296956
H           -1.54303899087796        2.00069501601432        0.45366982824268
H           -3.14568145099965       -0.28669797458951        0.63536109644104
H           -2.15247121602881       -1.62287818314233        1.24246266867979
H           -2.51080856927002       -1.50862129934786       -0.48010062774958
15
 energy: -20.987556172428 gnorm: 0.004293661805 xtb: 6.7.1pre (5071a88)
C            2.43036147489466       -0.35784598167155       -0.52929601569129
C            1.06504268422450        0.13650661674821       -0.21249743718453
C            0.55800490113903        1.38419979769927       -0.02427628169400
C           -0.82318496248745        1.21933456881607        0.25210548241491
C           -1.06692963520775       -0.11797557552915        0.21411899895198
O            0.07962381072327       -0.78174323055488       -0.06840851505827
C           -2.29995513756946       -0.92247812426351        0.41725760428219
H            2.42387902807659       -0.91449793495889       -1.46601781873289
H            2.78174480336949       -1.02856954193248        0.25429249873509
H            3.11780869903120        0.47851764735269       -0.61684288607527
H            1.10006576906308        2.30597917263764       -0.07590379690710
H           -1.53774202521344        1.99111819679548        0.45193266111330
H           -3.13921471436826       -0.26835091502913        0.63523279538325
H           -2.16581721984849       -1.61914973558610        1.24430459449901
H           -2.52368547582696       -1.50504296052367       -0.47600288403638
15
 energy: -20.987597177412 gnorm: 0.002238449635 xtb: 6.7.1pre (5071a88)
C            2.43441564073495       -0.35555951045974       -0.52998775894256
C            1.06450475242945        0.13016732659469       -0.21280584003842
C            0.55914476146695        1.37853926913663       -0.02488866239952
C           -0.82315810598935        1.21354118428922        0.25171550298647
C           -1.06512890444496       -0.12403562158891        0.21334232795702
O            0.08030351196089       -0.78841652522883       -0.06899252676796
C           -2.30437202686368       -0.92120277322877        0.41826098451086
H            2.43267678994872       -0.90992228832223       -1.46776563143493
H            2.79063026168173       -1.02402218066626        0.25296658263758
H            3.11201681970276        0.48833335784934       -0.61498695134799
H            1.09852076233111        2.30192177240009       -0.07585112438898
H           -1.53541746382400        1.98752275714264        0.45121031877070
H           -3.13553757404336       -0.25740502345427        0.63519375725928
H           -2.17532062253510       -1.61679712152990        1.24665870355365
H           -2.53327660255611       -1.50266262293368       -0.47407068235522
15
 energy: -20.987606512964 gnorm: 0.001204090649 xtb: 6.7.1pre (5071a88)
C            2.43633735086657       -0.35419204864066       -0.53029678172707
C            1.06448607183584        0.12619017087288       -0.21306569791604
C            0.55965458115945        1.37554748773459       -0.02519320374292
C           -0.82305353926068        1.21050106437040        0.25149215925062
C           -1.06431030743533       -0.12791275886529        0.21291480724861
O            0.08074644042852       -0.79276527186572       -0.06937313131523
C           -2.30652279126102       -0.92032141768897        0.41876686138700
H            2.43824908518807       -0.90700665569704       -1.46906235426022
H            2.79633374452309       -1.02114875767900        0.25230147585094
H            3.10929980314249        0.49356147755309       -0.61407486681671
H            1.09792349775955        2.29994519181143       -0.07585796994854
H           -1.53443665871297        1.98573456288317        0.45088773079233
H           -3.13393811145075       -0.25166172293584        0.63524179941494
H           -2.18133994228389       -1.61532276704501        1.24833959069560
H           -2.53942722449895       -1.50114655480800       -0.47302141891330
15
 energy: -20.987607666690 gnorm: 0.000323496193 xtb: 6.7.1pre (5071a88)
C            2.43668519814061       -0.35353140149742       -0.53032534794306
C            1.06470721797775        0.12484418753832       -0.21320099398501
C            0.55966881946240        1.37452411885287       -0.02526397606977
C           -0.82286148474914        1.20949897756597        0.25138567912510
C           -1.06425527593735       -0.12927852952803        0.21281276632726
O            0.08088629591112       -0.79413849093367       -0.06949332016411
C           -2.30699527197219       -0.91975871530441        0.41890253622627
H            2.44033231638054       -0.90588967718993       -1.46948554030492
H            2.79844204271864       -1.02004025852315        0.25200000173153
H            3.10869927579967        0.49517958806839       -0.61384241945459
H            1.09800297057482        2.29901297608773       -0.07593622071272
H           -1.53432656543245        1.98480606084583        0.45080314387505
H           -3.13367770130829       -0.24994084509767        0.63530157274901
H           -2.18359671491920       -1.61473499150974        1.24891194245212
H           -2.54170912264694       -1.50055099937506       -0.47257082385216
15
 energy: -20.987607802019 gnorm: 0.000079627921 xtb: 6.7.1pre (5071a88)
C            2.43659844319522       -0.35345107602985       -0.53030196582999
C            1.06476502261156        0.12499630859451       -0.21320294373070
C            0.55958350762092        1.37452835480718       -0.02524604045732
C           -0.82277907250711        1.20952321853429        0.25137023982026
C           -1.06434230541142       -0.12914369683986        0.21283983429997
O            0.08086282740568       -0.79390816010065       -0.06947315639219
C           -2.30692677355780       -0.91965986180905        0.41889482858999
H            2.44025456627302       -0.90594158958334       -1.46939455242588
H            2.79833309923005       -1.02008249786284        0.25194147339484
H            3.10876661666311        0.49515944538006       -0.61385759507733
H            1.09821650957979        2.29877164118968       -0.07599681185379
H           -1.53448640167841        1.98452014535071        0.45081758034699
H           -3.13373936995405       -0.24997636088002        0.63531190210922
H           -2.18351174767487       -1.61475386854562        1.24881474966285
H           -2.54159292179571       -1.50058000220520       -0.47251854245692
