18
 energy: -18.985940379511 gnorm: 0.012719063539 xtb: 6.7.1pre (5071a88)
C           -0.70589900000000       -1.12949000000000       -0.63461100000000
C            0.56011700000000       -1.35185700000000        0.18846800000000
C            1.45928600000000       -0.11850300000000        0.18225000000000
C            0.70590000000000        1.12948900000000        0.63461100000000
C           -0.56011700000000        1.35185600000000       -0.18846700000000
C           -1.45928500000000        0.11850300000000       -0.18225200000000
H           -0.43888300000000       -1.02985700000000       -1.69394100000000
H           -1.35903200000000       -2.00537100000000       -0.55078600000000
H            1.11124000000000       -2.21222200000000       -0.20752700000000
H            0.28457000000000       -1.59658400000000        1.22170900000000
H            1.85291000000000        0.04025200000000       -0.82931500000000
H            2.32117500000000       -0.28697600000000        0.83764400000000
H            1.35902900000000        2.00537100000000        0.55078800000000
H            0.43888300000000        1.02985600000000        1.69394200000000
H           -0.28457600000000        1.59658600000000       -1.22170900000000
H           -1.11123800000000        2.21222000000000        0.20753200000000
H           -2.32117000000000        0.28697900000000       -0.83764800000000
H           -1.85291000000000       -0.04025200000000        0.82931100000000
18
 energy: -18.986471908757 gnorm: 0.005283714754 xtb: 6.7.1pre (5071a88)
C           -0.70012604840579       -1.12301989847713       -0.64039772442139
C            0.55499905396066       -1.34718931372894        0.19625799837988
C            1.45533949960071       -0.11657206125475        0.17279747984819
C            0.70012691116882        1.12301974831354        0.64039719540975
C           -0.55499937527598        1.34718949624557       -0.19625696070425
C           -1.45533951264576        0.11657203767336       -0.17279842042270
H           -0.42212958891628       -1.00651943871824       -1.69264695018606
H           -1.35126746709246       -1.99830627837306       -0.56505837500038
H            1.10404141105707       -2.20971817652488       -0.19153523073451
H            0.27060769761641       -1.57251230002631        1.22894078420252
H            1.82829363025570        0.04426813783055       -0.84362718389339
H            2.32058845189818       -0.28381315824700        0.82022478283069
H            1.35126759703128        1.99830616453017        0.56505871096983
H            0.42213028305098        1.00651818048362        1.69264665748929
H           -0.27060901045779        1.57251529672894       -1.22893954346442
H           -1.10404136974418        2.20971753196438        0.19153867240802
H           -2.32058638226013        0.28381309896569       -0.82022782610001
H           -1.82829578084142       -0.04426906738552        0.84362493338894
18
 energy: -18.986694656319 gnorm: 0.001297335246 xtb: 6.7.1pre (5071a88)
C           -0.69670066018287       -1.11945978343241       -0.64493744299711
C            0.55190685471008       -1.34506223128336        0.20182074612399
C            1.45380192801447       -0.11532834663673        0.16638477905301
C            0.69670083043737        1.11945952566365        0.64493760024660
C           -0.55190687491129        1.34506267466860       -0.20182027712535
C           -1.45380211791525        0.11532842104351       -0.16638549408831
H           -0.40569898233552       -0.98302215394104       -1.68895136522508
H           -1.34555029530474       -1.99614692970801       -0.58763773279261
H            1.09814665586804       -2.21489658025151       -0.16950042625815
H            0.25702922300690       -1.54749397099524        1.23396921124141
H            1.80238821687593        0.04799696040228       -0.85590392434013
H            2.32893913888567       -0.28042286659245        0.79864082243672
H            1.34555113253595        1.99614653424420        0.58763759365279
H            0.40569990652214        0.98302111660005        1.68895141606057
H           -0.25702841607749        1.54749575772049       -1.23396838923409
H           -1.09814739985041        2.21489639782586        0.16950179388148
H           -2.32893899690740        0.28042251521977       -0.79864284826098
H           -1.80239014337155       -0.04799704054764        0.85590293762524
18
 energy: -18.986714011639 gnorm: 0.001138790517 xtb: 6.7.1pre (5071a88)
C           -0.69543857493509       -1.11830794171368       -0.64724387949994
C            0.55073722651367       -1.34464834679175        0.20440864539268
C            1.45369794954172       -0.11481502204096        0.16356306409168
C            0.69543866723477        1.11830780545102        0.64724395105575
C           -0.55073716358207        1.34464829277377       -0.20440839245359
C           -1.45369787059551        0.11481492980987       -0.16356354105771
H           -0.39997679464791       -0.97522190550338       -1.68918415092402
H           -1.34333403227501       -1.99637302604585       -0.60060899455268
H            1.09565483043818       -2.21936019660090       -0.15737281418735
H            0.25222466144204       -1.53966499924993        1.23701199768626
H            1.79447285713119        0.04942935267282       -0.86128174674820
H            2.33524831551626       -0.27873847813413        0.78721346676232
H            1.34333404788195        1.99637308951979        0.60060892725001
H            0.39997717909057        0.97522171116698        1.68918414751930
H           -0.25222464696856        1.53966542725213       -1.23701161317781
H           -1.09565505945041        2.21935981436549        0.15737342127408
H           -2.33524785887645        0.27873869413112       -0.78721457950788
H           -1.79447373345933       -0.04942920106241        0.86128109107710
18
 energy: -18.986715813524 gnorm: 0.000154454447 xtb: 6.7.1pre (5071a88)
C           -0.69581094375662       -1.11861297364104       -0.64642594225473
C            0.55108877237085       -1.34468996387262        0.20352794254871
C            1.45362817780409       -0.11497841151629        0.16449547392152
C            0.69581100975013        1.11861291081210        0.64642587804433
C           -0.55108877375656        1.34469000768100       -0.20352788295892
C           -1.45362815253933        0.11497839258031       -0.16449576108153
H           -0.40138658670616       -0.97714124374348       -1.68911870330521
H           -1.34390292113934       -1.99655573452595       -0.59823433561620
H            1.09624721358287       -2.21876975304056       -0.15967434325349
H            0.25340808390467       -1.54158825930714        1.23625511401863
H            1.79641664929996        0.04907611808213       -0.85995086807071
H            2.33432345121652       -0.27908682921733        0.78945416280330
H            1.34390298218402        1.99655566309833        0.59823433867341
H            0.40138675089376        0.97714100363464        1.68911865523133
H           -0.25340818940848        1.54158872060867       -1.23625500894370
H           -1.09624724847363        2.21876962945597        0.15967475313271
H           -2.33432309758828        0.27908688891669       -0.78945487101613
H           -1.79641717763849       -0.04907616600544        0.85995039812668
18
 energy: -18.986715862819 gnorm: 0.000074903999 xtb: 6.7.1pre (5071a88)
C           -0.69571388075617       -1.11850164493340       -0.64651311876533
C            0.55100346668839       -1.34460592793961        0.20365032744669
C            1.45355481453328       -0.11494695127132        0.16434390662502
C            0.69571393534473        1.11850159943219        0.64651304313924
C           -0.55100345826210        1.34460593977032       -0.20365032883127
C           -1.45355481264597        0.11494695318406       -0.16434416485435
H           -0.40130389601181       -0.97706931400208       -1.68928405392950
H           -1.34381339125969       -1.99642599661259       -0.59820743173264
H            1.09617389951573       -2.21862978650549       -0.15965269168087
H            0.25333089728098       -1.54156974230815        1.23643677879273
H            1.79642059001279        0.04911092876640       -0.86014603461837
H            2.33417762967931       -0.27906735125233        0.78939232525416
H            1.34381341746182        1.99642596493232        0.59820741660727
H            0.40130399535434        0.97706916945983        1.68928398292849
H           -0.25333096257226        1.54156997681247       -1.23643676810697
H           -1.09617393533493        2.21862969377004        0.15965289422332
H           -2.33417748833413        0.27906740607713       -0.78939278764197
H           -1.79642082069431       -0.04911091737979        0.86014570514436
